Component: ARM Compiler 5.06 update 7 (build 960) Tool: armlink [4d3601]

==============================================================================

Section Cross References

    startup_stm32f103xe.o(RESET) refers to startup_stm32f103xe.o(STACK) for __initial_sp
    startup_stm32f103xe.o(RESET) refers to startup_stm32f103xe.o(.text) for Reset_Handler
    startup_stm32f103xe.o(RESET) refers to stm32f1xx_it.o(i.NMI_Handler) for NMI_Handler
    startup_stm32f103xe.o(RESET) refers to stm32f1xx_it.o(i.HardFault_Handler) for HardFault_Handler
    startup_stm32f103xe.o(RESET) refers to stm32f1xx_it.o(i.MemManage_Handler) for MemManage_Handler
    startup_stm32f103xe.o(RESET) refers to stm32f1xx_it.o(i.BusFault_Handler) for BusFault_Handler
    startup_stm32f103xe.o(RESET) refers to stm32f1xx_it.o(i.UsageFault_Handler) for UsageFault_Handler
    startup_stm32f103xe.o(RESET) refers to stm32f1xx_it.o(i.SVC_Handler) for SVC_Handler
    startup_stm32f103xe.o(RESET) refers to stm32f1xx_it.o(i.DebugMon_Handler) for DebugMon_Handler
    startup_stm32f103xe.o(RESET) refers to stm32f1xx_it.o(i.PendSV_Handler) for PendSV_Handler
    startup_stm32f103xe.o(RESET) refers to stm32f1xx_it.o(i.SysTick_Handler) for SysTick_Handler
    startup_stm32f103xe.o(RESET) refers to stm32f1xx_it.o(i.EXTI4_IRQHandler) for EXTI4_IRQHandler
    startup_stm32f103xe.o(RESET) refers to stm32f1xx_it.o(i.DMA1_Channel1_IRQHandler) for DMA1_Channel1_IRQHandler
    startup_stm32f103xe.o(RESET) refers to stm32f1xx_it.o(i.ADC1_2_IRQHandler) for ADC1_2_IRQHandler
    startup_stm32f103xe.o(RESET) refers to stm32f1xx_it.o(i.USART1_IRQHandler) for USART1_IRQHandler
    startup_stm32f103xe.o(RESET) refers to stm32f1xx_it.o(i.USART2_IRQHandler) for USART2_IRQHandler
    startup_stm32f103xe.o(RESET) refers to stm32f1xx_it.o(i.USART3_IRQHandler) for USART3_IRQHandler
    startup_stm32f103xe.o(RESET) refers to stm32f1xx_it.o(i.UART4_IRQHandler) for UART4_IRQHandler
    startup_stm32f103xe.o(.text) refers to system_stm32f1xx.o(i.SystemInit) for SystemInit
    startup_stm32f103xe.o(.text) refers to entry.o(.ARM.Collect$$$$00000000) for __main
    main.o(i.MX_ADC1_Init) refers to stm32f1xx_hal_adc.o(i.HAL_ADC_Init) for HAL_ADC_Init
    main.o(i.MX_ADC1_Init) refers to main.o(i.Error_Handler) for Error_Handler
    main.o(i.MX_ADC1_Init) refers to stm32f1xx_hal_adc.o(i.HAL_ADC_ConfigChannel) for HAL_ADC_ConfigChannel
    main.o(i.MX_ADC1_Init) refers to stm32f1xx_hal_adc_ex.o(i.HAL_ADCEx_Calibration_Start) for HAL_ADCEx_Calibration_Start
    main.o(i.MX_ADC1_Init) refers to stm32f1xx_hal_adc.o(i.HAL_ADC_GetState) for HAL_ADC_GetState
    main.o(i.MX_ADC1_Init) refers to stm32f1xx_hal_adc.o(i.HAL_ADC_Start_DMA) for HAL_ADC_Start_DMA
    main.o(i.MX_ADC1_Init) refers to main.o(.bss) for hadc1
    main.o(i.MX_CRC_Init) refers to stm32f1xx_hal_crc.o(i.HAL_CRC_Init) for HAL_CRC_Init
    main.o(i.MX_CRC_Init) refers to main.o(i.Error_Handler) for Error_Handler
    main.o(i.MX_CRC_Init) refers to main.o(.data) for hcrc
    main.o(i.MX_DMA_Init) refers to stm32f1xx_hal_cortex.o(i.HAL_NVIC_SetPriority) for HAL_NVIC_SetPriority
    main.o(i.MX_DMA_Init) refers to stm32f1xx_hal_cortex.o(i.HAL_NVIC_EnableIRQ) for HAL_NVIC_EnableIRQ
    main.o(i.MX_FSMC_Init) refers to memseta.o(.text) for __aeabi_memclr4
    main.o(i.MX_FSMC_Init) refers to stm32f1xx_hal_nor.o(i.HAL_NOR_Init) for HAL_NOR_Init
    main.o(i.MX_FSMC_Init) refers to main.o(i.Error_Handler) for Error_Handler
    main.o(i.MX_FSMC_Init) refers to main.o(.bss) for hnor1
    main.o(i.MX_GPIO_Init) refers to stm32f1xx_hal_gpio.o(i.HAL_GPIO_WritePin) for HAL_GPIO_WritePin
    main.o(i.MX_GPIO_Init) refers to stm32f1xx_hal_gpio.o(i.HAL_GPIO_Init) for HAL_GPIO_Init
    main.o(i.MX_GPIO_Init) refers to stm32f1xx_hal_cortex.o(i.HAL_NVIC_SetPriority) for HAL_NVIC_SetPriority
    main.o(i.MX_GPIO_Init) refers to stm32f1xx_hal_cortex.o(i.HAL_NVIC_EnableIRQ) for HAL_NVIC_EnableIRQ
    main.o(i.MX_IWDG_Init) refers to stm32f1xx_hal_iwdg.o(i.HAL_IWDG_Init) for HAL_IWDG_Init
    main.o(i.MX_IWDG_Init) refers to main.o(i.Error_Handler) for Error_Handler
    main.o(i.MX_IWDG_Init) refers to stm32f1xx_hal_iwdg.o(i.HAL_IWDG_Refresh) for HAL_IWDG_Refresh
    main.o(i.MX_IWDG_Init) refers to main.o(.bss) for hiwdg
    main.o(i.MX_SPI2_Init) refers to stm32f1xx_hal_spi.o(i.HAL_SPI_Init) for HAL_SPI_Init
    main.o(i.MX_SPI2_Init) refers to main.o(i.Error_Handler) for Error_Handler
    main.o(i.MX_SPI2_Init) refers to main.o(.bss) for hspi2
    main.o(i.MX_TIM4_Init) refers to memseta.o(.text) for __aeabi_memclr4
    main.o(i.MX_TIM4_Init) refers to stm32f1xx_hal_tim.o(i.HAL_TIM_Base_Init) for HAL_TIM_Base_Init
    main.o(i.MX_TIM4_Init) refers to main.o(i.Error_Handler) for Error_Handler
    main.o(i.MX_TIM4_Init) refers to stm32f1xx_hal_tim.o(i.HAL_TIM_ConfigClockSource) for HAL_TIM_ConfigClockSource
    main.o(i.MX_TIM4_Init) refers to stm32f1xx_hal_tim.o(i.HAL_TIM_PWM_Init) for HAL_TIM_PWM_Init
[...]
    __main                                   0x08000131   Thumb Code     0  entry.o(.ARM.Collect$$$$00000000)
    _main_stk                                0x08000131   Thumb Code     0  entry2.o(.ARM.Collect$$$$00000001)
    _main_scatterload                        0x08000135   Thumb Code     0  entry5.o(.ARM.Collect$$$$00000004)
    __main_after_scatterload                 0x08000139   Thumb Code     0  entry5.o(.ARM.Collect$$$$00000004)
    _main_clock                              0x08000139   Thumb Code     0  entry7b.o(.ARM.Collect$$$$00000008)
    _main_cpp_init                           0x08000139   Thumb Code     0  entry8b.o(.ARM.Collect$$$$0000000A)
    _main_init                               0x08000139   Thumb Code     0  entry9a.o(.ARM.Collect$$$$0000000B)
    __rt_lib_shutdown_fini                   0x08000141   Thumb Code     0  entry12b.o(.ARM.Collect$$$$0000000E)
    __rt_final_cpp                           0x08000145   Thumb Code     0  entry10a.o(.ARM.Collect$$$$0000000F)
    __rt_final_exit                          0x08000145   Thumb Code     0  entry11a.o(.ARM.Collect$$$$00000011)
    Reset_Handler                            0x08000149   Thumb Code     8  startup_stm32f103xe.o(.text)
    ADC3_IRQHandler                          0x08000163   Thumb Code     0  startup_stm32f103xe.o(.text)
    CAN1_RX1_IRQHandler                      0x08000163   Thumb Code     0  startup_stm32f103xe.o(.text)
    CAN1_SCE_IRQHandler                      0x08000163   Thumb Code     0  startup_stm32f103xe.o(.text)
    DMA1_Channel2_IRQHandler                 0x08000163   Thumb Code     0  startup_stm32f103xe.o(.text)
    DMA1_Channel3_IRQHandler                 0x08000163   Thumb Code     0  startup_stm32f103xe.o(.text)
    DMA1_Channel4_IRQHandler                 0x08000163   Thumb Code     0  startup_stm32f103xe.o(.text)
    DMA1_Channel5_IRQHandler                 0x08000163   Thumb Code     0  startup_stm32f103xe.o(.text)
    DMA1_Channel6_IRQHandler                 0x08000163   Thumb Code     0  startup_stm32f103xe.o(.text)
    DMA1_Channel7_IRQHandler                 0x08000163   Thumb Code     0  startup_stm32f103xe.o(.text)
    DMA2_Channel1_IRQHandler                 0x08000163   Thumb Code     0  startup_stm32f103xe.o(.text)
    DMA2_Channel2_IRQHandler                 0x08000163   Thumb Code     0  startup_stm32f103xe.o(.text)
    DMA2_Channel3_IRQHandler                 0x08000163   Thumb Code     0  startup_stm32f103xe.o(.text)
    DMA2_Channel4_5_IRQHandler               0x08000163   Thumb Code     0  startup_stm32f103xe.o(.text)
    EXTI0_IRQHandler                         0x08000163   Thumb Code     0  startup_stm32f103xe.o(.text)
    EXTI15_10_IRQHandler                     0x08000163   Thumb Code     0  startup_stm32f103xe.o(.text)
    EXTI1_IRQHandler                         0x08000163   Thumb Code     0  startup_stm32f103xe.o(.text)
    EXTI2_IRQHandler                         0x08000163   Thumb Code     0  startup_stm32f103xe.o(.text)
    EXTI3_IRQHandler                         0x08000163   Thumb Code     0  startup_stm32f103xe.o(.text)
    EXTI9_5_IRQHandler                       0x08000163   Thumb Code     0  startup_stm32f103xe.o(.text)
    FLASH_IRQHandler                         0x08000163   Thumb Code     0  startup_stm32f103xe.o(.text)
    FSMC_IRQHandler                          0x08000163   Thumb Code     0  startup_stm32f103xe.o(.text)
    I2C1_ER_IRQHandler                       0x08000163   Thumb Code     0  startup_stm32f103xe.o(.text)
    I2C1_EV_IRQHandler                       0x08000163   Thumb Code     0  startup_stm32f103xe.o(.text)
    I2C2_ER_IRQHandler                       0x08000163   Thumb Code     0  startup_stm32f103xe.o(.text)
    I2C2_EV_IRQHandler                       0x08000163   Thumb Code     0  startup_stm32f103xe.o(.text)
    PVD_IRQHandler                           0x08000163   Thumb Code     0  startup_stm32f103xe.o(.text)
    RCC_IRQHandler                           0x08000163   Thumb Code     0  startup_stm32f103xe.o(.text)
    RTC_Alarm_IRQHandler                     0x08000163   Thumb Code     0  startup_stm32f103xe.o(.text)
    RTC_IRQHandler                           0x08000163   Thumb Code     0  startup_stm32f103xe.o(.text)
    SDIO_IRQHandler                          0x08000163   Thumb Code     0  startup_stm32f103xe.o(.text)
    SPI1_IRQHandler                          0x08000163   Thumb Code     0  startup_stm32f103xe.o(.text)
    SPI2_IRQHandler                          0x08000163   Thumb Code     0  startup_stm32f103xe.o(.text)
    SPI3_IRQHandler                          0x08000163   Thumb Code     0  startup_stm32f103xe.o(.text)
    TAMPER_IRQHandler                        0x08000163   Thumb Code     0  startup_stm32f103xe.o(.text)
    TIM1_BRK_IRQHandler                      0x08000163   Thumb Code     0  startup_stm32f103xe.o(.text)
    TIM1_CC_IRQHandler                       0x08000163   Thumb Code     0  startup_stm32f103xe.o(.text)
    TIM1_TRG_COM_IRQHandler                  0x08000163   Thumb Code     0  startup_stm32f103xe.o(.text)
    TIM1_UP_IRQHandler                       0x08000163   Thumb Code     0  startup_stm32f103xe.o(.text)
    TIM2_IRQHandler                          0x08000163   Thumb Code     0  startup_stm32f103xe.o(.text)
    TIM3_IRQHandler                          0x08000163   Thumb Code     0  startup_stm32f103xe.o(.text)
    TIM4_IRQHandler                          0x08000163   Thumb Code     0  startup_stm32f103xe.o(.text)
    TIM5_IRQHandler                          0x08000163   Thumb Code     0  startup_stm32f103xe.o(.text)
    TIM6_IRQHandler                          0x08000163   Thumb Code     0  startup_stm32f103xe.o(.text)
    TIM7_IRQHandler                          0x08000163   Thumb Code     0  startup_stm32f103xe.o(.text)
    TIM8_BRK_IRQHandler                      0x08000163   Thumb Code     0  startup_stm32f103xe.o(.text)
    TIM8_CC_IRQHandler                       0x08000163   Thumb Code     0  startup_stm32f103xe.o(.text)
    TIM8_TRG_COM_IRQHandler                  0x08000163   Thumb Code     0  startup_stm32f103xe.o(.text)
    TIM8_UP_IRQHandler                       0x08000163   Thumb Code     0  startup_stm32f103xe.o(.text)
    UART5_IRQHandler                         0x08000163   Thumb Code     0  startup_stm32f103xe.o(.text)
    USBWakeUp_IRQHandler                     0x08000163   Thumb Code     0  startup_stm32f103xe.o(.text)
    USB_HP_CAN1_TX_IRQHandler                0x08000163   Thumb Code     0  startup_stm32f103xe.o(.text)
    USB_LP_CAN1_RX0_IRQHandler               0x08000163   Thumb Code     0  startup_stm32f103xe.o(.text)
    WWDG_IRQHandler                          0x08000163   Thumb Code     0  startup_stm32f103xe.o(.text)
    __aeabi_llsr                             0x0800016d   Thumb Code    32  llushr.o(.text)
    _ll_ushift_r                             0x0800016d   Thumb Code     0  llushr.o(.text)
    toupper                                  0x0800018d   Thumb Code    12  toupper.o(.text)
    __aeabi_memcpy                           0x08000199   Thumb Code    36  memcpya.o(.text)
    __aeabi_memcpy4                          0x08000199   Thumb Code     0  memcpya.o(.text)
    __aeabi_memcpy8                          0x08000199   Thumb Code     0  memcpya.o(.text)
    __aeabi_memset                           0x080001bd   Thumb Code    14  memseta.o(.text)
    __aeabi_memset4                          0x080001bd   Thumb Code     0  memseta.o(.text)
    __aeabi_memset8                          0x080001bd   Thumb Code     0  memseta.o(.text)
    __aeabi_memclr                           0x080001cb   Thumb Code     4  memseta.o(.text)
    __aeabi_memclr4                          0x080001cb   Thumb Code     0  memseta.o(.text)
    __aeabi_memclr8                          0x080001cb   Thumb Code     0  memseta.o(.text)
    _memset$wrapper                          0x080001cf   Thumb Code    18  memseta.o(.text)
    strstr                                   0x080001e1   Thumb Code    36  strstr.o(.text)
    strncpy                                  0x08000205   Thumb Code    24  strncpy.o(.text)
    strlen                                   0x0800021d   Thumb Code    14  strlen.o(.text)
    strcmp                                   0x0800022b   Thumb Code    28  strcmp.o(.text)
    strcpy                                   0x08000247   Thumb Code    18  strcpy.o(.text)
    strtok                                   0x08000259   Thumb Code    62  strtok.o(.text)
    strtoul                                  0x0800029d   Thumb Code   114  strtoul.o(.text)
    atoi                                     0x0800030f   Thumb Code    26  atoi.o(.text)
    __aeabi_dadd                             0x08000329   Thumb Code   322  dadd.o(.text)
    __aeabi_dsub                             0x0800046b   Thumb Code     6  dadd.o(.text)
    __aeabi_drsub                            0x08000471   Thumb Code     6  dadd.o(.text)
    __aeabi_dmul                             0x08000477   Thumb Code   228  dmul.o(.text)
    __aeabi_ddiv                             0x0800055b   Thumb Code   222  ddiv.o(.text)
    __aeabi_uidiv                            0x08000639   Thumb Code     0  uidiv.o(.text)
    __aeabi_uidivmod                         0x08000639   Thumb Code    44  uidiv.o(.text)
    __aeabi_uldivmod                         0x08000665   Thumb Code    98  uldiv.o(.text)
    __aeabi_llsl                             0x080006c7   Thumb Code    30  llshl.o(.text)
    _ll_shift_l                              0x080006c7   Thumb Code     0  llshl.o(.text)
    __aeabi_lasr                             0x080006e5   Thumb Code    36  llsshr.o(.text)
    _ll_sshift_r                             0x080006e5   Thumb Code     0  llsshr.o(.text)
    __rt_ctype_table                         0x08000709   Thumb Code     4  ctype_o.o(.text)
    _strtoul                                 0x08000711   Thumb Code   158  _strtoul.o(.text)
    strtol                                   0x080007af   Thumb Code   112  strtol.o(.text)
    __I$use$fp                               0x0800081f   Thumb Code     0  iusefp.o(.text)
    _double_round                            0x0800081f   Thumb Code    30  depilogue.o(.text)
    _double_epilogue                         0x0800083d   Thumb Code   156  depilogue.o(.text)
    __aeabi_d2ulz                            0x080008d9   Thumb Code    48  dfixul.o(.text)
    __aeabi_cdrcmple                         0x08000909   Thumb Code    48  cdrcmple.o(.text)
    __scatterload                            0x08000939   Thumb Code    28  init.o(.text)
    __scatterload_rt2                        0x08000939   Thumb Code     0  init.o(.text)
    _chval                                   0x0800095d   Thumb Code    28  _chval.o(.text)
    __decompress                             0x08000979   Thumb Code     0  __dczerorl2.o(.text)
    __decompress1                            0x08000979   Thumb Code    86  __dczerorl2.o(.text)
    ADC1_2_IRQHandler                        0x080009d1   Thumb Code    10  stm32f1xx_it.o(i.ADC1_2_IRQHandler)
    ADC_ConversionStop_Disable               0x080009e1   Thumb Code    92  stm32f1xx_hal_adc.o(i.ADC_ConversionStop_Disable)
    ADC_DMAConvCplt                          0x08000a3d   Thumb Code    82  stm32f1xx_hal_adc.o(i.ADC_DMAConvCplt)
    ADC_DMAError                             0x08000a8f   Thumb Code    30  stm32f1xx_hal_adc.o(i.ADC_DMAError)
    ADC_DMAHalfConvCplt                      0x08000aad   Thumb Code    14  stm32f1xx_hal_adc.o(i.ADC_DMAHalfConvCplt)
    ADC_Enable                               0x08000abd   Thumb Code   134  stm32f1xx_hal_adc.o(i.ADC_Enable)
    BusFault_Handler                         0x08000b4d   Thumb Code     4  stm32f1xx_it.o(i.BusFault_Handler)
    Buzzer_Sequence                          0x08000b51   Thumb Code   194  buzzer.o(i.Buzzer_Sequence)
    Buzzer_Stop                              0x08000c31   Thumb Code    12  buzzer.o(i.Buzzer_Stop)
    Connect_Tcp_Server                       0x08000c41   Thumb Code   276  wifi.o(i.Connect_Tcp_Server)
    DMA1_Channel1_IRQHandler                 0x08000dc1   Thumb Code    10  stm32f1xx_it.o(i.DMA1_Channel1_IRQHandler)
    DebugMon_Handler                         0x08000dfd   Thumb Code     2  stm32f1xx_it.o(i.DebugMon_Handler)
    Debug_proc                               0x08000e01   Thumb Code    28  debug.o(i.Debug_proc)
    Disp_Segment                             0x08000e25   Thumb Code     2  repeater.o(i.Disp_Segment)
    Disp_Version                             0x08000e27   Thumb Code    56  repeater.o(i.Disp_Version)
    EXTI4_IRQHandler                         0x08000e5f   Thumb Code    10  stm32f1xx_it.o(i.EXTI4_IRQHandler)
    Error_Handler                            0x08000e69   Thumb Code     2  main.o(i.Error_Handler)
    Ether_UserCommand_Proc                   0x08000e6d   Thumb Code   144  w5100s_proc.o(i.Ether_UserCommand_Proc)
    Ethernet_Proc                            0x08000f2d   Thumb Code    66  w5100s_proc.o(i.Ethernet_Proc)
    FLASH_PageErase                          0x08000fcd   Thumb Code    32  stm32f1xx_hal_flash_ex.o(i.FLASH_PageErase)
    FLASH_WaitForLastOperation               0x08001099   Thumb Code   106  stm32f1xx_hal_flash.o(i.FLASH_WaitForLastOperation)
    FSMC_NORSRAM_Extended_Timing_Init        0x08001109   Thumb Code    62  stm32f1xx_ll_fsmc.o(i.FSMC_NORSRAM_Extended_Timing_Init)
    FSMC_NORSRAM_Init                        0x0800114d   Thumb Code   116  stm32f1xx_ll_fsmc.o(i.FSMC_NORSRAM_Init)
    FSMC_NORSRAM_Timing_Init                 0x080011c5   Thumb Code    66  stm32f1xx_ll_fsmc.o(i.FSMC_NORSRAM_Timing_Init)
    FlashRom_Init                            0x08001209   Thumb Code   516  flashrom.o(i.FlashRom_Init)
    FlashRom_WriteData                       0x08001475   Thumb Code   220  flashrom.o(i.FlashRom_WriteData)
    GetLine_Proc                             0x08001595   Thumb Code   206  debug.o(i.GetLine_Proc)
    Get_Signal_Strength                      0x08001679   Thumb Code   210  wifi.o(i.Get_Signal_Strength)
    HAL_ADCEx_Calibration_Start              0x0800177d   Thumb Code   276  stm32f1xx_hal_adc_ex.o(i.HAL_ADCEx_Calibration_Start)
    HAL_ADCEx_InjectedConvCpltCallback       0x08001895   Thumb Code     2  stm32f1xx_hal_adc_ex.o(i.HAL_ADCEx_InjectedConvCpltCallback)
    HAL_ADC_ConfigChannel                    0x08001899   Thumb Code   338  stm32f1xx_hal_adc.o(i.HAL_ADC_ConfigChannel)
    HAL_ADC_ConvCpltCallback                 0x080019f9   Thumb Code     2  stm32f1xx_hal_adc.o(i.HAL_ADC_ConvCpltCallback)
    HAL_ADC_ConvHalfCpltCallback             0x080019fb   Thumb Code     2  stm32f1xx_hal_adc.o(i.HAL_ADC_ConvHalfCpltCallback)
    HAL_ADC_ErrorCallback                    0x080019fd   Thumb Code     2  stm32f1xx_hal_adc.o(i.HAL_ADC_ErrorCallback)
    HAL_ADC_GetState                         0x080019ff   Thumb Code     6  stm32f1xx_hal_adc.o(i.HAL_ADC_GetState)
    HAL_ADC_IRQHandler                       0x08001a05   Thumb Code   290  stm32f1xx_hal_adc.o(i.HAL_ADC_IRQHandler)
    HAL_ADC_Init                             0x08001b29   Thumb Code   340  stm32f1xx_hal_adc.o(i.HAL_ADC_Init)
    HAL_ADC_LevelOutOfWindowCallback         0x08001c89   Thumb Code     2  stm32f1xx_hal_adc.o(i.HAL_ADC_LevelOutOfWindowCallback)
    HAL_ADC_MspInit                          0x08001c8d   Thumb Code   114  stm32f1xx_hal_msp.o(i.HAL_ADC_MspInit)
    HAL_ADC_Start_DMA                        0x08001d11   Thumb Code   362  stm32f1xx_hal_adc.o(i.HAL_ADC_Start_DMA)
    HAL_CRC_Accumulate                       0x08001e91   Thumb Code    40  stm32f1xx_hal_crc.o(i.HAL_CRC_Accumulate)
    HAL_CRC_Init                             0x08001eb9   Thumb Code    32  stm32f1xx_hal_crc.o(i.HAL_CRC_Init)
    HAL_CRC_MspInit                          0x08001ed9   Thumb Code    40  stm32f1xx_hal_msp.o(i.HAL_CRC_MspInit)
    HAL_DMA_IRQHandler                       0x08001f09   Thumb Code   910  stm32f1xx_hal_dma.o(i.HAL_DMA_IRQHandler)
    HAL_DMA_Init                             0x080022a1   Thumb Code   132  stm32f1xx_hal_dma.o(i.HAL_DMA_Init)
    HAL_DMA_Start_IT                         0x0800232d   Thumb Code   156  stm32f1xx_hal_dma.o(i.HAL_DMA_Start_IT)
    HAL_Delay                                0x080023c9   Thumb Code    36  stm32f1xx_hal.o(i.HAL_Delay)
    HAL_FLASHEx_Erase                        0x080023f1   Thumb Code   168  stm32f1xx_hal_flash_ex.o(i.HAL_FLASHEx_Erase)
    HAL_FLASH_Lock                           0x080024a1   Thumb Code    16  stm32f1xx_hal_flash.o(i.HAL_FLASH_Lock)
    HAL_FLASH_Program                        0x080024b5   Thumb Code   168  stm32f1xx_hal_flash.o(i.HAL_FLASH_Program)
    HAL_FLASH_Unlock                         0x08002565   Thumb Code    36  stm32f1xx_hal_flash.o(i.HAL_FLASH_Unlock)
    HAL_GPIO_EXTI_Callback                   0x08002629   Thumb Code    34  repeater.o(i.HAL_GPIO_EXTI_Callback)
    HAL_GPIO_EXTI_IRQHandler                 0x08002659   Thumb Code    24  stm32f1xx_hal_gpio.o(i.HAL_GPIO_EXTI_IRQHandler)
    HAL_GPIO_Init                            0x08002675   Thumb Code   792  stm32f1xx_hal_gpio.o(i.HAL_GPIO_Init)
    HAL_GPIO_ReadPin                         0x080029b5   Thumb Code    16  stm32f1xx_hal_gpio.o(i.HAL_GPIO_ReadPin)
    HAL_GPIO_TogglePin                       0x080029c5   Thumb Code    20  stm32f1xx_hal_gpio.o(i.HAL_GPIO_TogglePin)
    HAL_GPIO_WritePin                        0x080029d9   Thumb Code    12  stm32f1xx_hal_gpio.o(i.HAL_GPIO_WritePin)
    HAL_GetTick                              0x080029e5   Thumb Code     6  stm32f1xx_hal.o(i.HAL_GetTick)
    HAL_IWDG_Init                            0x080029f1   Thumb Code    94  stm32f1xx_hal_iwdg.o(i.HAL_IWDG_Init)
    HAL_IWDG_Refresh                         0x08002a4f   Thumb Code    14  stm32f1xx_hal_iwdg.o(i.HAL_IWDG_Refresh)
    HAL_IncTick                              0x08002a5d   Thumb Code    16  stm32f1xx_hal.o(i.HAL_IncTick)
    HAL_Init                                 0x08002a75   Thumb Code    34  stm32f1xx_hal.o(i.HAL_Init)
    HAL_InitTick                             0x08002a9d   Thumb Code    64  stm32f1xx_hal.o(i.HAL_InitTick)
    HAL_MspInit                              0x08002ae9   Thumb Code    76  stm32f1xx_hal_msp.o(i.HAL_MspInit)
    HAL_NOR_Init                             0x08002b3d   Thumb Code   222  stm32f1xx_hal_nor.o(i.HAL_NOR_Init)
    HAL_NOR_MspInit                          0x08002c21   Thumb Code    10  stm32f1xx_hal_msp.o(i.HAL_NOR_MspInit)
    HAL_NOR_ReturnToReadMode                 0x08002c2b   Thumb Code   176  stm32f1xx_hal_nor.o(i.HAL_NOR_ReturnToReadMode)
    HAL_NVIC_EnableIRQ                       0x08002cdb   Thumb Code    32  stm32f1xx_hal_cortex.o(i.HAL_NVIC_EnableIRQ)
    HAL_NVIC_SetPriority                     0x08002cfb   Thumb Code   124  stm32f1xx_hal_cortex.o(i.HAL_NVIC_SetPriority)
    HAL_NVIC_SetPriorityGrouping             0x08002d79   Thumb Code    32  stm32f1xx_hal_cortex.o(i.HAL_NVIC_SetPriorityGrouping)
    HAL_RCCEx_GetPeriphCLKFreq               0x08002da1   Thumb Code   276  stm32f1xx_hal_rcc_ex.o(i.HAL_RCCEx_GetPeriphCLKFreq)
    HAL_RCCEx_PeriphCLKConfig                0x08002ed5   Thumb Code   290  stm32f1xx_hal_rcc_ex.o(i.HAL_RCCEx_PeriphCLKConfig)
    HAL_RCC_ClockConfig                      0x08003005   Thumb Code   376  stm32f1xx_hal_rcc.o(i.HAL_RCC_ClockConfig)
    HAL_RCC_GetHCLKFreq                      0x08003191   Thumb Code     6  stm32f1xx_hal_rcc.o(i.HAL_RCC_GetHCLKFreq)
    HAL_RCC_GetPCLK1Freq                     0x0800319d   Thumb Code    22  stm32f1xx_hal_rcc.o(i.HAL_RCC_GetPCLK1Freq)
    HAL_RCC_GetPCLK2Freq                     0x080031bd   Thumb Code    22  stm32f1xx_hal_rcc.o(i.HAL_RCC_GetPCLK2Freq)
    HAL_RCC_GetSysClockFreq                  0x080031dd   Thumb Code   116  stm32f1xx_hal_rcc.o(i.HAL_RCC_GetSysClockFreq)
    HAL_RCC_OscConfig                        0x08003271   Thumb Code  1114  stm32f1xx_hal_rcc.o(i.HAL_RCC_OscConfig)
    HAL_SPI_Init                             0x080036d5   Thumb Code   190  stm32f1xx_hal_spi.o(i.HAL_SPI_Init)
    HAL_SPI_MspInit                          0x08003795   Thumb Code   124  stm32f1xx_hal_msp.o(i.HAL_SPI_MspInit)
    HAL_SYSTICK_Config                       0x0800381d   Thumb Code    52  stm32f1xx_hal_cortex.o(i.HAL_SYSTICK_Config)
    HAL_TIMEx_MasterConfigSynchronization    0x08003851   Thumb Code   134  stm32f1xx_hal_tim_ex.o(i.HAL_TIMEx_MasterConfigSynchronization)
    HAL_TIM_Base_Init                        0x080038ed   Thumb Code   102  stm32f1xx_hal_tim.o(i.HAL_TIM_Base_Init)
    HAL_TIM_Base_MspInit                     0x08003955   Thumb Code    40  stm32f1xx_hal_msp.o(i.HAL_TIM_Base_MspInit)
    HAL_TIM_ConfigClockSource                0x08003985   Thumb Code   264  stm32f1xx_hal_tim.o(i.HAL_TIM_ConfigClockSource)
    HAL_TIM_MspPostInit                      0x08003a8d   Thumb Code    74  stm32f1xx_hal_msp.o(i.HAL_TIM_MspPostInit)
    HAL_TIM_PWM_ConfigChannel                0x08003ae5   Thumb Code   252  stm32f1xx_hal_tim.o(i.HAL_TIM_PWM_ConfigChannel)
    HAL_TIM_PWM_Init                         0x08003be1   Thumb Code   102  stm32f1xx_hal_tim.o(i.HAL_TIM_PWM_Init)
    HAL_TIM_PWM_MspInit                      0x08003c47   Thumb Code     2  stm32f1xx_hal_tim.o(i.HAL_TIM_PWM_MspInit)
    HAL_TIM_PWM_Start                        0x08003c49   Thumb Code   222  stm32f1xx_hal_tim.o(i.HAL_TIM_PWM_Start)
    HAL_TIM_PWM_Stop                         0x08003d3d   Thumb Code   160  stm32f1xx_hal_tim.o(i.HAL_TIM_PWM_Stop)
    HAL_UART_Init                            0x08003de5   Thumb Code   114  stm32f1xx_hal_uart.o(i.HAL_UART_Init)
    HAL_UART_MspInit                         0x08003e59   Thumb Code   504  stm32f1xx_hal_msp.o(i.HAL_UART_MspInit)
    HardFault_Handler                        0x08004071   Thumb Code     4  stm32f1xx_it.o(i.HardFault_Handler)
    Init_Station_mode                        0x08004075   Thumb Code  1400  wifi.o(i.Init_Station_mode)
    InputKey_Proc                            0x08004661   Thumb Code    14  repeater.o(i.InputKey_Proc)
    Key_Scan                                 0x08004675   Thumb Code   216  mytimer.o(i.Key_Scan)
    Make_packet                              0x08004d15   Thumb Code   272  wifi.o(i.Make_packet)
    MemManage_Handler                        0x08004e49   Thumb Code     4  stm32f1xx_it.o(i.MemManage_Handler)
    Modbus_Tcp_Proc                          0x08004e4d   Thumb Code   274  w5100s_proc.o(i.Modbus_Tcp_Proc)
    Modbus_Tcp_Recv_Proc                     0x08004fe1   Thumb Code     2  w5100s_proc.o(i.Modbus_Tcp_Recv_Proc)
    NMI_Handler                              0x08004fe3   Thumb Code     2  stm32f1xx_it.o(i.NMI_Handler)
    Output_Proc                              0x08004fe5   Thumb Code     2  repeater.o(i.Output_Proc)
    PWM_Config                               0x08004fe9   Thumb Code   162  buzzer.o(i.PWM_Config)
    PendSV_Handler                           0x0800509d   Thumb Code     2  stm32f1xx_it.o(i.PendSV_Handler)
    Repeater_Proc                            0x080050c9   Thumb Code    20  repeater.o(i.Repeater_Proc)
    Rs485_proc                               0x080050e1   Thumb Code   100  rs485.o(i.Rs485_proc)
    SVC_Handler                              0x08005161   Thumb Code     2  stm32f1xx_it.o(i.SVC_Handler)
    Seg_data_set                             0x08005165   Thumb Code    24  segment.o(i.Seg_data_set)
    Segment_Disp                             0x08005185   Thumb Code   436  segment.o(i.Segment_Disp)
    Select_Client_index                      0x08005351   Thumb Code    38  w5100s_proc.o(i.Select_Client_index)
    SendChar                                 0x08005381   Thumb Code    82  debug.o(i.SendChar)
    SendChar3                                0x080053e9   Thumb Code    82  wifi.o(i.SendChar3)
    Send_Ethernet_Packet                     0x08005451   Thumb Code    24  w5100s_proc.o(i.Send_Ethernet_Packet)
    Send_packet                              0x08005469   Thumb Code    28  wifi.o(i.Send_packet)
    Set_MAC_Address                          0x0800548d   Thumb Code    84  w5100s_proc.o(i.Set_MAC_Address)
    SysTick_Handler                          0x080054ed   Thumb Code    12  stm32f1xx_it.o(i.SysTick_Handler)
    SystemClock_Config                       0x080054f9   Thumb Code   134  main.o(i.SystemClock_Config)
    SystemInit                               0x08005581   Thumb Code    70  system_stm32f1xx.o(i.SystemInit)
    Systic_Callback_Proc                     0x080055d9   Thumb Code   194  mytimer.o(i.Systic_Callback_Proc)
    TIM_Base_SetConfig                       0x080056d1   Thumb Code   134  stm32f1xx_hal_tim.o(i.TIM_Base_SetConfig)
    TIM_CCxChannelCmd                        0x0800576d   Thumb Code    34  stm32f1xx_hal_tim.o(i.TIM_CCxChannelCmd)
    TIM_ETR_SetConfig                        0x0800578f   Thumb Code    22  stm32f1xx_hal_tim.o(i.TIM_ETR_SetConfig)
    TIM_OC2_SetConfig                        0x08005829   Thumb Code   114  stm32f1xx_hal_tim.o(i.TIM_OC2_SetConfig)
    Tcp_Client_Proc                          0x080059c1   Thumb Code   438  w5100s_proc.o(i.Tcp_Client_Proc)
    Tcp_Data_Send                            0x08005c8d   Thumb Code  1234  wifi.o(i.Tcp_Data_Send)
    Tcp_Proc                                 0x08006165   Thumb Code   238  w5100s_proc.o(i.Tcp_Proc)
    Timer_Proc                               0x08006289   Thumb Code   190  mytimer.o(i.Timer_Proc)
    UART4_IRQHandler                         0x08006375   Thumb Code     8  stm32f1xx_it.o(i.UART4_IRQHandler)
    USART1_IRQHandler                        0x08006479   Thumb Code     8  stm32f1xx_it.o(i.USART1_IRQHandler)
    USART1_IRQ_Function                      0x08006481   Thumb Code   348  rs485.o(i.USART1_IRQ_Function)
    USART2_IRQHandler                        0x08006609   Thumb Code     8  stm32f1xx_it.o(i.USART2_IRQHandler)
    USART2_IRQ_Function                      0x08006611   Thumb Code   290  debug.o(i.USART2_IRQ_Function)
    USART3_IRQHandler                        0x0800675d   Thumb Code     8  stm32f1xx_it.o(i.USART3_IRQHandler)
    USART3_IRQ_Function                      0x08006765   Thumb Code   292  wifi.o(i.USART3_IRQ_Function)
    USART4_IRQ_Function                      0x080068b1   Thumb Code   292  rs232c.o(i.USART4_IRQ_Function)
    UsageFault_Handler                       0x080069fd   Thumb Code     4  stm32f1xx_it.o(i.UsageFault_Handler)
    UserCommand_Proc                         0x08006a01   Thumb Code   146  debug.o(i.UserCommand_Proc)
    W5100SInitialze                          0x08006ac9   Thumb Code    52  w5100srelfunctions.o(i.W5100SInitialze)
    W5100SReset                              0x08006b31   Thumb Code    36  w5100srelfunctions.o(i.W5100SReset)
    WIZCHIP_READ                             0x08006b59   Thumb Code    68  w5100s.o(i.WIZCHIP_READ)
    WIZCHIP_READ_BUF                         0x08006ba5   Thumb Code   120  w5100s.o(i.WIZCHIP_READ_BUF)
    WIZCHIP_WRITE                            0x08006c25   Thumb Code    68  w5100s.o(i.WIZCHIP_WRITE)
    WIZCHIP_WRITE_BUF                        0x08006c71   Thumb Code   120  w5100s.o(i.WIZCHIP_WRITE_BUF)
    Wifi_proc                                0x08006cf1   Thumb Code   210  wifi.o(i.Wifi_proc)
    Wiznet_W5100S_Init                       0x08006e15   Thumb Code    92  w5100s_proc.o(i.Wiznet_W5100S_Init)
    __0sprintf                               0x08006ef9   Thumb Code    34  printfa.o(i.__0sprintf)
    __1sprintf                               0x08006ef9   Thumb Code     0  printfa.o(i.__0sprintf)
    __2sprintf                               0x08006ef9   Thumb Code     0  printfa.o(i.__0sprintf)
    __c89sprintf                             0x08006ef9   Thumb Code     0  printfa.o(i.__0sprintf)
    sprintf                                  0x08006ef9   Thumb Code     0  printfa.o(i.__0sprintf)
    __0vsprintf                              0x08006f21   Thumb Code    30  printfa.o(i.__0vsprintf)
    __1vsprintf                              0x08006f21   Thumb Code     0  printfa.o(i.__0vsprintf)
    __2vsprintf                              0x08006f21   Thumb Code     0  printfa.o(i.__0vsprintf)
    __c89vsprintf                            0x08006f21   Thumb Code     0  printfa.o(i.__0vsprintf)
    vsprintf                                 0x08006f21   Thumb Code     0  printfa.o(i.__0vsprintf)
    __aeabi_errno_addr                       0x08006f7d   Thumb Code     4  errno.o(i.__aeabi_errno_addr)
    __rt_errno_addr                          0x08006f7d   Thumb Code     0  errno.o(i.__aeabi_errno_addr)
    __scatterload_copy                       0x08006f85   Thumb Code    14  handlers.o(i.__scatterload_copy)
    __scatterload_null                       0x08006f93   Thumb Code     2  handlers.o(i.__scatterload_null)
    __scatterload_zeroinit                   0x08006f95   Thumb Code    14  handlers.o(i.__scatterload_zeroinit)
    busReadByte                              0x08007839   Thumb Code     6  w5100srelfunctions.o(i.busReadByte)
    busWriteByte                             0x0800783f   Thumb Code     4  w5100srelfunctions.o(i.busWriteByte)
    close                                    0x08007845   Thumb Code   118  socket.o(i.close)
    cmd_help                                 0x080078cd   Thumb Code    12  debug.o(i.cmd_help)
    connect                                  0x080078dd   Thumb Code   274  socket.o(i.connect)
    ctlwizchip                               0x080079f5   Thumb Code   220  wizchip_conf.o(i.ctlwizchip)
    disconnect                               0x08007ad5   Thumb Code   152  socket.o(i.disconnect)
    eth_cmd_baud                             0x08007b75   Thumb Code   110  w5100s_proc.o(i.eth_cmd_baud)
    eth_cmd_ccnt                             0x08007c31   Thumb Code    30  w5100s_proc.o(i.eth_cmd_ccnt)
    eth_cmd_help                             0x08007c69   Thumb Code    18  w5100s_proc.o(i.eth_cmd_help)
    eth_cmd_id                               0x08007c91   Thumb Code    78  w5100s_proc.o(i.eth_cmd_id)
    eth_cmd_info                             0x08007d11   Thumb Code   202  w5100s_proc.o(i.eth_cmd_info)
    eth_cmd_mdi                              0x08007e71   Thumb Code    18  w5100s_proc.o(i.eth_cmd_mdi)
    eth_cmd_mrs                              0x08007ead   Thumb Code    18  w5100s_proc.o(i.eth_cmd_mrs)
    eth_cmd_reset                            0x08007ee1   Thumb Code    18  w5100s_proc.o(i.eth_cmd_reset)
    eth_cmd_sip                              0x08007f09   Thumb Code   290  w5100s_proc.o(i.eth_cmd_sip)
    eth_cmd_sport                            0x0800807d   Thumb Code   110  w5100s_proc.o(i.eth_cmd_sport)
    eth_cmd_spwd                             0x08008135   Thumb Code   116  w5100s_proc.o(i.eth_cmd_spwd)
    eth_cmd_ssid                             0x080081cd   Thumb Code   114  w5100s_proc.o(i.eth_cmd_ssid)
    eth_cmd_wifimac                          0x08008265   Thumb Code   406  w5100s_proc.o(i.eth_cmd_wifimac)
    getSn_RX_RSR                             0x08008469   Thumb Code    76  w5100s.o(i.getSn_RX_RSR)
    getSn_RxBASE                             0x080084b5   Thumb Code    52  w5100s.o(i.getSn_RxBASE)
    getSn_TX_FSR                             0x080084e9   Thumb Code    76  w5100s.o(i.getSn_TX_FSR)
    getSn_TxBASE                             0x08008535   Thumb Code    52  w5100s.o(i.getSn_TxBASE)
    get_entry                                0x08008569   Thumb Code    66  debug.o(i.get_entry)
    listen                                   0x080085ab   Thumb Code   130  socket.o(i.listen)
    main                                     0x0800862d   Thumb Code   172  main.o(i.main)
    mprintf                                  0x0800872d   Thumb Code    72  debug.o(i.mprintf)
    mprintf3                                 0x08008779   Thumb Code    72  wifi.o(i.mprintf3)
    print_network_information                0x080087c5   Thumb Code   120  w5100s_proc.o(i.print_network_information)
    recv                                     0x080088dd   Thumb Code   274  socket.o(i.recv)
    reg_wizchip_bus_cbfunc                   0x080089f5   Thumb Code    40  wizchip_conf.o(i.reg_wizchip_bus_cbfunc)
    send                                     0x08008a29   Thumb Code   338  socket.o(i.send)
    socket                                   0x08008b85   Thumb Code   324  socket.o(i.socket)
    wiz_mdio_read                            0x08008cdd   Thumb Code    52  w5100s.o(i.wiz_mdio_read)
    wiz_mdio_write                           0x08008d11   Thumb Code    52  w5100s.o(i.wiz_mdio_write)
    wiz_recv_data                            0x08008d45   Thumb Code   224  w5100s.o(i.wiz_recv_data)
    wiz_send_data                            0x08008e25   Thumb Code   224  w5100s.o(i.wiz_send_data)
    wizchip_bus_readdata                     0x08008f05   Thumb Code     6  wizchip_conf.o(i.wizchip_bus_readdata)
    wizchip_bus_writedata                    0x08008f0b   Thumb Code     4  wizchip_conf.o(i.wizchip_bus_writedata)
    wizchip_clrinterrupt                     0x08008f0f   Thumb Code    30  wizchip_conf.o(i.wizchip_clrinterrupt)
    wizchip_cris_enter                       0x08008f2d   Thumb Code     2  wizchip_conf.o(i.wizchip_cris_enter)
    wizchip_cris_exit                        0x08008f2f   Thumb Code     2  wizchip_conf.o(i.wizchip_cris_exit)
    wizchip_cs_deselect                      0x08008f31   Thumb Code     2  wizchip_conf.o(i.wizchip_cs_deselect)
    wizchip_cs_select                        0x08008f33   Thumb Code     2  wizchip_conf.o(i.wizchip_cs_select)
    wizchip_getinterrupt                     0x08008f35   Thumb Code    36  wizchip_conf.o(i.wizchip_getinterrupt)
    wizchip_getinterruptmask                 0x08008f59   Thumb Code    34  wizchip_conf.o(i.wizchip_getinterruptmask)
    wizchip_getnetinfo                       0x08008f7d   Thumb Code    76  wizchip_conf.o(i.wizchip_getnetinfo)
    wizchip_init                             0x08008fd1   Thumb Code   234  wizchip_conf.o(i.wizchip_init)
    wizchip_setinterruptmask                 0x080090bb   Thumb Code    28  wizchip_conf.o(i.wizchip_setinterruptmask)
    wizchip_setnetinfo                       0x080090d9   Thumb Code    74  wizchip_conf.o(i.wizchip_setnetinfo)
    wizchip_sw_reset                         0x0800912d   Thumb Code   124  wizchip_conf.o(i.wizchip_sw_reset)
    wizphy_getphyconf                        0x080091a9   Thumb Code    68  wizchip_conf.o(i.wizphy_getphyconf)
    wizphy_getphylink                        0x080091ed   Thumb Code    22  wizchip_conf.o(i.wizphy_getphylink)
    wizphy_getphypmode                       0x08009203   Thumb Code     6  wizchip_conf.o(i.wizphy_getphypmode)
    wizphy_reset                             0x08009209   Thumb Code    40  wizchip_conf.o(i.wizphy_reset)
    wizphy_setphyconf                        0x08009231   Thumb Code    70  wizchip_conf.o(i.wizphy_setphyconf)
    wizphy_setphypmode                       0x08009277   Thumb Code    78  wizchip_conf.o(i.wizphy_setphypmode)
    AHBPrescTable                            0x080092c4   Data          16  system_stm32f1xx.o(.constdata)
    APBPrescTable                            0x080092d4   Data           8  system_stm32f1xx.o(.constdata)
    TempoValue                               0x080092dc   Data          16  buzzer.o(.constdata)
    STBL_PwrConnect                          0x080092ec   Data          24  buzzer.o(.constdata)
    STBL_PwrOn                               0x08009304   Data          12  buzzer.o(.constdata)
    STBL_PwrOff                              0x08009310   Data          12  buzzer.o(.constdata)
    STBL_UnjunChange                         0x0800931c   Data           8  buzzer.o(.constdata)
    STBL_SwitchOn                            0x08009324   Data           8  buzzer.o(.constdata)
    STBL_SwitchOff                           0x0800932c   Data           8  buzzer.o(.constdata)
    STBL_Not                                 0x08009334   Data          12  buzzer.o(.constdata)
    STBL_Button                              0x08009340   Data           4  buzzer.o(.constdata)
    STBL_LockEn                              0x08009344   Data          12  buzzer.o(.constdata)
    help                                     0x08009350   Data         376  debug.o(.constdata)
    cmd                                      0x080094c8   Data          16  debug.o(.constdata)
    eth_help                                 0x080094d8   Data        1363  w5100s_proc.o(.constdata)
    eth_cmd                                  0x08009a2c   Data         208  w5100s_proc.o(.constdata)
    digit                                    0x08009b04   Data          29  segment.o(.constdata)
    __ctype_table                            0x08009b21   Data         129  ctype_o.o(.constdata)
    Region$$Table$$Base                      0x08009ba8   Number         0  anon$$obj.o(Region$$Table)
    Region$$Table$$Limit                     0x08009bc8   Number         0  anon$$obj.o(Region$$Table)
    hcrc                                     0x20000000   Data           8  main.o(.data)
    SystemCoreClock                          0x20000010   Data           4  system_stm32f1xx.o(.data)
    on_delay                                 0x20000014   Data           2  buzzer.o(.data)
    off_delay                                0x20000016   Data           2  buzzer.o(.data)
    bs_num                                   0x20000018   Data           1  buzzer.o(.data)
    buzzer_kind                              0x20000019   Data           1  buzzer.o(.data)
    beep_timeout                             0x2000001a   Data           2  buzzer.o(.data)
    beep_num                                 0x2000001c   Data           1  buzzer.o(.data)
    psound_data                              0x20000020   Data           4  buzzer.o(.data)
    sound_size                               0x20000024   Data           2  buzzer.o(.data)
    wifi_debug_enable                        0x20000026   Data           1  debug.o(.data)
    urx2_comp                                0x20000027   Data           1  debug.o(.data)
    tx2_restart                              0x20000028   Data           1  debug.o(.data)
    urx2_count                               0x2000002a   Data           2  debug.o(.data)
    p2_out                                   0x2000002c   Data           2  debug.o(.data)
    p2_in                                    0x2000002e   Data           2  debug.o(.data)
    urx2_tout                                0x20000030   Data           2  debug.o(.data)
    flg_getline_comp                         0x20000032   Data           1  debug.o(.data)
    Start_Address                            0x20000034   Data           4  flashrom.o(.data)
    offset_data                              0x20000038   Data           4  flashrom.o(.data)
    offset_var                               0x2000003c   Data           4  flashrom.o(.data)
    p_data                                   0x20000040   Data           4  flashrom.o(.data)
    flg_toggle                               0x20000044   Data           1  mytimer.o(.data)
    flg_irtoggle                             0x20000045   Data           1  mytimer.o(.data)
    flg_ir_send                              0x20000046   Data           1  mytimer.o(.data)
    flg_doorkey                              0x20000047   Data           1  mytimer.o(.data)
    flg_exitkey                              0x20000048   Data           1  mytimer.o(.data)
    flg_capture_done                         0x20000049   Data           1  mytimer.o(.data)
    flg_irsend_done                          0x2000004a   Data           1  mytimer.o(.data)
    flg_bat_toggle                           0x2000004b   Data           1  mytimer.o(.data)
    flg_di1_read                             0x2000004c   Data           1  mytimer.o(.data)
    flg_di2_read                             0x2000004d   Data           1  mytimer.o(.data)
    callback_1ms                             0x2000004e   Data           1  mytimer.o(.data)
    callback_10ms                            0x2000004f   Data           1  mytimer.o(.data)
    callback_100ms                           0x20000050   Data           1  mytimer.o(.data)
    callback_500ms                           0x20000051   Data           1  mytimer.o(.data)
    callback_1sec                            0x20000052   Data           1  mytimer.o(.data)
    menu_key                                 0x20000053   Data           4  mytimer.o(.data)
    key_pushed                               0x20000057   Data           4  mytimer.o(.data)
    key_continued                            0x2000005b   Data           4  mytimer.o(.data)
    key_idx                                  0x2000005f   Data           1  mytimer.o(.data)
    key_cont_count                           0x20000060   Data           4  mytimer.o(.data)
    ether_led_timeout                        0x20000064   Data           4  mytimer.o(.data)
    urx1_comp                                0x20000068   Data           1  rs485.o(.data)
    flg_485_event                            0x20000069   Data           1  rs485.o(.data)
    rs_wr_indx                               0x2000006a   Data           1  rs485.o(.data)
    rs_rd_indx                               0x2000006b   Data           1  rs485.o(.data)
    tx1_restart                              0x2000006c   Data           1  rs485.o(.data)
    urx1_count                               0x2000006e   Data           2  rs485.o(.data)
    p1_out                                   0x20000070   Data           2  rs485.o(.data)
    p1_in                                    0x20000072   Data           2  rs485.o(.data)
    urx1_tout                                0x20000074   Data           2  rs485.o(.data)
    gWIZNETINFO                              0x20000076   Data          23  w5100s_proc.o(.data)
    flg_w5100s_init_ok                       0x2000008d   Data           1  w5100s_proc.o(.data)
    flg_ethernet_connected                   0x2000008e   Data           1  w5100s_proc.o(.data)
    flg_mod_tcp_connected                    0x2000008f   Data           1  w5100s_proc.o(.data)
    flg_mrs_enable                           0x20000090   Data           1  w5100s_proc.o(.data)
    flg_mdi_enable                           0x20000091   Data           1  w5100s_proc.o(.data)
    flg_reset_enable                         0x20000092   Data           1  w5100s_proc.o(.data)
    flg_next_client                          0x20000093   Data           1  w5100s_proc.o(.data)
    eth_rd_indx                              0x20000094   Data           1  w5100s_proc.o(.data)
    ether_timeout                            0x20000096   Data           2  w5100s_proc.o(.data)
    mod_tcp_indx                             0x20000098   Data           1  w5100s_proc.o(.data)
    seg_idx                                  0x20000099   Data           1  segment.o(.data)
    segdata                                  0x2000009a   Data           4  segment.o(.data)
    wifi_init_ok                             0x200000a0   Data           1  wifi.o(.data)
    wifi_tcpinit_ok                          0x200000a1   Data           1  wifi.o(.data)
    wifi_soket_connected                     0x200000a2   Data           1  wifi.o(.data)
    urx3_comp                                0x200000a3   Data           1  wifi.o(.data)
    tx3_restart                              0x200000a4   Data           1  wifi.o(.data)
    urx3_count                               0x200000a6   Data           2  wifi.o(.data)
    p3_out                                   0x200000a8   Data           2  wifi.o(.data)
    p3_in                                    0x200000aa   Data           2  wifi.o(.data)
    urx3_tout                                0x200000ac   Data           2  wifi.o(.data)
    rssi_step                                0x200000ae   Data           1  wifi.o(.data)
    step_num                                 0x200000af   Data           1  wifi.o(.data)
    session_id                               0x200000b0   Data           1  wifi.o(.data)
    retry_count                              0x200000b1   Data           1  wifi.o(.data)
    received_data_len                        0x200000b2   Data           2  wifi.o(.data)
    wifi_timeout                             0x200000b4   Data           2  wifi.o(.data)
    connect_timeout                          0x200000b6   Data           2  wifi.o(.data)
    rssi_timeout                             0x200000b8   Data           2  wifi.o(.data)
    wifi_send_len                            0x200000ba   Data           2  wifi.o(.data)
    prev_pulse_in1_count                     0x200000bc   Data           4  wifi.o(.data)
    flg_E2p_write                            0x200000c0   Data           1  repeater.o(.data)
    flg_di1_event                            0x200000c1   Data           1  repeater.o(.data)
    key_timeout                              0x200000c2   Data           1  repeater.o(.data)
    dio_in1_timeout                          0x200000c4   Data           2  repeater.o(.data)
    pulse_in1_count                          0x200000c8   Data           4  repeater.o(.data)
    flg_next_rtu                             0x200000cc   Data           1  rs232c.o(.data)
    urx4_comp                                0x200000cd   Data           1  rs232c.o(.data)
    tx4_restart                              0x200000ce   Data           1  rs232c.o(.data)
    urx4_count                               0x200000d0   Data           2  rs232c.o(.data)
    p4_out                                   0x200000d2   Data           2  rs232c.o(.data)
    p4_in                                    0x200000d4   Data           2  rs232c.o(.data)
    urx4_tout                                0x200000d6   Data           2  rs232c.o(.data)
    rtu_int_timeout                          0x200000d8   Data           2  rs232c.o(.data)
    mod_rtu_indx                             0x200000da   Data           1  rs232c.o(.data)
    sock_pack_info                           0x200000ea   Data           4  socket.o(.data)
    WIZCHIP                                  0x200000f0   Data          44  wizchip_conf.o(.data)
    uwTick                                   0x20000124   Data           4  stm32f1xx_hal.o(.data)
    uwTickPrio                               0x20000128   Data           4  stm32f1xx_hal.o(.data)
    uwTickFreq                               0x2000012c   Data           1  stm32f1xx_hal.o(.data)
    hadc1                                    0x2000013c   Data          48  main.o(.bss)
    hdma_adc1                                0x2000016c   Data          68  main.o(.bss)
    hiwdg                                    0x200001b0   Data          12  main.o(.bss)
    hspi2                                    0x200001bc   Data          88  main.o(.bss)
    htim4                                    0x20000214   Data          72  main.o(.bss)
    huart4                                   0x2000025c   Data          68  main.o(.bss)
    huart1                                   0x200002a0   Data          68  main.o(.bss)
    huart2                                   0x200002e4   Data          68  main.o(.bss)
    huart3                                   0x20000328   Data          68  main.o(.bss)
    hnor1                                    0x2000036c   Data          72  main.o(.bss)
    RegularConvData_Tab                      0x200003b4   Data          16  main.o(.bss)
    urx2_buf                                 0x200003c4   Data         256  debug.o(.bss)
    utx2_buf                                 0x200004c4   Data         512  debug.o(.bss)
    utx2_tmp                                 0x200006c4   Data         512  debug.o(.bss)
    in_line                                  0x200008c4   Data         256  debug.o(.bss)
    hexStr                                   0x200009c4   Data          32  debug.o(.bss)
    Flashdatarec                             0x200009e4   Data         808  flashrom.o(.bss)
    keyin_buf                                0x20000d0c   Data          12  mytimer.o(.bss)
    urx1_buf                                 0x20000d18   Data         512  rs485.o(.bss)
    utx1_buf                                 0x20000f18   Data          16  rs485.o(.bss)
    utx1_tmp                                 0x20000f28   Data          16  rs485.o(.bss)
    rs485_send_buf                           0x20000f38   Data       10240  rs485.o(.bss)
    wifi_485_len                             0x20003738   Data          40  rs485.o(.bss)
    ethBuf0                                  0x20003760   Data        2048  w5100s_proc.o(.bss)
    ethBuf1                                  0x20003f60   Data        2048  w5100s_proc.o(.bss)
    eth_sendbuf                              0x20004760   Data        2048  w5100s_proc.o(.bss)
    eth_line                                 0x20004f60   Data        2048  w5100s_proc.o(.bss)
    urx3_buf                                 0x20005760   Data         512  wifi.o(.bss)
    utx3_buf                                 0x20005960   Data         512  wifi.o(.bss)
    utx3_tmp                                 0x20005b60   Data         512  wifi.o(.bss)
    rssi_str                                 0x20005d60   Data         100  wifi.o(.bss)
    packet_buf                               0x20005dc4   Data         512  wifi.o(.bss)
    wifi_send_buf                            0x20005fc4   Data         512  wifi.o(.bss)
    urx4_buf                                 0x200061c4   Data         512  rs232c.o(.bss)
    utx4_buf                                 0x200063c4   Data         128  rs232c.o(.bss)
    utx4_tmp                                 0x20006444   Data         128  rs232c.o(.bss)
    pFlash                                   0x200064c8   Data          32  stm32f1xx_hal_flash.o(.bss)
    __initial_sp                             0x20006ce8   Data           0  startup_stm32f103xe.o(STACK)



==============================================================================

Memory Map of the image

  Image Entry point : 0x08000131

  Load Region LR_IROM1 (Base: 0x08000000, Size: 0x00009d04, Max: 0x00040000, ABSOLUTE, COMPRESSED[0x00009c1c])

    Execution Region ER_IROM1 (Exec base: 0x08000000, Load base: 0x08000000, Size: 0x00009bc8, Max: 0x00040000, ABSOLUTE)

    Exec Addr    Load Addr    Size         Type   Attr      Idx    E Section Name        Object

    0x08000000   0x08000000   0x00000130   Data   RO            3    RESET               startup_stm32f103xe.o
    0x08000130   0x08000130   0x00000000   Code   RO         5431  * .ARM.Collect$$$$00000000  mc_w.l(entry.o)
    0x08000130   0x08000130   0x00000004   Code   RO         5745    .ARM.Collect$$$$00000001  mc_w.l(entry2.o)
    0x08000134   0x08000134   0x00000004   Code   RO         5748    .ARM.Collect$$$$00000004  mc_w.l(entry5.o)
    0x08000138   0x08000138   0x00000000   Code   RO         5750    .ARM.Collect$$$$00000008  mc_w.l(entry7b.o)
    0x08000138   0x08000138   0x00000000   Code   RO         5752    .ARM.Collect$$$$0000000A  mc_w.l(entry8b.o)
    0x08000138   0x08000138   0x00000008   Code   RO         5753    .ARM.Collect$$$$0000000B  mc_w.l(entry9a.o)
    0x08000140   0x08000140   0x00000004   Code   RO         5760    .ARM.Collect$$$$0000000E  mc_w.l(entry12b.o)
    0x08000144   0x08000144   0x00000000   Code   RO         5755    .ARM.Collect$$$$0000000F  mc_w.l(entry10a.o)
    0x08000144   0x08000144   0x00000000   Code   RO         5757    .ARM.Collect$$$$00000011  mc_w.l(entry11a.o)
    0x08000144   0x08000144   0x00000004   Code   RO         5746    .ARM.Collect$$$$00002712  mc_w.l(entry2.o)
    0x08000148   0x08000148   0x00000024   Code   RO            4    .text               startup_stm32f103xe.o
    0x0800016c   0x0800016c   0x00000020   Code   RO         5434    .text               mc_w.l(llushr.o)
    0x0800018c   0x0800018c   0x0000000c   Code   RO         5436    .text               mc_w.l(toupper.o)
    0x08000198   0x08000198   0x00000024   Code   RO         5438    .text               mc_w.l(memcpya.o)
    0x080001bc   0x080001bc   0x00000024   Code   RO         5440    .text               mc_w.l(memseta.o)
    0x080001e0   0x080001e0   0x00000024   Code   RO         5442    .text               mc_w.l(strstr.o)
    0x08000204   0x08000204   0x00000018   Code   RO         5444    .text               mc_w.l(strncpy.o)
    0x0800021c   0x0800021c   0x0000000e   Code   RO         5448    .text               mc_w.l(strlen.o)
    0x0800022a   0x0800022a   0x0000001c   Code   RO         5450    .text               mc_w.l(strcmp.o)
    0x08000246   0x08000246   0x00000012   Code   RO         5452    .text               mc_w.l(strcpy.o)
    0x08000258   0x08000258   0x00000044   Code   RO         5454    .text               mc_w.l(strtok.o)
    0x0800029c   0x0800029c   0x00000072   Code   RO         5723    .text               mc_w.l(strtoul.o)
    0x0800030e   0x0800030e   0x0000001a   Code   RO         5725    .text               mc_w.l(atoi.o)
    0x08000328   0x08000328   0x0000014e   Code   RO         5731    .text               mf_w.l(dadd.o)
    0x08000476   0x08000476   0x000000e4   Code   RO         5733    .text               mf_w.l(dmul.o)
    0x0800055a   0x0800055a   0x000000de   Code   RO         5735    .text               mf_w.l(ddiv.o)
    0x08000638   0x08000638   0x0000002c   Code   RO         5764    .text               mc_w.l(uidiv.o)
    0x08000664   0x08000664   0x00000062   Code   RO         5766    .text               mc_w.l(uldiv.o)
    0x080006c6   0x080006c6   0x0000001e   Code   RO         5768    .text               mc_w.l(llshl.o)
    0x080006e4   0x080006e4   0x00000024   Code   RO         5770    .text               mc_w.l(llsshr.o)
    0x08000708   0x08000708   0x00000008   Code   RO         5772    .text               mc_w.l(ctype_o.o)
    0x08000710   0x08000710   0x0000009e   Code   RO         5807    .text               mc_w.l(_strtoul.o)
    0x080007ae   0x080007ae   0x00000070   Code   RO         5809    .text               mc_w.l(strtol.o)
    0x0800081e   0x0800081e   0x00000000   Code   RO         5811    .text               mc_w.l(iusefp.o)
    0x0800081e   0x0800081e   0x000000ba   Code   RO         5814    .text               mf_w.l(depilogue.o)
    0x080008d8   0x080008d8   0x00000030   Code   RO         5816    .text               mf_w.l(dfixul.o)
    0x08000908   0x08000908   0x00000030   Code   RO         5818    .text               mf_w.l(cdrcmple.o)
    0x08000938   0x08000938   0x00000024   Code   RO         5820    .text               mc_w.l(init.o)
    0x0800095c   0x0800095c   0x0000001c   Code   RO         5823    .text               mc_w.l(_chval.o)
    0x08000978   0x08000978   0x00000056   Code   RO         5834    .text               mc_w.l(__dczerorl2.o)
    0x080009ce   0x080009ce   0x00000002   PAD
    0x080009d0   0x080009d0   0x00000010   Code   RO          253    i.ADC1_2_IRQHandler  stm32f1xx_it.o
    0x080009e0   0x080009e0   0x0000005c   Code   RO         2135    i.ADC_ConversionStop_Disable  stm32f1xx_hal_adc.o
    0x08000a3c   0x08000a3c   0x00000052   Code   RO         2136    i.ADC_DMAConvCplt   stm32f1xx_hal_adc.o
    0x08000a8e   0x08000a8e   0x0000001e   Code   RO         2137    i.ADC_DMAError      stm32f1xx_hal_adc.o
    0x08000aac   0x08000aac   0x0000000e   Code   RO         2138    i.ADC_DMAHalfConvCplt  stm32f1xx_hal_adc.o
    0x08000aba   0x08000aba   0x00000002   PAD
    0x08000abc   0x08000abc   0x00000090   Code   RO         2139    i.ADC_Enable        stm32f1xx_hal_adc.o
    0x08000b4c   0x08000b4c   0x00000004   Code   RO          254    i.BusFault_Handler  stm32f1xx_it.o
    0x08000b50   0x08000b50   0x000000e0   Code   RO          523    i.Buzzer_Sequence   buzzer.o
    0x08000c30   0x08000c30   0x00000010   Code   RO          524    i.Buzzer_Stop       buzzer.o
    0x08000c40   0x08000c40   0x00000180   Code   RO         1146    i.Connect_Tcp_Server  wifi.o
    0x08000dc0   0x08000dc0   0x00000010   Code   RO          255    i.DMA1_Channel1_IRQHandler  stm32f1xx_it.o
    0x08000dd0   0x08000dd0   0x0000002c   Code   RO         2794    i.DMA_SetConfig     stm32f1xx_hal_dma.o
    0x08000dfc   0x08000dfc   0x00000002   Code   RO          256    i.DebugMon_Handler  stm32f1xx_it.o
    0x08000dfe   0x08000dfe   0x00000002   PAD
    0x08000e00   0x08000e00   0x00000024   Code   RO          573    i.Debug_proc        debug.o
    0x08000e24   0x08000e24   0x00000002   Code   RO         1242    i.Disp_Segment      repeater.o
    0x08000e26   0x08000e26   0x00000038   Code   RO         1243    i.Disp_Version      repeater.o
    0x08000e5e   0x08000e5e   0x0000000a   Code   RO          257    i.EXTI4_IRQHandler  stm32f1xx_it.o
    0x08000e68   0x08000e68   0x00000002   Code   RO           13    i.Error_Handler     main.o
    0x08000e6a   0x08000e6a   0x00000002   PAD
    0x08000e6c   0x08000e6c   0x000000c0   Code   RO          828    i.Ether_UserCommand_Proc  w5100s_proc.o
    0x08000f2c   0x08000f2c   0x00000078   Code   RO          829    i.Ethernet_Proc     w5100s_proc.o
    0x08000fa4   0x08000fa4   0x00000028   Code   RO         3239    i.FLASH_MassErase   stm32f1xx_hal_flash_ex.o
    0x08000fcc   0x08000fcc   0x00000028   Code   RO         3248    i.FLASH_PageErase   stm32f1xx_hal_flash_ex.o
    0x08000ff4   0x08000ff4   0x00000020   Code   RO         3136    i.FLASH_Program_HalfWord  stm32f1xx_hal_flash.o
    0x08001014   0x08001014   0x00000084   Code   RO         3137    i.FLASH_SetErrorCode  stm32f1xx_hal_flash.o
    0x08001098   0x08001098   0x00000070   Code   RO         3138    i.FLASH_WaitForLastOperation  stm32f1xx_hal_flash.o
    0x08001108   0x08001108   0x00000044   Code   RO         3485    i.FSMC_NORSRAM_Extended_Timing_Init  stm32f1xx_ll_fsmc.o
    0x0800114c   0x0800114c   0x00000078   Code   RO         3486    i.FSMC_NORSRAM_Init  stm32f1xx_ll_fsmc.o
    0x080011c4   0x080011c4   0x00000042   Code   RO         3487    i.FSMC_NORSRAM_Timing_Init  stm32f1xx_ll_fsmc.o
    0x08001206   0x08001206   0x00000002   PAD
    0x08001208   0x08001208   0x0000026c   Code   RO          685    i.FlashRom_Init     flashrom.o
    0x08001474   0x08001474   0x00000120   Code   RO          686    i.FlashRom_WriteData  flashrom.o
    0x08001594   0x08001594   0x000000e4   Code   RO          574    i.GetLine_Proc      debug.o
    0x08001678   0x08001678   0x00000104   Code   RO         1147    i.Get_Signal_Strength  wifi.o
    0x0800177c   0x0800177c   0x00000118   Code   RO         2315    i.HAL_ADCEx_Calibration_Start  stm32f1xx_hal_adc_ex.o
    0x08001894   0x08001894   0x00000002   Code   RO         2317    i.HAL_ADCEx_InjectedConvCpltCallback  stm32f1xx_hal_adc_ex.o
    0x08001896   0x08001896   0x00000002   PAD
    0x08001898   0x08001898   0x00000160   Code   RO         2141    i.HAL_ADC_ConfigChannel  stm32f1xx_hal_adc.o
    0x080019f8   0x080019f8   0x00000002   Code   RO         2142    i.HAL_ADC_ConvCpltCallback  stm32f1xx_hal_adc.o
    0x080019fa   0x080019fa   0x00000002   Code   RO         2143    i.HAL_ADC_ConvHalfCpltCallback  stm32f1xx_hal_adc.o
    0x080019fc   0x080019fc   0x00000002   Code   RO         2145    i.HAL_ADC_ErrorCallback  stm32f1xx_hal_adc.o
    0x080019fe   0x080019fe   0x00000006   Code   RO         2147    i.HAL_ADC_GetState  stm32f1xx_hal_adc.o
    0x08001a04   0x08001a04   0x00000122   Code   RO         2149    i.HAL_ADC_IRQHandler  stm32f1xx_hal_adc.o
    0x08001b26   0x08001b26   0x00000002   PAD
    0x08001b28   0x08001b28   0x00000160   Code   RO         2150    i.HAL_ADC_Init      stm32f1xx_hal_adc.o
    0x08001c88   0x08001c88   0x00000002   Code   RO         2151    i.HAL_ADC_LevelOutOfWindowCallback  stm32f1xx_hal_adc.o
    0x08001c8a   0x08001c8a   0x00000002   PAD
    0x08001c8c   0x08001c8c   0x00000084   Code   RO          372    i.HAL_ADC_MspInit   stm32f1xx_hal_msp.o
    0x08001d10   0x08001d10   0x00000180   Code   RO         2157    i.HAL_ADC_Start_DMA  stm32f1xx_hal_adc.o
    0x08001e90   0x08001e90   0x00000028   Code   RO         3417    i.HAL_CRC_Accumulate  stm32f1xx_hal_crc.o
    0x08001eb8   0x08001eb8   0x00000020   Code   RO         3421    i.HAL_CRC_Init      stm32f1xx_hal_crc.o
    0x08001ed8   0x08001ed8   0x00000030   Code   RO          374    i.HAL_CRC_MspInit   stm32f1xx_hal_msp.o
    0x08001f08   0x08001f08   0x00000398   Code   RO         2800    i.HAL_DMA_IRQHandler  stm32f1xx_hal_dma.o
    0x080022a0   0x080022a0   0x0000008c   Code   RO         2801    i.HAL_DMA_Init      stm32f1xx_hal_dma.o
    0x0800232c   0x0800232c   0x0000009c   Code   RO         2805    i.HAL_DMA_Start_IT  stm32f1xx_hal_dma.o
    0x080023c8   0x080023c8   0x00000028   Code   RO         2418    i.HAL_Delay         stm32f1xx_hal.o
    0x080023f0   0x080023f0   0x000000b0   Code   RO         3249    i.HAL_FLASHEx_Erase  stm32f1xx_hal_flash_ex.o
    0x080024a0   0x080024a0   0x00000014   Code   RO         3142    i.HAL_FLASH_Lock    stm32f1xx_hal_flash.o
    0x080024b4   0x080024b4   0x000000b0   Code   RO         3147    i.HAL_FLASH_Program  stm32f1xx_hal_flash.o
    0x08002564   0x08002564   0x00000030   Code   RO         3149    i.HAL_FLASH_Unlock  stm32f1xx_hal_flash.o
    0x08002594   0x08002594   0x00000094   Code   RO          376    i.HAL_FSMC_MspInit  stm32f1xx_hal_msp.o
    0x08002628   0x08002628   0x00000030   Code   RO         1244    i.HAL_GPIO_EXTI_Callback  repeater.o
    0x08002658   0x08002658   0x0000001c   Code   RO         2730    i.HAL_GPIO_EXTI_IRQHandler  stm32f1xx_hal_gpio.o
    0x08002674   0x08002674   0x00000340   Code   RO         2731    i.HAL_GPIO_Init     stm32f1xx_hal_gpio.o
    0x080029b4   0x080029b4   0x00000010   Code   RO         2733    i.HAL_GPIO_ReadPin  stm32f1xx_hal_gpio.o
    0x080029c4   0x080029c4   0x00000014   Code   RO         2734    i.HAL_GPIO_TogglePin  stm32f1xx_hal_gpio.o
    0x080029d8   0x080029d8   0x0000000c   Code   RO         2735    i.HAL_GPIO_WritePin  stm32f1xx_hal_gpio.o
    0x080029e4   0x080029e4   0x0000000c   Code   RO         2422    i.HAL_GetTick       stm32f1xx_hal.o
    0x080029f0   0x080029f0   0x0000005e   Code   RO         3731    i.HAL_IWDG_Init     stm32f1xx_hal_iwdg.o
    0x08002a4e   0x08002a4e   0x0000000e   Code   RO         3732    i.HAL_IWDG_Refresh  stm32f1xx_hal_iwdg.o
    0x08002a5c   0x08002a5c   0x00000018   Code   RO         2428    i.HAL_IncTick       stm32f1xx_hal.o
    0x08002a74   0x08002a74   0x00000028   Code   RO         2429    i.HAL_Init          stm32f1xx_hal.o
    0x08002a9c   0x08002a9c   0x0000004c   Code   RO         2430    i.HAL_InitTick      stm32f1xx_hal.o
    0x08002ae8   0x08002ae8   0x00000054   Code   RO          377    i.HAL_MspInit       stm32f1xx_hal_msp.o
    0x08002b3c   0x08002b3c   0x000000e4   Code   RO         3608    i.HAL_NOR_Init      stm32f1xx_hal_nor.o
    0x08002c20   0x08002c20   0x0000000a   Code   RO          379    i.HAL_NOR_MspInit   stm32f1xx_hal_msp.o
    0x08002c2a   0x08002c2a   0x000000b0   Code   RO         3618    i.HAL_NOR_ReturnToReadMode  stm32f1xx_hal_nor.o
    0x08002cda   0x08002cda   0x00000020   Code   RO         2891    i.HAL_NVIC_EnableIRQ  stm32f1xx_hal_cortex.o
    0x08002cfa   0x08002cfa   0x0000007c   Code   RO         2897    i.HAL_NVIC_SetPriority  stm32f1xx_hal_cortex.o
    0x08002d76   0x08002d76   0x00000002   PAD
    0x08002d78   0x08002d78   0x00000028   Code   RO         2898    i.HAL_NVIC_SetPriorityGrouping  stm32f1xx_hal_cortex.o
    0x08002da0   0x08002da0   0x00000134   Code   RO         2693    i.HAL_RCCEx_GetPeriphCLKFreq  stm32f1xx_hal_rcc_ex.o
    0x08002ed4   0x08002ed4   0x00000130   Code   RO         2694    i.HAL_RCCEx_PeriphCLKConfig  stm32f1xx_hal_rcc_ex.o
    0x08003004   0x08003004   0x0000018c   Code   RO         2586    i.HAL_RCC_ClockConfig  stm32f1xx_hal_rcc.o
    0x08003190   0x08003190   0x0000000c   Code   RO         2591    i.HAL_RCC_GetHCLKFreq  stm32f1xx_hal_rcc.o
    0x0800319c   0x0800319c   0x00000020   Code   RO         2593    i.HAL_RCC_GetPCLK1Freq  stm32f1xx_hal_rcc.o
    0x080031bc   0x080031bc   0x00000020   Code   RO         2594    i.HAL_RCC_GetPCLK2Freq  stm32f1xx_hal_rcc.o
    0x080031dc   0x080031dc   0x00000094   Code   RO         2595    i.HAL_RCC_GetSysClockFreq  stm32f1xx_hal_rcc.o
    0x08003270   0x08003270   0x00000464   Code   RO         2598    i.HAL_RCC_OscConfig  stm32f1xx_hal_rcc.o
    0x080036d4   0x080036d4   0x000000be   Code   RO         3772    i.HAL_SPI_Init      stm32f1xx_hal_spi.o
    0x08003792   0x08003792   0x00000002   PAD
    0x08003794   0x08003794   0x00000088   Code   RO          381    i.HAL_SPI_MspInit   stm32f1xx_hal_msp.o
    0x0800381c   0x0800381c   0x00000034   Code   RO         2902    i.HAL_SYSTICK_Config  stm32f1xx_hal_cortex.o
    0x08003850   0x08003850   0x0000009c   Code   RO         4819    i.HAL_TIMEx_MasterConfigSynchronization  stm32f1xx_hal_tim_ex.o
    0x080038ec   0x080038ec   0x00000066   Code   RO         4085    i.HAL_TIM_Base_Init  stm32f1xx_hal_tim.o
    0x08003952   0x08003952   0x00000002   PAD
    0x08003954   0x08003954   0x00000030   Code   RO          383    i.HAL_TIM_Base_MspInit  stm32f1xx_hal_msp.o
    0x08003984   0x08003984   0x00000108   Code   RO         4094    i.HAL_TIM_ConfigClockSource  stm32f1xx_hal_tim.o
    0x08003a8c   0x08003a8c   0x00000058   Code   RO          384    i.HAL_TIM_MspPostInit  stm32f1xx_hal_msp.o
    0x08003ae4   0x08003ae4   0x000000fc   Code   RO         4157    i.HAL_TIM_PWM_ConfigChannel  stm32f1xx_hal_tim.o
    0x08003be0   0x08003be0   0x00000066   Code   RO         4160    i.HAL_TIM_PWM_Init  stm32f1xx_hal_tim.o
    0x08003c46   0x08003c46   0x00000002   Code   RO         4162    i.HAL_TIM_PWM_MspInit  stm32f1xx_hal_tim.o
    0x08003c48   0x08003c48   0x000000f4   Code   RO         4165    i.HAL_TIM_PWM_Start  stm32f1xx_hal_tim.o
    0x08003d3c   0x08003d3c   0x000000a8   Code   RO         4168    i.HAL_TIM_PWM_Stop  stm32f1xx_hal_tim.o
    0x08003de4   0x08003de4   0x00000072   Code   RO         5096    i.HAL_UART_Init     stm32f1xx_hal_uart.o
    0x08003e56   0x08003e56   0x00000002   PAD
    0x08003e58   0x08003e58   0x00000218   Code   RO          386    i.HAL_UART_MspInit  stm32f1xx_hal_msp.o
    0x08004070   0x08004070   0x00000004   Code   RO          258    i.HardFault_Handler  stm32f1xx_it.o
    0x08004074   0x08004074   0x000005ec   Code   RO         1149    i.Init_Station_mode  wifi.o
    0x08004660   0x08004660   0x00000014   Code   RO         1245    i.InputKey_Proc     repeater.o
    0x08004674   0x08004674   0x000000f4   Code   RO          725    i.Key_Scan          mytimer.o
    0x08004768   0x08004768   0x00000094   Code   RO           14    i.MX_ADC1_Init      main.o
    0x080047fc   0x080047fc   0x00000020   Code   RO           15    i.MX_CRC_Init       main.o
    0x0800481c   0x0800481c   0x00000034   Code   RO           16    i.MX_DMA_Init       main.o
    0x08004850   0x08004850   0x0000007c   Code   RO           17    i.MX_FSMC_Init      main.o
    0x080048cc   0x080048cc   0x00000210   Code   RO           18    i.MX_GPIO_Init      main.o
    0x08004adc   0x08004adc   0x00000030   Code   RO           19    i.MX_IWDG_Init      main.o
    0x08004b0c   0x08004b0c   0x00000044   Code   RO           20    i.MX_SPI2_Init      main.o
    0x08004b50   0x08004b50   0x000000a4   Code   RO           21    i.MX_TIM4_Init      main.o
    0x08004bf4   0x08004bf4   0x00000048   Code   RO           22    i.MX_UART4_Init     main.o
    0x08004c3c   0x08004c3c   0x00000048   Code   RO           23    i.MX_USART1_UART_Init  main.o
    0x08004c84   0x08004c84   0x00000048   Code   RO           24    i.MX_USART2_UART_Init  main.o
    0x08004ccc   0x08004ccc   0x00000048   Code   RO           25    i.MX_USART3_UART_Init  main.o
    0x08004d14   0x08004d14   0x00000134   Code   RO         1150    i.Make_packet       wifi.o
    0x08004e48   0x08004e48   0x00000004   Code   RO          259    i.MemManage_Handler  stm32f1xx_it.o
    0x08004e4c   0x08004e4c   0x00000194   Code   RO          830    i.Modbus_Tcp_Proc   w5100s_proc.o
    0x08004fe0   0x08004fe0   0x00000002   Code   RO          831    i.Modbus_Tcp_Recv_Proc  w5100s_proc.o
    0x08004fe2   0x08004fe2   0x00000002   Code   RO          260    i.NMI_Handler       stm32f1xx_it.o
    0x08004fe4   0x08004fe4   0x00000002   Code   RO         1246    i.Output_Proc       repeater.o
    0x08004fe6   0x08004fe6   0x00000002   PAD
    0x08004fe8   0x08004fe8   0x000000b4   Code   RO          525    i.PWM_Config        buzzer.o
    0x0800509c   0x0800509c   0x00000002   Code   RO          261    i.PendSV_Handler    stm32f1xx_it.o
    0x0800509e   0x0800509e   0x00000002   PAD
    0x080050a0   0x080050a0   0x00000028   Code   RO         2599    i.RCC_Delay         stm32f1xx_hal_rcc.o
    0x080050c8   0x080050c8   0x00000018   Code   RO         1247    i.Repeater_Proc     repeater.o
    0x080050e0   0x080050e0   0x00000080   Code   RO          778    i.Rs485_proc        rs485.o
    0x08005160   0x08005160   0x00000002   Code   RO          262    i.SVC_Handler       stm32f1xx_it.o
    0x08005162   0x08005162   0x00000002   PAD
    0x08005164   0x08005164   0x00000020   Code   RO         1107    i.Seg_data_set      segment.o
    0x08005184   0x08005184   0x000001cc   Code   RO         1108    i.Segment_Disp      segment.o
    0x08005350   0x08005350   0x00000030   Code   RO          832    i.Select_Client_index  w5100s_proc.o
    0x08005380   0x08005380   0x00000068   Code   RO          575    i.SendChar          debug.o
    0x080053e8   0x080053e8   0x00000068   Code   RO         1151    i.SendChar3         wifi.o
    0x08005450   0x08005450   0x00000018   Code   RO          833    i.Send_Ethernet_Packet  w5100s_proc.o
    0x08005468   0x08005468   0x00000024   Code   RO         1152    i.Send_packet       wifi.o
    0x0800548c   0x0800548c   0x00000060   Code   RO          834    i.Set_MAC_Address   w5100s_proc.o
    0x080054ec   0x080054ec   0x0000000c   Code   RO          263    i.SysTick_Handler   stm32f1xx_it.o
    0x080054f8   0x080054f8   0x00000086   Code   RO           26    i.SystemClock_Config  main.o
    0x0800557e   0x0800557e   0x00000002   PAD
    0x08005580   0x08005580   0x00000058   Code   RO          487    i.SystemInit        system_stm32f1xx.o
    0x080055d8   0x080055d8   0x000000f8   Code   RO          726    i.Systic_Callback_Proc  mytimer.o
    0x080056d0   0x080056d0   0x0000009c   Code   RO         4178    i.TIM_Base_SetConfig  stm32f1xx_hal_tim.o
    0x0800576c   0x0800576c   0x00000022   Code   RO         4179    i.TIM_CCxChannelCmd  stm32f1xx_hal_tim.o
    0x0800578e   0x0800578e   0x00000016   Code   RO         4189    i.TIM_ETR_SetConfig  stm32f1xx_hal_tim.o
    0x080057a4   0x080057a4   0x00000012   Code   RO         4190    i.TIM_ITRx_SetConfig  stm32f1xx_hal_tim.o
    0x080057b6   0x080057b6   0x00000002   PAD
    0x080057b8   0x080057b8   0x00000070   Code   RO         4191    i.TIM_OC1_SetConfig  stm32f1xx_hal_tim.o
    0x08005828   0x08005828   0x0000007c   Code   RO         4192    i.TIM_OC2_SetConfig  stm32f1xx_hal_tim.o
    0x080058a4   0x080058a4   0x00000078   Code   RO         4193    i.TIM_OC3_SetConfig  stm32f1xx_hal_tim.o
    0x0800591c   0x0800591c   0x00000054   Code   RO         4194    i.TIM_OC4_SetConfig  stm32f1xx_hal_tim.o
    0x08005970   0x08005970   0x00000026   Code   RO         4196    i.TIM_TI1_ConfigInputStage  stm32f1xx_hal_tim.o
    0x08005996   0x08005996   0x00000028   Code   RO         4198    i.TIM_TI2_ConfigInputStage  stm32f1xx_hal_tim.o
    0x080059be   0x080059be   0x00000002   PAD
    0x080059c0   0x080059c0   0x000002cc   Code   RO          837    i.Tcp_Client_Proc   w5100s_proc.o
    0x08005c8c   0x08005c8c   0x000004d8   Code   RO         1154    i.Tcp_Data_Send     wifi.o
    0x08006164   0x08006164   0x00000124   Code   RO          838    i.Tcp_Proc          w5100s_proc.o
    0x08006288   0x08006288   0x000000ec   Code   RO          727    i.Timer_Proc        mytimer.o
    0x08006374   0x08006374   0x00000008   Code   RO          264    i.UART4_IRQHandler  stm32f1xx_it.o
    0x0800637c   0x0800637c   0x000000fc   Code   RO         5123    i.UART_SetConfig    stm32f1xx_hal_uart.o
    0x08006478   0x08006478   0x00000008   Code   RO          265    i.USART1_IRQHandler  stm32f1xx_it.o
    0x08006480   0x08006480   0x00000188   Code   RO          780    i.USART1_IRQ_Function  rs485.o
    0x08006608   0x08006608   0x00000008   Code   RO          266    i.USART2_IRQHandler  stm32f1xx_it.o
    0x08006610   0x08006610   0x0000014c   Code   RO          576    i.USART2_IRQ_Function  debug.o
    0x0800675c   0x0800675c   0x00000008   Code   RO          267    i.USART3_IRQHandler  stm32f1xx_it.o
    0x08006764   0x08006764   0x0000014c   Code   RO         1155    i.USART3_IRQ_Function  wifi.o
    0x080068b0   0x080068b0   0x0000014c   Code   RO         1310    i.USART4_IRQ_Function  rs232c.o
    0x080069fc   0x080069fc   0x00000004   Code   RO          268    i.UsageFault_Handler  stm32f1xx_it.o
    0x08006a00   0x08006a00   0x000000c8   Code   RO          577    i.UserCommand_Proc  debug.o
    0x08006ac8   0x08006ac8   0x00000068   Code   RO         1027    i.W5100SInitialze   w5100srelfunctions.o
    0x08006b30   0x08006b30   0x00000028   Code   RO         1028    i.W5100SReset       w5100srelfunctions.o
    0x08006b58   0x08006b58   0x0000004c   Code   RO         1734    i.WIZCHIP_READ      w5100s.o
    0x08006ba4   0x08006ba4   0x00000080   Code   RO         1735    i.WIZCHIP_READ_BUF  w5100s.o
    0x08006c24   0x08006c24   0x0000004c   Code   RO         1736    i.WIZCHIP_WRITE     w5100s.o
    0x08006c70   0x08006c70   0x00000080   Code   RO         1737    i.WIZCHIP_WRITE_BUF  w5100s.o
    0x08006cf0   0x08006cf0   0x00000124   Code   RO         1156    i.Wifi_proc         wifi.o
    0x08006e14   0x08006e14   0x000000e4   Code   RO          839    i.Wiznet_W5100S_Init  w5100s_proc.o
    0x08006ef8   0x08006ef8   0x00000028   Code   RO         5697    i.__0sprintf        mc_w.l(printfa.o)
    0x08006f20   0x08006f20   0x00000024   Code   RO         5701    i.__0vsprintf       mc_w.l(printfa.o)
    0x08006f44   0x08006f44   0x00000010   Code   RO         2904    i.__NVIC_GetPriorityGrouping  stm32f1xx_hal_cortex.o
    0x08006f54   0x08006f54   0x00000028   Code   RO         2905    i.__NVIC_SetPriority  stm32f1xx_hal_cortex.o
    0x08006f7c   0x08006f7c   0x00000008   Code   RO         5800    i.__aeabi_errno_addr  mc_w.l(errno.o)
    0x08006f84   0x08006f84   0x0000000e   Code   RO         5828    i.__scatterload_copy  mc_w.l(handlers.o)
    0x08006f92   0x08006f92   0x00000002   Code   RO         5829    i.__scatterload_null  mc_w.l(handlers.o)
    0x08006f94   0x08006f94   0x0000000e   Code   RO         5830    i.__scatterload_zeroinit  mc_w.l(handlers.o)
    0x08006fa2   0x08006fa2   0x00000002   PAD
    0x08006fa4   0x08006fa4   0x00000184   Code   RO         5702    i._fp_digits        mc_w.l(printfa.o)
    0x08007128   0x08007128   0x000006b4   Code   RO         5703    i._printf_core      mc_w.l(printfa.o)
    0x080077dc   0x080077dc   0x00000024   Code   RO         5704    i._printf_post_padding  mc_w.l(printfa.o)
    0x08007800   0x08007800   0x0000002e   Code   RO         5705    i._printf_pre_padding  mc_w.l(printfa.o)
    0x0800782e   0x0800782e   0x0000000a   Code   RO         5707    i._sputc            mc_w.l(printfa.o)
    0x08007838   0x08007838   0x00000006   Code   RO         1030    i.busReadByte       w5100srelfunctions.o
    0x0800783e   0x0800783e   0x00000004   Code   RO         1032    i.busWriteByte      w5100srelfunctions.o
    0x08007842   0x08007842   0x00000002   PAD
    0x08007844   0x08007844   0x00000088   Code   RO         1407    i.close             socket.o
    0x080078cc   0x080078cc   0x00000010   Code   RO          578    i.cmd_help          debug.o
    0x080078dc   0x080078dc   0x00000118   Code   RO         1408    i.connect           socket.o
    0x080079f4   0x080079f4   0x000000e0   Code   RO         1501    i.ctlwizchip        wizchip_conf.o
    0x08007ad4   0x08007ad4   0x000000a0   Code   RO         1410    i.disconnect        socket.o
    0x08007b74   0x08007b74   0x000000bc   Code   RO          840    i.eth_cmd_baud      w5100s_proc.o
    0x08007c30   0x08007c30   0x00000038   Code   RO          841    i.eth_cmd_ccnt      w5100s_proc.o
    0x08007c68   0x08007c68   0x00000028   Code   RO          842    i.eth_cmd_help      w5100s_proc.o
    0x08007c90   0x08007c90   0x00000080   Code   RO          843    i.eth_cmd_id        w5100s_proc.o
    0x08007d10   0x08007d10   0x00000160   Code   RO          844    i.eth_cmd_info      w5100s_proc.o
    0x08007e70   0x08007e70   0x0000003c   Code   RO          845    i.eth_cmd_mdi       w5100s_proc.o
    0x08007eac   0x08007eac   0x00000034   Code   RO          846    i.eth_cmd_mrs       w5100s_proc.o
    0x08007ee0   0x08007ee0   0x00000028   Code   RO          847    i.eth_cmd_reset     w5100s_proc.o
    0x08007f08   0x08007f08   0x00000174   Code   RO          848    i.eth_cmd_sip       w5100s_proc.o
    0x0800807c   0x0800807c   0x000000b8   Code   RO          849    i.eth_cmd_sport     w5100s_proc.o
    0x08008134   0x08008134   0x00000098   Code   RO          850    i.eth_cmd_spwd      w5100s_proc.o
    0x080081cc   0x080081cc   0x00000098   Code   RO          851    i.eth_cmd_ssid      w5100s_proc.o
    0x08008264   0x08008264   0x00000204   Code   RO          852    i.eth_cmd_wifimac   w5100s_proc.o
    0x08008468   0x08008468   0x0000004c   Code   RO         1738    i.getSn_RX_RSR      w5100s.o
    0x080084b4   0x080084b4   0x00000034   Code   RO         1739    i.getSn_RxBASE      w5100s.o
    0x080084e8   0x080084e8   0x0000004c   Code   RO         1740    i.getSn_TX_FSR      w5100s.o
    0x08008534   0x08008534   0x00000034   Code   RO         1741    i.getSn_TxBASE      w5100s.o
    0x08008568   0x08008568   0x00000042   Code   RO          581    i.get_entry         debug.o
    0x080085aa   0x080085aa   0x00000082   Code   RO         1412    i.listen            socket.o
    0x0800862c   0x0800862c   0x00000100   Code   RO           27    i.main              main.o
    0x0800872c   0x0800872c   0x0000004c   Code   RO          582    i.mprintf           debug.o
    0x08008778   0x08008778   0x0000004c   Code   RO         1157    i.mprintf3          wifi.o
    0x080087c4   0x080087c4   0x00000118   Code   RO          853    i.print_network_information  w5100s_proc.o
    0x080088dc   0x080088dc   0x00000118   Code   RO         1413    i.recv              socket.o
    0x080089f4   0x080089f4   0x00000034   Code   RO         1502    i.reg_wizchip_bus_cbfunc  wizchip_conf.o
    0x08008a28   0x08008a28   0x0000015c   Code   RO         1415    i.send              socket.o
    0x08008b84   0x08008b84   0x00000158   Code   RO         1418    i.socket            socket.o
    0x08008cdc   0x08008cdc   0x00000034   Code   RO         1743    i.wiz_mdio_read     w5100s.o
    0x08008d10   0x08008d10   0x00000034   Code   RO         1744    i.wiz_mdio_write    w5100s.o
    0x08008d44   0x08008d44   0x000000e0   Code   RO         1745    i.wiz_recv_data     w5100s.o
    0x08008e24   0x08008e24   0x000000e0   Code   RO         1747    i.wiz_send_data     w5100s.o
    0x08008f04   0x08008f04   0x00000006   Code   RO         1507    i.wizchip_bus_readdata  wizchip_conf.o
    0x08008f0a   0x08008f0a   0x00000004   Code   RO         1508    i.wizchip_bus_writedata  wizchip_conf.o
    0x08008f0e   0x08008f0e   0x0000001e   Code   RO         1509    i.wizchip_clrinterrupt  wizchip_conf.o
    0x08008f2c   0x08008f2c   0x00000002   Code   RO         1510    i.wizchip_cris_enter  wizchip_conf.o
    0x08008f2e   0x08008f2e   0x00000002   Code   RO         1511    i.wizchip_cris_exit  wizchip_conf.o
    0x08008f30   0x08008f30   0x00000002   Code   RO         1512    i.wizchip_cs_deselect  wizchip_conf.o
    0x08008f32   0x08008f32   0x00000002   Code   RO         1513    i.wizchip_cs_select  wizchip_conf.o
    0x08008f34   0x08008f34   0x00000024   Code   RO         1514    i.wizchip_getinterrupt  wizchip_conf.o
    0x08008f58   0x08008f58   0x00000022   Code   RO         1515    i.wizchip_getinterruptmask  wizchip_conf.o
    0x08008f7a   0x08008f7a   0x00000002   PAD
    0x08008f7c   0x08008f7c   0x00000054   Code   RO         1516    i.wizchip_getnetinfo  wizchip_conf.o
    0x08008fd0   0x08008fd0   0x000000ea   Code   RO         1519    i.wizchip_init      wizchip_conf.o
    0x080090ba   0x080090ba   0x0000001c   Code   RO         1520    i.wizchip_setinterruptmask  wizchip_conf.o
    0x080090d6   0x080090d6   0x00000002   PAD
    0x080090d8   0x080090d8   0x00000054   Code   RO         1521    i.wizchip_setnetinfo  wizchip_conf.o
    0x0800912c   0x0800912c   0x0000007c   Code   RO         1528    i.wizchip_sw_reset  wizchip_conf.o
    0x080091a8   0x080091a8   0x00000044   Code   RO         1529    i.wizphy_getphyconf  wizchip_conf.o
    0x080091ec   0x080091ec   0x00000016   Code   RO         1530    i.wizphy_getphylink  wizchip_conf.o
    0x08009202   0x08009202   0x00000006   Code   RO         1531    i.wizphy_getphypmode  wizchip_conf.o
    0x08009208   0x08009208   0x00000028   Code   RO         1532    i.wizphy_reset      wizchip_conf.o
    0x08009230   0x08009230   0x00000046   Code   RO         1533    i.wizphy_setphyconf  wizchip_conf.o
    0x08009276   0x08009276   0x0000004e   Code   RO         1534    i.wizphy_setphypmode  wizchip_conf.o
    0x080092c4   0x080092c4   0x00000018   Data   RO          488    .constdata          system_stm32f1xx.o
    0x080092dc   0x080092dc   0x00000074   Data   RO          527    .constdata          buzzer.o
    0x08009350   0x08009350   0x00000188   Data   RO          584    .constdata          debug.o
    0x080094d8   0x080094d8   0x00000624   Data   RO          855    .constdata          w5100s_proc.o
    0x08009afc   0x08009afc   0x00000008   Data   RO         1033    .constdata          w5100srelfunctions.o
    0x08009b04   0x08009b04   0x0000001d   Data   RO         1109    .constdata          segment.o
    0x08009b21   0x08009b21   0x00000081   Data   RO         5773    .constdata          mc_w.l(ctype_o.o)
    0x08009ba2   0x08009ba2   0x00000002   PAD
    0x08009ba4   0x08009ba4   0x00000004   Data   RO         5774    .constdata          mc_w.l(ctype_o.o)
    0x08009ba8   0x08009ba8   0x00000020   Data   RO         5826    Region$$Table       anon$$obj.o


    Execution Region RW_IRAM1 (Exec base: 0x20000000, Load base: 0x08009bc8, Size: 0x00006ce8, Max: 0x0000c000, ABSOLUTE, COMPRESSED[0x00000054])

    Exec Addr    Load Addr    Size         Type   Attr      Idx    E Section Name        Object

    0x20000000   COMPRESSED   0x00000008   Data   RW           29    .data               main.o
    0x20000008   COMPRESSED   0x00000008   Data   RW          387    .data               stm32f1xx_hal_msp.o
    0x20000010   COMPRESSED   0x00000004   Data   RW          489    .data               system_stm32f1xx.o
    0x20000014   COMPRESSED   0x00000012   Data   RW          528    .data               buzzer.o
    0x20000026   COMPRESSED   0x0000000d   Data   RW          585    .data               debug.o
    0x20000033   COMPRESSED   0x00000001   PAD
    0x20000034   COMPRESSED   0x00000010   Data   RW          689    .data               flashrom.o
    0x20000044   COMPRESSED   0x00000024   Data   RW          729    .data               mytimer.o
    0x20000068   COMPRESSED   0x0000000e   Data   RW          783    .data               rs485.o
    0x20000076   COMPRESSED   0x00000023   Data   RW          856    .data               w5100s_proc.o
    0x20000099   COMPRESSED   0x00000005   Data   RW         1110    .data               segment.o
    0x2000009e   COMPRESSED   0x00000002   PAD
    0x200000a0   COMPRESSED   0x00000020   Data   RW         1159    .data               wifi.o
    0x200000c0   COMPRESSED   0x0000000c   Data   RW         1248    .data               repeater.o
    0x200000cc   COMPRESSED   0x0000000f   Data   RW         1313    .data               rs232c.o
    0x200000db   COMPRESSED   0x00000001   PAD
    0x200000dc   COMPRESSED   0x00000012   Data   RW         1419    .data               socket.o
    0x200000ee   COMPRESSED   0x00000002   PAD
    0x200000f0   COMPRESSED   0x00000031   Data   RW         1535    .data               wizchip_conf.o
    0x20000121   COMPRESSED   0x00000003   PAD
    0x20000124   COMPRESSED   0x00000009   Data   RW         2436    .data               stm32f1xx_hal.o
    0x2000012d   COMPRESSED   0x00000003   PAD
    0x20000130   COMPRESSED   0x00000004   Data   RW         3621    .data               stm32f1xx_hal_nor.o
    0x20000134   COMPRESSED   0x00000004   Data   RW         5455    .data               mc_w.l(strtok.o)
    0x20000138   COMPRESSED   0x00000004   Data   RW         5803    .data               mc_w.l(errno.o)
    0x2000013c        -       0x00000288   Zero   RW           28    .bss                main.o
    0x200003c4        -       0x00000620   Zero   RW          583    .bss                debug.o
    0x200009e4        -       0x00000328   Zero   RW          688    .bss                flashrom.o
    0x20000d0c        -       0x0000000c   Zero   RW          728    .bss                mytimer.o
    0x20000d18        -       0x00002a48   Zero   RW          782    .bss                rs485.o
    0x20003760        -       0x00002000   Zero   RW          854    .bss                w5100s_proc.o
    0x20005760        -       0x00000a64   Zero   RW         1158    .bss                wifi.o
    0x200061c4        -       0x00000300   Zero   RW         1312    .bss                rs232c.o
    0x200064c4   COMPRESSED   0x00000004   PAD
    0x200064c8        -       0x00000020   Zero   RW         3150    .bss                stm32f1xx_hal_flash.o
    0x200064e8        -       0x00000800   Zero   RW            1    STACK               startup_stm32f103xe.o


==============================================================================

Image component sizes


      Code (inc. data)   RO Data    RW Data    ZI Data      Debug   Object Name

       420         52        116         18          0       3055   buzzer.o
      1058        156        392         13       1568       9471   debug.o
       908        172          0         16        808       2276   flashrom.o
      1844        214          0          8        648     546383   main.o
       728        128          0         36         12       3945   mytimer.o
       152         24          0         12          0       2891   repeater.o
       332         40          0         15        768       2119   rs232c.o
       520         72          0         14      10824       2742   rs485.o
       492         32         29          5          0       1694   segment.o
      1678         74          0         18          0       6044   socket.o
        36          8        304          0       2048        776   startup_stm32f103xe.o
       192         36          0          9          0       6269   stm32f1xx_hal.o
      1754         58          0          0          0       9829   stm32f1xx_hal_adc.o
       282          4          0          0          0       1947   stm32f1xx_hal_adc_ex.o
       304         22          0          0          0      29219   stm32f1xx_hal_cortex.o
        72          0          0          0          0       1692   stm32f1xx_hal_crc.o
      1260         18          0          0          0       3639   stm32f1xx_hal_dma.o
       520         48          0          0         32       3974   stm32f1xx_hal_flash.o
       256         26          0          0          0       2443   stm32f1xx_hal_flash_ex.o
       908         44          0          0          0       4387   stm32f1xx_hal_gpio.o
       108          0          0          0          0       1743   stm32f1xx_hal_iwdg.o
      1230        122          0          8          0       6082   stm32f1xx_hal_msp.o
       404          6          0          4          0       4294   stm32f1xx_hal_nor.o
      1784        110          0          0          0       5792   stm32f1xx_hal_rcc.o
       612         46          0          0          0       2345   stm32f1xx_hal_rcc_ex.o
       190          0          0          0          0       1071   stm32f1xx_hal_spi.o
      1882         88          0          0          0      12037   stm32f1xx_hal_tim.o
       156         22          0          0          0       1256   stm32f1xx_hal_tim_ex.o
       366          4          0          0          0       1644   stm32f1xx_hal_uart.o
       110         12          0          0          0       6571   stm32f1xx_it.o
       254         10          0          0          0       3707   stm32f1xx_ll_fsmc.o
        88         18         24          4          0       1079   system_stm32f1xx.o
      1216         32          0          0          0       7443   w5100s.o
      4694       1646       1572         35       8192      18391   w5100s_proc.o
       154         56          8          0          0       1945   w5100srelfunctions.o
      4548        842          0         32       2660       9240   wifi.o
      1232         50          0         49          0      15175   wizchip_conf.o

    ----------------------------------------------------------------------
     32784       4292       2477        308      27564     744610   Object Totals
         0          0         32          0          0          0   (incl. Generated)
        40          0          0         12          4          0   (incl. Padding)

    ----------------------------------------------------------------------

      Code (inc. data)   RO Data    RW Data    ZI Data      Debug   Library Member Name

        86          0          0          0          0          0   __dczerorl2.o
        28          0          0          0          0         68   _chval.o
       158          0          0          0          0         92   _strtoul.o
        26          0          0          0          0         80   atoi.o
         8          4        133          0          0         68   ctype_o.o
         0          0          0          0          0          0   entry.o
         0          0          0          0          0          0   entry10a.o
         0          0          0          0          0          0   entry11a.o
         4          0          0          0          0          0   entry12b.o
         8          4          0          0          0          0   entry2.o
         4          0          0          0          0          0   entry5.o
         0          0          0          0          0          0   entry7b.o
         0          0          0          0          0          0   entry8b.o
         8          4          0          0          0          0   entry9a.o
         8          4          0          4          0         68   errno.o
        30          0          0          0          0          0   handlers.o
        36          8          0          0          0         68   init.o
         0          0          0          0          0          0   iusefp.o
        30          0          0          0          0         68   llshl.o
        36          0          0          0          0         68   llsshr.o
        32          0          0          0          0         68   llushr.o
        36          0          0          0          0         68   memcpya.o
        36          0          0          0          0        108   memseta.o
      2272         92          0          0          0        612   printfa.o
        28          0          0          0          0         76   strcmp.o
        18          0          0          0          0         68   strcpy.o
        14          0          0          0          0         68   strlen.o
        24          0          0          0          0         76   strncpy.o
        36          0          0          0          0         80   strstr.o
        68          6          0          4          0         80   strtok.o
       112          0          0          0          0         88   strtol.o
       114          0          0          0          0         92   strtoul.o
        12          0          0          0          0         68   toupper.o
        44          0          0          0          0         80   uidiv.o
        98          0          0          0          0         92   uldiv.o
        48          0          0          0          0         68   cdrcmple.o
       334          0          0          0          0        148   dadd.o
       222          0          0          0          0        100   ddiv.o
       186          0          0          0          0        176   depilogue.o
        48          0          0          0          0         68   dfixul.o
       228          0          0          0          0         96   dmul.o

    ----------------------------------------------------------------------
      4484        122        135          8          0       2960   Library Totals
         4          0          2          0          0          0   (incl. Padding)

    ----------------------------------------------------------------------

      Code (inc. data)   RO Data    RW Data    ZI Data      Debug   Library Name

      3414        122        133          8          0       2304   mc_w.l
      1066          0          0          0          0        656   mf_w.l

    ----------------------------------------------------------------------
      4484        122        135          8          0       2960   Library Totals

    ----------------------------------------------------------------------

==============================================================================


      Code (inc. data)   RO Data    RW Data    ZI Data      Debug   

     37268       4414       2612        316      27564     734490   Grand Totals
     37268       4414       2612         84      27564     734490   ELF Image Totals (compressed)
     37268       4414       2612         84          0          0   ROM Totals

==============================================================================

    Total RO  Size (Code + RO Data)                39880 (  38.95kB)
    Total RW  Size (RW Data + ZI Data)             27880 (  27.23kB)
    Total ROM Size (Code + RO Data + RW Data)      39964 (  39.03kB)

==============================================================================

