Component: ARM Compiler 5.06 update 7 (build 960) Tool: armlink [4d3601]

==============================================================================

Section Cross References

    startup_stm32f103xe.o(RESET) refers to startup_stm32f103xe.o(STACK) for __initial_sp
    startup_stm32f103xe.o(RESET) refers to startup_stm32f103xe.o(.text) for Reset_Handler
    startup_stm32f103xe.o(RESET) refers to stm32f1xx_it.o(i.NMI_Handler) for NMI_Handler
    startup_stm32f103xe.o(RESET) refers to stm32f1xx_it.o(i.HardFault_Handler) for HardFault_Handler
    startup_stm32f103xe.o(RESET) refers to stm32f1xx_it.o(i.MemManage_Handler) for MemManage_Handler
    startup_stm32f103xe.o(RESET) refers to stm32f1xx_it.o(i.BusFault_Handler) for BusFault_Handler
    startup_stm32f103xe.o(RESET) refers to stm32f1xx_it.o(i.UsageFault_Handler) for UsageFault_Handler
    startup_stm32f103xe.o(RESET) refers to stm32f1xx_it.o(i.SVC_Handler) for SVC_Handler
    startup_stm32f103xe.o(RESET) refers to stm32f1xx_it.o(i.DebugMon_Handler) for DebugMon_Handler
    startup_stm32f103xe.o(RESET) refers to stm32f1xx_it.o(i.PendSV_Handler) for PendSV_Handler
    startup_stm32f103xe.o(RESET) refers to stm32f1xx_it.o(i.SysTick_Handler) for SysTick_Handler
    startup_stm32f103xe.o(RESET) refers to stm32f1xx_it.o(i.DMA1_Channel1_IRQHandler) for DMA1_Channel1_IRQHandler
    startup_stm32f103xe.o(RESET) refers to stm32f1xx_it.o(i.ADC1_2_IRQHandler) for ADC1_2_IRQHandler
    startup_stm32f103xe.o(RESET) refers to stm32f1xx_it.o(i.USART1_IRQHandler) for USART1_IRQHandler
    startup_stm32f103xe.o(RESET) refers to stm32f1xx_it.o(i.USART2_IRQHandler) for USART2_IRQHandler
    startup_stm32f103xe.o(RESET) refers to stm32f1xx_it.o(i.USART3_IRQHandler) for USART3_IRQHandler
    startup_stm32f103xe.o(.text) refers to system_stm32f1xx.o(i.SystemInit) for SystemInit
    startup_stm32f103xe.o(.text) refers to entry.o(.ARM.Collect$$$$00000000) for __main
    main.o(i.MX_ADC1_Init) refers to stm32f1xx_hal_adc.o(i.HAL_ADC_Init) for HAL_ADC_Init
    main.o(i.MX_ADC1_Init) refers to main.o(i.Error_Handler) for Error_Handler
    main.o(i.MX_ADC1_Init) refers to stm32f1xx_hal_adc.o(i.HAL_ADC_ConfigChannel) for HAL_ADC_ConfigChannel
    main.o(i.MX_ADC1_Init) refers to stm32f1xx_hal_adc_ex.o(i.HAL_ADCEx_Calibration_Start) for HAL_ADCEx_Calibration_Start
    main.o(i.MX_ADC1_Init) refers to stm32f1xx_hal_adc.o(i.HAL_ADC_GetState) for HAL_ADC_GetState
    main.o(i.MX_ADC1_Init) refers to stm32f1xx_hal_adc.o(i.HAL_ADC_Start_DMA) for HAL_ADC_Start_DMA
    main.o(i.MX_ADC1_Init) refers to main.o(.bss) for hadc1
    main.o(i.MX_CRC_Init) refers to stm32f1xx_hal_crc.o(i.HAL_CRC_Init) for HAL_CRC_Init
    main.o(i.MX_CRC_Init) refers to main.o(i.Error_Handler) for Error_Handler
    main.o(i.MX_CRC_Init) refers to main.o(.data) for hcrc
    main.o(i.MX_DMA_Init) refers to stm32f1xx_hal_cortex.o(i.HAL_NVIC_SetPriority) for HAL_NVIC_SetPriority
    main.o(i.MX_DMA_Init) refers to stm32f1xx_hal_cortex.o(i.HAL_NVIC_EnableIRQ) for HAL_NVIC_EnableIRQ
    main.o(i.MX_FSMC_Init) refers to memseta.o(.text) for __aeabi_memclr4
    main.o(i.MX_FSMC_Init) refers to stm32f1xx_hal_nor.o(i.HAL_NOR_Init) for HAL_NOR_Init
    main.o(i.MX_FSMC_Init) refers to main.o(i.Error_Handler) for Error_Handler
    main.o(i.MX_FSMC_Init) refers to main.o(.bss) for hnor1
    main.o(i.MX_GPIO_Init) refers to stm32f1xx_hal_gpio.o(i.HAL_GPIO_WritePin) for HAL_GPIO_WritePin
    main.o(i.MX_GPIO_Init) refers to stm32f1xx_hal_gpio.o(i.HAL_GPIO_Init) for HAL_GPIO_Init
    main.o(i.MX_IWDG_Init) refers to stm32f1xx_hal_iwdg.o(i.HAL_IWDG_Init) for HAL_IWDG_Init
    main.o(i.MX_IWDG_Init) refers to main.o(i.Error_Handler) for Error_Handler
    main.o(i.MX_IWDG_Init) refers to stm32f1xx_hal_iwdg.o(i.HAL_IWDG_Refresh) for HAL_IWDG_Refresh
    main.o(i.MX_IWDG_Init) refers to main.o(.bss) for hiwdg
    main.o(i.MX_SPI2_Init) refers to stm32f1xx_hal_spi.o(i.HAL_SPI_Init) for HAL_SPI_Init
    main.o(i.MX_SPI2_Init) refers to main.o(i.Error_Handler) for Error_Handler
    main.o(i.MX_SPI2_Init) refers to main.o(.bss) for hspi2
    main.o(i.MX_TIM4_Init) refers to memseta.o(.text) for __aeabi_memclr4
    main.o(i.MX_TIM4_Init) refers to stm32f1xx_hal_tim.o(i.HAL_TIM_Base_Init) for HAL_TIM_Base_Init
    main.o(i.MX_TIM4_Init) refers to main.o(i.Error_Handler) for Error_Handler
    main.o(i.MX_TIM4_Init) refers to stm32f1xx_hal_tim.o(i.HAL_TIM_ConfigClockSource) for HAL_TIM_ConfigClockSource
    main.o(i.MX_TIM4_Init) refers to stm32f1xx_hal_tim.o(i.HAL_TIM_PWM_Init) for HAL_TIM_PWM_Init
    main.o(i.MX_TIM4_Init) refers to stm32f1xx_hal_tim_ex.o(i.HAL_TIMEx_MasterConfigSynchronization) for HAL_TIMEx_MasterConfigSynchronization
    main.o(i.MX_TIM4_Init) refers to stm32f1xx_hal_tim.o(i.HAL_TIM_PWM_ConfigChannel) for HAL_TIM_PWM_ConfigChannel
    main.o(i.MX_TIM4_Init) refers to stm32f1xx_hal_msp.o(i.HAL_TIM_MspPostInit) for HAL_TIM_MspPostInit
    main.o(i.MX_TIM4_Init) refers to main.o(.bss) for htim4
[...]
    BusFault_Handler                         0x08000ad5   Thumb Code     4  stm32f1xx_it.o(i.BusFault_Handler)
    Buzzer_Sequence                          0x08000ad9   Thumb Code   194  buzzer.o(i.Buzzer_Sequence)
    Buzzer_Stop                              0x08000bb9   Thumb Code    12  buzzer.o(i.Buzzer_Stop)
    CRC_Sum                                  0x08000bc9   Thumb Code    36  rs485.o(i.CRC_Sum)
    Connect_Tcp_Server                       0x08000bed   Thumb Code   278  wifi.o(i.Connect_Tcp_Server)
    DHCP_init                                0x08000d5d   Thumb Code   194  dhcp.o(i.DHCP_init)
    DHCP_run                                 0x08000e39   Thumb Code   418  dhcp.o(i.DHCP_run)
    DHCP_stop                                0x0800100d   Thumb Code    18  dhcp.o(i.DHCP_stop)
    DMA1_Channel1_IRQHandler                 0x08001029   Thumb Code    10  stm32f1xx_it.o(i.DMA1_Channel1_IRQHandler)
    DNS_Proc                                 0x08001065   Thumb Code   154  w5100s_proc.o(i.DNS_Proc)
    DNS_init                                 0x080011ad   Thumb Code    18  dns.o(i.DNS_init)
    DNS_run                                  0x080011cd   Thumb Code   200  dns.o(i.DNS_run)
    DebugMon_Handler                         0x080012a5   Thumb Code     2  stm32f1xx_it.o(i.DebugMon_Handler)
    Debug_proc                               0x080012a9   Thumb Code   140  debug.o(i.Debug_proc)
    Disp_Segment                             0x08001355   Thumb Code   658  repeater.o(i.Disp_Segment)
    Disp_Version                             0x080015fd   Thumb Code    56  repeater.o(i.Disp_Version)
    Error_Handler                            0x08001635   Thumb Code     2  main.o(i.Error_Handler)
    Ethernet_Proc                            0x08001637   Thumb Code     2  w5100s_proc.o(i.Ethernet_Proc)
    FLASH_PageErase                          0x08001661   Thumb Code    32  stm32f1xx_hal_flash_ex.o(i.FLASH_PageErase)
    FLASH_WaitForLastOperation               0x0800172d   Thumb Code   106  stm32f1xx_hal_flash.o(i.FLASH_WaitForLastOperation)
    FSMC_NORSRAM_Extended_Timing_Init        0x0800179d   Thumb Code    62  stm32f1xx_ll_fsmc.o(i.FSMC_NORSRAM_Extended_Timing_Init)
    FSMC_NORSRAM_Init                        0x080017e1   Thumb Code   116  stm32f1xx_ll_fsmc.o(i.FSMC_NORSRAM_Init)
    FSMC_NORSRAM_Timing_Init                 0x08001859   Thumb Code    66  stm32f1xx_ll_fsmc.o(i.FSMC_NORSRAM_Timing_Init)
    FlashRom_Init                            0x0800189d   Thumb Code   530  flashrom.o(i.FlashRom_Init)
    FlashRom_WriteData                       0x08001b39   Thumb Code   214  flashrom.o(i.FlashRom_WriteData)
    GetLine_Proc                             0x08001c55   Thumb Code   206  debug.o(i.GetLine_Proc)
    Get_Signal_Strength                      0x08001d39   Thumb Code   210  wifi.o(i.Get_Signal_Strength)
    HAL_ADCEx_Calibration_Start              0x08001e3d   Thumb Code   256  stm32f1xx_hal_adc_ex.o(i.HAL_ADCEx_Calibration_Start)
    HAL_ADCEx_InjectedConvCpltCallback       0x08001f41   Thumb Code     2  stm32f1xx_hal_adc_ex.o(i.HAL_ADCEx_InjectedConvCpltCallback)
    HAL_ADC_ConfigChannel                    0x08001f45   Thumb Code   338  stm32f1xx_hal_adc.o(i.HAL_ADC_ConfigChannel)
    HAL_ADC_ConvCpltCallback                 0x080020a5   Thumb Code     2  stm32f1xx_hal_adc.o(i.HAL_ADC_ConvCpltCallback)
    HAL_ADC_ConvHalfCpltCallback             0x080020a7   Thumb Code     2  stm32f1xx_hal_adc.o(i.HAL_ADC_ConvHalfCpltCallback)
    HAL_ADC_ErrorCallback                    0x080020a9   Thumb Code     2  stm32f1xx_hal_adc.o(i.HAL_ADC_ErrorCallback)
    HAL_ADC_GetState                         0x080020ab   Thumb Code     6  stm32f1xx_hal_adc.o(i.HAL_ADC_GetState)
    HAL_ADC_IRQHandler                       0x080020b1   Thumb Code   290  stm32f1xx_hal_adc.o(i.HAL_ADC_IRQHandler)
    HAL_ADC_Init                             0x080021d5   Thumb Code   340  stm32f1xx_hal_adc.o(i.HAL_ADC_Init)
    HAL_ADC_LevelOutOfWindowCallback         0x08002335   Thumb Code     2  stm32f1xx_hal_adc.o(i.HAL_ADC_LevelOutOfWindowCallback)
    HAL_ADC_MspInit                          0x08002339   Thumb Code   114  stm32f1xx_hal_msp.o(i.HAL_ADC_MspInit)
    HAL_ADC_Start_DMA                        0x080023bd   Thumb Code   362  stm32f1xx_hal_adc.o(i.HAL_ADC_Start_DMA)
    HAL_CRC_Accumulate                       0x0800253d   Thumb Code    40  stm32f1xx_hal_crc.o(i.HAL_CRC_Accumulate)
    HAL_CRC_Init                             0x08002565   Thumb Code    32  stm32f1xx_hal_crc.o(i.HAL_CRC_Init)
    HAL_CRC_MspInit                          0x08002585   Thumb Code    40  stm32f1xx_hal_msp.o(i.HAL_CRC_MspInit)
    HAL_DMA_IRQHandler                       0x080025b5   Thumb Code   910  stm32f1xx_hal_dma.o(i.HAL_DMA_IRQHandler)
    HAL_DMA_Init                             0x0800294d   Thumb Code   132  stm32f1xx_hal_dma.o(i.HAL_DMA_Init)
    HAL_DMA_Start_IT                         0x080029d9   Thumb Code   156  stm32f1xx_hal_dma.o(i.HAL_DMA_Start_IT)
    HAL_Delay                                0x08002a75   Thumb Code    36  stm32f1xx_hal.o(i.HAL_Delay)
    HAL_FLASHEx_Erase                        0x08002a9d   Thumb Code   168  stm32f1xx_hal_flash_ex.o(i.HAL_FLASHEx_Erase)
    HAL_FLASH_Lock                           0x08002b4d   Thumb Code    16  stm32f1xx_hal_flash.o(i.HAL_FLASH_Lock)
    HAL_FLASH_Program                        0x08002b61   Thumb Code   168  stm32f1xx_hal_flash.o(i.HAL_FLASH_Program)
    HAL_FLASH_Unlock                         0x08002c11   Thumb Code    36  stm32f1xx_hal_flash.o(i.HAL_FLASH_Unlock)
    HAL_GPIO_Init                            0x08002cd5   Thumb Code   792  stm32f1xx_hal_gpio.o(i.HAL_GPIO_Init)
    HAL_GPIO_ReadPin                         0x08003015   Thumb Code    16  stm32f1xx_hal_gpio.o(i.HAL_GPIO_ReadPin)
    HAL_GPIO_TogglePin                       0x08003025   Thumb Code    20  stm32f1xx_hal_gpio.o(i.HAL_GPIO_TogglePin)
    HAL_GPIO_WritePin                        0x08003039   Thumb Code    12  stm32f1xx_hal_gpio.o(i.HAL_GPIO_WritePin)
    HAL_GetTick                              0x08003045   Thumb Code     6  stm32f1xx_hal.o(i.HAL_GetTick)
    HAL_IncTick                              0x08003051   Thumb Code    16  stm32f1xx_hal.o(i.HAL_IncTick)
    HAL_Init                                 0x08003069   Thumb Code    34  stm32f1xx_hal.o(i.HAL_Init)
    HAL_InitTick                             0x08003091   Thumb Code    64  stm32f1xx_hal.o(i.HAL_InitTick)
    HAL_MspInit                              0x080030dd   Thumb Code    76  stm32f1xx_hal_msp.o(i.HAL_MspInit)
    HAL_NOR_Init                             0x08003131   Thumb Code   222  stm32f1xx_hal_nor.o(i.HAL_NOR_Init)
    HAL_NOR_MspInit                          0x08003215   Thumb Code    10  stm32f1xx_hal_msp.o(i.HAL_NOR_MspInit)
    HAL_NOR_ReturnToReadMode                 0x0800321f   Thumb Code   176  stm32f1xx_hal_nor.o(i.HAL_NOR_ReturnToReadMode)
    HAL_NVIC_EnableIRQ                       0x080032cf   Thumb Code    32  stm32f1xx_hal_cortex.o(i.HAL_NVIC_EnableIRQ)
    HAL_NVIC_SetPriority                     0x080032ef   Thumb Code   124  stm32f1xx_hal_cortex.o(i.HAL_NVIC_SetPriority)
    HAL_NVIC_SetPriorityGrouping             0x0800336d   Thumb Code    32  stm32f1xx_hal_cortex.o(i.HAL_NVIC_SetPriorityGrouping)
    HAL_RCCEx_GetPeriphCLKFreq               0x08003395   Thumb Code   276  stm32f1xx_hal_rcc_ex.o(i.HAL_RCCEx_GetPeriphCLKFreq)
    HAL_RCCEx_PeriphCLKConfig                0x080034c9   Thumb Code   290  stm32f1xx_hal_rcc_ex.o(i.HAL_RCCEx_PeriphCLKConfig)
    HAL_RCC_ClockConfig                      0x080035f9   Thumb Code   376  stm32f1xx_hal_rcc.o(i.HAL_RCC_ClockConfig)
    HAL_RCC_GetHCLKFreq                      0x08003785   Thumb Code     6  stm32f1xx_hal_rcc.o(i.HAL_RCC_GetHCLKFreq)
    HAL_RCC_GetPCLK1Freq                     0x08003791   Thumb Code    22  stm32f1xx_hal_rcc.o(i.HAL_RCC_GetPCLK1Freq)
    HAL_RCC_GetPCLK2Freq                     0x080037b1   Thumb Code    22  stm32f1xx_hal_rcc.o(i.HAL_RCC_GetPCLK2Freq)
    HAL_RCC_GetSysClockFreq                  0x080037d1   Thumb Code   116  stm32f1xx_hal_rcc.o(i.HAL_RCC_GetSysClockFreq)
    HAL_RCC_OscConfig                        0x08003865   Thumb Code  1114  stm32f1xx_hal_rcc.o(i.HAL_RCC_OscConfig)
    HAL_SPI_Init                             0x08003cc9   Thumb Code   190  stm32f1xx_hal_spi.o(i.HAL_SPI_Init)
    HAL_SPI_MspInit                          0x08003d89   Thumb Code   124  stm32f1xx_hal_msp.o(i.HAL_SPI_MspInit)
    HAL_SYSTICK_Config                       0x08003e11   Thumb Code    52  stm32f1xx_hal_cortex.o(i.HAL_SYSTICK_Config)
    HAL_TIMEx_MasterConfigSynchronization    0x08003e45   Thumb Code   134  stm32f1xx_hal_tim_ex.o(i.HAL_TIMEx_MasterConfigSynchronization)
    HAL_TIM_Base_Init                        0x08003ee1   Thumb Code   102  stm32f1xx_hal_tim.o(i.HAL_TIM_Base_Init)
    HAL_TIM_Base_MspInit                     0x08003f49   Thumb Code    40  stm32f1xx_hal_msp.o(i.HAL_TIM_Base_MspInit)
    HAL_TIM_ConfigClockSource                0x08003f79   Thumb Code   264  stm32f1xx_hal_tim.o(i.HAL_TIM_ConfigClockSource)
    HAL_TIM_MspPostInit                      0x08004081   Thumb Code    74  stm32f1xx_hal_msp.o(i.HAL_TIM_MspPostInit)
    HAL_TIM_PWM_ConfigChannel                0x080040d9   Thumb Code   252  stm32f1xx_hal_tim.o(i.HAL_TIM_PWM_ConfigChannel)
    HAL_TIM_PWM_Init                         0x080041d5   Thumb Code   102  stm32f1xx_hal_tim.o(i.HAL_TIM_PWM_Init)
    HAL_TIM_PWM_MspInit                      0x0800423b   Thumb Code     2  stm32f1xx_hal_tim.o(i.HAL_TIM_PWM_MspInit)
    HAL_TIM_PWM_Start                        0x0800423d   Thumb Code   222  stm32f1xx_hal_tim.o(i.HAL_TIM_PWM_Start)
    HAL_TIM_PWM_Stop                         0x08004331   Thumb Code   160  stm32f1xx_hal_tim.o(i.HAL_TIM_PWM_Stop)
    HAL_UART_Init                            0x080043d9   Thumb Code   114  stm32f1xx_hal_uart.o(i.HAL_UART_Init)
    HAL_UART_MspInit                         0x0800444d   Thumb Code   382  stm32f1xx_hal_msp.o(i.HAL_UART_MspInit)
    HardFault_Handler                        0x080045e5   Thumb Code     4  stm32f1xx_it.o(i.HardFault_Handler)
    Init_Init_mode                           0x080045e9   Thumb Code   106  wifi.o(i.Init_Init_mode)
    Init_SoftAP_mode                         0x08004679   Thumb Code   738  wifi.o(i.Init_SoftAP_mode)
    Init_Station_mode                        0x08004a69   Thumb Code   872  wifi.o(i.Init_Station_mode)
    InputKey_Proc                            0x08004e7d   Thumb Code   232  repeater.o(i.InputKey_Proc)
    Key_Scan                                 0x08004f7d   Thumb Code   216  mytimer.o(i.Key_Scan)
    Make_packet                              0x0800557d   Thumb Code   376  wifi.o(i.Make_packet)
    MemManage_Handler                        0x080057c9   Thumb Code     4  stm32f1xx_it.o(i.MemManage_Handler)
    NMI_Handler                              0x080057cd   Thumb Code     2  stm32f1xx_it.o(i.NMI_Handler)
    Network_state_led                        0x080057d1   Thumb Code    68  mytimer.o(i.Network_state_led)
    NibbleToHex                              0x08005825   Thumb Code    26  dhcp.o(i.NibbleToHex)
    Open_Tcp_Server                          0x08005841   Thumb Code   286  wifi.o(i.Open_Tcp_Server)
    Output_Proc                              0x080059c1   Thumb Code     2  repeater.o(i.Output_Proc)
    PWM_Config                               0x080059c5   Thumb Code   162  buzzer.o(i.PWM_Config)
    PendSV_Handler                           0x08005a79   Thumb Code     2  stm32f1xx_it.o(i.PendSV_Handler)
    Play_Buzzer                              0x08005a7d   Thumb Code   160  buzzer.o(i.Play_Buzzer)
    Receive_0x22                             0x08005b79   Thumb Code   444  rs485.o(i.Receive_0x22)
    Repeater_Proc                            0x08005d89   Thumb Code    20  repeater.o(i.Repeater_Proc)
    Request_Status                           0x08005da1   Thumb Code    52  rs485.o(i.Request_Status)
    Rs485_proc                               0x08005dd9   Thumb Code   156  rs485.o(i.Rs485_proc)
    SVC_Handler                              0x08005e8d   Thumb Code     2  stm32f1xx_it.o(i.SVC_Handler)
    Seg_data_set                             0x08005e91   Thumb Code    24  segment.o(i.Seg_data_set)
    Segment_Disp                             0x08005eb1   Thumb Code   440  segment.o(i.Segment_Disp)
    SendChar                                 0x08006081   Thumb Code    82  debug.o(i.SendChar)
    SendChar1                                0x080060e9   Thumb Code    92  rs485.o(i.SendChar1)
    SendChar3                                0x0800615d   Thumb Code    82  wifi.o(i.SendChar3)
    Send_Ethernet_Packet                     0x080061c5   Thumb Code    22  w5100s_proc.o(i.Send_Ethernet_Packet)
    Send_packet                              0x080061e5   Thumb Code    28  wifi.o(i.Send_packet)
    Send_wifi_packet                         0x08006209   Thumb Code    80  wifi.o(i.Send_wifi_packet)
    Set_MAC_Address                          0x08006281   Thumb Code    84  w5100s_proc.o(i.Set_MAC_Address)
    SoftAP_mode_proc                         0x080062e1   Thumb Code   414  wifi.o(i.SoftAP_mode_proc)
    SysTick_Handler                          0x080064f5   Thumb Code    12  stm32f1xx_it.o(i.SysTick_Handler)
    SystemClock_Config                       0x08006501   Thumb Code   134  main.o(i.SystemClock_Config)
    SystemInit                               0x08006589   Thumb Code    70  system_stm32f1xx.o(i.SystemInit)
    Systic_Callback_Proc                     0x080065e1   Thumb Code   186  mytimer.o(i.Systic_Callback_Proc)
    TIM_Base_SetConfig                       0x080066c9   Thumb Code   134  stm32f1xx_hal_tim.o(i.TIM_Base_SetConfig)
    TIM_CCxChannelCmd                        0x08006765   Thumb Code    34  stm32f1xx_hal_tim.o(i.TIM_CCxChannelCmd)
    TIM_ETR_SetConfig                        0x08006787   Thumb Code    22  stm32f1xx_hal_tim.o(i.TIM_ETR_SetConfig)
    TIM_OC2_SetConfig                        0x08006821   Thumb Code   114  stm32f1xx_hal_tim.o(i.TIM_OC2_SetConfig)
    Tcp_Client_Proc                          0x080069b9   Thumb Code   376  w5100s_proc.o(i.Tcp_Client_Proc)
    Tcp_Data_Send                            0x08006bd9   Thumb Code   710  wifi.o(i.Tcp_Data_Send)
    Tcp_Proc                                 0x08006f31   Thumb Code   250  w5100s_proc.o(i.Tcp_Proc)
    Timer_Proc                               0x08007049   Thumb Code   246  mytimer.o(i.Timer_Proc)
    USART1_IRQHandler                        0x08007279   Thumb Code     8  stm32f1xx_it.o(i.USART1_IRQHandler)
    USART1_IRQ_Function                      0x08007281   Thumb Code   346  rs485.o(i.USART1_IRQ_Function)
    USART2_IRQHandler                        0x08007409   Thumb Code     8  stm32f1xx_it.o(i.USART2_IRQHandler)
    USART2_IRQ_Function                      0x08007411   Thumb Code   290  debug.o(i.USART2_IRQ_Function)
    USART3_IRQHandler                        0x0800755d   Thumb Code     8  stm32f1xx_it.o(i.USART3_IRQHandler)
    USART3_IRQ_Function                      0x08007565   Thumb Code   292  wifi.o(i.USART3_IRQ_Function)
    Update_SerialNSSid                       0x080076b1   Thumb Code   140  debug.o(i.Update_SerialNSSid)
    UsageFault_Handler                       0x08007745   Thumb Code     4  stm32f1xx_it.o(i.UsageFault_Handler)
    UserCommand_Proc                         0x08007749   Thumb Code   146  debug.o(i.UserCommand_Proc)
    W5100SInitialze                          0x08007811   Thumb Code    52  w5100srelfunctions.o(i.W5100SInitialze)
    W5100SReset                              0x08007879   Thumb Code    36  w5100srelfunctions.o(i.W5100SReset)
    WIZCHIP_READ                             0x080078a1   Thumb Code    68  w5100s.o(i.WIZCHIP_READ)
    WIZCHIP_READ_BUF                         0x080078ed   Thumb Code   120  w5100s.o(i.WIZCHIP_READ_BUF)
    WIZCHIP_WRITE                            0x0800796d   Thumb Code    68  w5100s.o(i.WIZCHIP_WRITE)
    WIZCHIP_WRITE_BUF                        0x080079b9   Thumb Code   120  w5100s.o(i.WIZCHIP_WRITE_BUF)
    Wifi_proc                                0x08007a39   Thumb Code   280  wifi.o(i.Wifi_proc)
    Wiznet_W5100S_Init                       0x08007b99   Thumb Code   284  w5100s_proc.o(i.Wiznet_W5100S_Init)
    __0sprintf                               0x08007d85   Thumb Code    34  printfa.o(i.__0sprintf)
    __1sprintf                               0x08007d85   Thumb Code     0  printfa.o(i.__0sprintf)
    __2sprintf                               0x08007d85   Thumb Code     0  printfa.o(i.__0sprintf)
    __c89sprintf                             0x08007d85   Thumb Code     0  printfa.o(i.__0sprintf)
    sprintf                                  0x08007d85   Thumb Code     0  printfa.o(i.__0sprintf)
    __0vsprintf                              0x08007dad   Thumb Code    30  printfa.o(i.__0vsprintf)
    __1vsprintf                              0x08007dad   Thumb Code     0  printfa.o(i.__0vsprintf)
    __2vsprintf                              0x08007dad   Thumb Code     0  printfa.o(i.__0vsprintf)
    __c89vsprintf                            0x08007dad   Thumb Code     0  printfa.o(i.__0vsprintf)
    vsprintf                                 0x08007dad   Thumb Code     0  printfa.o(i.__0vsprintf)
    __aeabi_errno_addr                       0x08007e09   Thumb Code     4  errno.o(i.__aeabi_errno_addr)
    __rt_errno_addr                          0x08007e09   Thumb Code     0  errno.o(i.__aeabi_errno_addr)
    __scatterload_copy                       0x08007e11   Thumb Code    14  handlers.o(i.__scatterload_copy)
    __scatterload_null                       0x08007e1f   Thumb Code     2  handlers.o(i.__scatterload_null)
    __scatterload_zeroinit                   0x08007e21   Thumb Code    14  handlers.o(i.__scatterload_zeroinit)
    busReadByte                              0x080086c5   Thumb Code     6  w5100srelfunctions.o(i.busReadByte)
    busWriteByte                             0x080086cb   Thumb Code     4  w5100srelfunctions.o(i.busWriteByte)
    check_DHCP_leasedIP                      0x080086d1   Thumb Code    82  dhcp.o(i.check_DHCP_leasedIP)
    check_DHCP_timeout                       0x08008745   Thumb Code   154  dhcp.o(i.check_DHCP_timeout)
    check_DNS_timeout                        0x080087f1   Thumb Code    50  dns.o(i.check_DNS_timeout)
    close                                    0x0800882d   Thumb Code   118  socket.o(i.close)
    cmd_help                                 0x080088b5   Thumb Code    12  debug.o(i.cmd_help)
    cmd_serialnumber                         0x080088c5   Thumb Code    90  debug.o(i.cmd_serialnumber)
    cmd_serverip                             0x0800894d   Thumb Code   290  debug.o(i.cmd_serverip)
    cmd_serverport                           0x08008abd   Thumb Code   100  debug.o(i.cmd_serverport)
    cmd_wifidebug                            0x08008b5d   Thumb Code    60  debug.o(i.cmd_wifidebug)
    connect                                  0x08008c01   Thumb Code   274  socket.o(i.connect)
    ctlnetwork                               0x08008d19   Thumb Code    80  wizchip_conf.o(i.ctlnetwork)
    ctlwizchip                               0x08008d69   Thumb Code   220  wizchip_conf.o(i.ctlwizchip)
    default_ip_assign                        0x08008e49   Thumb Code    34  dhcp.o(i.default_ip_assign)
    default_ip_conflict                      0x08008e79   Thumb Code    28  dhcp.o(i.default_ip_conflict)
    default_ip_update                        0x08008e99   Thumb Code    32  dhcp.o(i.default_ip_update)
    dhcp_assign                              0x08008ebd   Thumb Code    44  w5100s_proc.o(i.dhcp_assign)
    dhcp_conflict                            0x08008eed   Thumb Code    10  w5100s_proc.o(i.dhcp_conflict)
    dhcp_update                              0x08008f0d   Thumb Code    10  w5100s_proc.o(i.dhcp_update)
    disconnect                               0x08008f29   Thumb Code   152  socket.o(i.disconnect)
    dns_answer                               0x08008fc9   Thumb Code   256  dns.o(i.dns_answer)
    dns_makequery                            0x080090c9   Thumb Code   220  dns.o(i.dns_makequery)
    dns_question                             0x080091a9   Thumb Code    42  dns.o(i.dns_question)
    get16                                    0x080091d3   Thumb Code    16  dns.o(i.get16)
    getDNSfromDHCP                           0x080091e5   Thumb Code    26  dhcp.o(i.getDNSfromDHCP)
    getGWfromDHCP                            0x08009205   Thumb Code    26  dhcp.o(i.getGWfromDHCP)
    getIPfromDHCP                            0x08009225   Thumb Code    26  dhcp.o(i.getIPfromDHCP)
    getSNfromDHCP                            0x08009245   Thumb Code    26  dhcp.o(i.getSNfromDHCP)
    getSn_RX_RSR                             0x08009265   Thumb Code    76  w5100s.o(i.getSn_RX_RSR)
    getSn_RxBASE                             0x080092b1   Thumb Code    52  w5100s.o(i.getSn_RxBASE)
    getSn_TX_FSR                             0x080092e5   Thumb Code    76  w5100s.o(i.getSn_TX_FSR)
    getSn_TxBASE                             0x08009331   Thumb Code    52  w5100s.o(i.getSn_TxBASE)
    get_entry                                0x08009365   Thumb Code    66  debug.o(i.get_entry)
    main                                     0x080093a9   Thumb Code   164  main.o(i.main)
    makeDHCPMSG                              0x080094a1   Thumb Code   384  dhcp.o(i.makeDHCPMSG)
    mprintf                                  0x0800962d   Thumb Code    72  debug.o(i.mprintf)
    mprintf3                                 0x08009679   Thumb Code    72  wifi.o(i.mprintf3)
    parseDHCPMSG                             0x080096c5   Thumb Code   608  dhcp.o(i.parseDHCPMSG)
    parseDNSMSG                              0x08009949   Thumb Code   254  dns.o(i.parseDNSMSG)
    parse_name                               0x08009a47   Thumb Code   150  dns.o(i.parse_name)
    print_network_information                0x08009add   Thumb Code   120  w5100s_proc.o(i.print_network_information)
    put16                                    0x08009bf5   Thumb Code    12  dns.o(i.put16)
    recv                                     0x08009c01   Thumb Code   274  socket.o(i.recv)
    recvfrom                                 0x08009d19   Thumb Code   712  socket.o(i.recvfrom)
    reg_dhcp_cbfunc                          0x08009fed   Thumb Code    40  dhcp.o(i.reg_dhcp_cbfunc)
    reg_wizchip_bus_cbfunc                   0x0800a02d   Thumb Code    40  wizchip_conf.o(i.reg_wizchip_bus_cbfunc)
    reset_DHCP_timeout                       0x0800a061   Thumb Code    20  dhcp.o(i.reset_DHCP_timeout)
    send                                     0x0800a081   Thumb Code   338  socket.o(i.send)
    send_DHCP_DECLINE                        0x0800a1dd   Thumb Code   492  dhcp.o(i.send_DHCP_DECLINE)
    send_DHCP_DISCOVER                       0x0800a3dd   Thumb Code   638  dhcp.o(i.send_DHCP_DISCOVER)
    send_DHCP_REQUEST                        0x0800a675   Thumb Code   970  dhcp.o(i.send_DHCP_REQUEST)
    sendto                                   0x0800aa5d   Thumb Code   518  socket.o(i.sendto)
    socket                                   0x0800ac71   Thumb Code   324  socket.o(i.socket)
    wiz_mdio_read                            0x0800adc9   Thumb Code    52  w5100s.o(i.wiz_mdio_read)
    wiz_mdio_write                           0x0800adfd   Thumb Code    52  w5100s.o(i.wiz_mdio_write)
    wiz_recv_data                            0x0800ae31   Thumb Code   224  w5100s.o(i.wiz_recv_data)
    wiz_recv_ignore                          0x0800af11   Thumb Code    68  w5100s.o(i.wiz_recv_ignore)
    wiz_send_data                            0x0800af55   Thumb Code   224  w5100s.o(i.wiz_send_data)
    wizchip_bus_readdata                     0x0800b035   Thumb Code     6  wizchip_conf.o(i.wizchip_bus_readdata)
    wizchip_bus_writedata                    0x0800b03b   Thumb Code     4  wizchip_conf.o(i.wizchip_bus_writedata)
    wizchip_clrinterrupt                     0x0800b03f   Thumb Code    30  wizchip_conf.o(i.wizchip_clrinterrupt)
    wizchip_cris_enter                       0x0800b05d   Thumb Code     2  wizchip_conf.o(i.wizchip_cris_enter)
    wizchip_cris_exit                        0x0800b05f   Thumb Code     2  wizchip_conf.o(i.wizchip_cris_exit)
    wizchip_cs_deselect                      0x0800b061   Thumb Code     2  wizchip_conf.o(i.wizchip_cs_deselect)
    wizchip_cs_select                        0x0800b063   Thumb Code     2  wizchip_conf.o(i.wizchip_cs_select)
    wizchip_getinterrupt                     0x0800b065   Thumb Code    36  wizchip_conf.o(i.wizchip_getinterrupt)
    wizchip_getinterruptmask                 0x0800b089   Thumb Code    34  wizchip_conf.o(i.wizchip_getinterruptmask)
    wizchip_getnetinfo                       0x0800b0ad   Thumb Code    76  wizchip_conf.o(i.wizchip_getnetinfo)
    wizchip_getnetmode                       0x0800b101   Thumb Code     8  wizchip_conf.o(i.wizchip_getnetmode)
    wizchip_gettimeout                       0x0800b109   Thumb Code    34  wizchip_conf.o(i.wizchip_gettimeout)
    wizchip_init                             0x0800b12b   Thumb Code   234  wizchip_conf.o(i.wizchip_init)
    wizchip_setinterruptmask                 0x0800b215   Thumb Code    28  wizchip_conf.o(i.wizchip_setinterruptmask)
    wizchip_setnetinfo                       0x0800b231   Thumb Code    74  wizchip_conf.o(i.wizchip_setnetinfo)
    wizchip_setnetmode                       0x0800b285   Thumb Code    28  wizchip_conf.o(i.wizchip_setnetmode)
    wizchip_settimeout                       0x0800b2a1   Thumb Code    32  wizchip_conf.o(i.wizchip_settimeout)
    wizchip_sw_reset                         0x0800b2c1   Thumb Code   124  wizchip_conf.o(i.wizchip_sw_reset)
    wizphy_getphyconf                        0x0800b33d   Thumb Code    68  wizchip_conf.o(i.wizphy_getphyconf)
    wizphy_getphylink                        0x0800b381   Thumb Code    22  wizchip_conf.o(i.wizphy_getphylink)
    wizphy_getphypmode                       0x0800b397   Thumb Code     6  wizchip_conf.o(i.wizphy_getphypmode)
    wizphy_reset                             0x0800b39d   Thumb Code    40  wizchip_conf.o(i.wizphy_reset)
    wizphy_setphyconf                        0x0800b3c5   Thumb Code    70  wizchip_conf.o(i.wizphy_setphyconf)
    wizphy_setphypmode                       0x0800b40b   Thumb Code    78  wizchip_conf.o(i.wizphy_setphypmode)
    AHBPrescTable                            0x0800b458   Data          16  system_stm32f1xx.o(.constdata)
    APBPrescTable                            0x0800b468   Data           8  system_stm32f1xx.o(.constdata)
    TempoValue                               0x0800b470   Data          16  buzzer.o(.constdata)
    STBL_PwrConnect                          0x0800b480   Data          24  buzzer.o(.constdata)
    STBL_PwrOn                               0x0800b498   Data          12  buzzer.o(.constdata)
    STBL_PwrOff                              0x0800b4a4   Data          12  buzzer.o(.constdata)
    STBL_UnjunChange                         0x0800b4b0   Data           8  buzzer.o(.constdata)
    STBL_SwitchOn                            0x0800b4b8   Data           8  buzzer.o(.constdata)
    STBL_SwitchOff                           0x0800b4c0   Data           8  buzzer.o(.constdata)
    STBL_Not                                 0x0800b4c8   Data          12  buzzer.o(.constdata)
    STBL_Button                              0x0800b4d4   Data           4  buzzer.o(.constdata)
    STBL_LockEn                              0x0800b4d8   Data          12  buzzer.o(.constdata)
    help                                     0x0800b4e4   Data         376  debug.o(.constdata)
    cmd                                      0x0800b65c   Data          80  debug.o(.constdata)
    digit                                    0x0800b6b4   Data          29  segment.o(.constdata)
    __ctype_table                            0x0800b6d1   Data         129  ctype_o.o(.constdata)
    Region$$Table$$Base                      0x0800b758   Number         0  anon$$obj.o(Region$$Table)
    Region$$Table$$Limit                     0x0800b778   Number         0  anon$$obj.o(Region$$Table)
    hcrc                                     0x20000000   Data           8  main.o(.data)
    uwTick                                   0x20000010   Data           4  stm32f1xx_hal.o(.data)
    uwTickPrio                               0x20000014   Data           4  stm32f1xx_hal.o(.data)
    uwTickFreq                               0x20000018   Data           1  stm32f1xx_hal.o(.data)
    SystemCoreClock                          0x20000020   Data           4  system_stm32f1xx.o(.data)
    on_delay                                 0x20000024   Data           2  buzzer.o(.data)
    off_delay                                0x20000026   Data           2  buzzer.o(.data)
    bs_num                                   0x20000028   Data           1  buzzer.o(.data)
    buzzer_kind                              0x20000029   Data           1  buzzer.o(.data)
    beep_timeout                             0x2000002a   Data           2  buzzer.o(.data)
    beep_num                                 0x2000002c   Data           1  buzzer.o(.data)
    psound_data                              0x20000030   Data           4  buzzer.o(.data)
    sound_size                               0x20000034   Data           2  buzzer.o(.data)
    wifi_debug_enable                        0x20000036   Data           1  debug.o(.data)
    urx2_comp                                0x20000037   Data           1  debug.o(.data)
    tx2_restart                              0x20000038   Data           1  debug.o(.data)
    urx2_count                               0x2000003a   Data           2  debug.o(.data)
    p2_out                                   0x2000003c   Data           2  debug.o(.data)
    p2_in                                    0x2000003e   Data           2  debug.o(.data)
    urx2_tout                                0x20000040   Data           2  debug.o(.data)
    flg_getline_comp                         0x20000042   Data           1  debug.o(.data)
    Start_Address                            0x20000044   Data           4  flashrom.o(.data)
    offset_data                              0x20000048   Data           4  flashrom.o(.data)
    offset_var                               0x2000004c   Data           4  flashrom.o(.data)
    p_data                                   0x20000050   Data           4  flashrom.o(.data)
    flg_toggle                               0x20000054   Data           1  mytimer.o(.data)
    flg_irtoggle                             0x20000055   Data           1  mytimer.o(.data)
    flg_ir_send                              0x20000056   Data           1  mytimer.o(.data)
    flg_doorkey                              0x20000057   Data           1  mytimer.o(.data)
    flg_exitkey                              0x20000058   Data           1  mytimer.o(.data)
    flg_capture_done                         0x20000059   Data           1  mytimer.o(.data)
    flg_irsend_done                          0x2000005a   Data           1  mytimer.o(.data)
    flg_bat_toggle                           0x2000005b   Data           1  mytimer.o(.data)
    flg_di1_read                             0x2000005c   Data           1  mytimer.o(.data)
    flg_di2_read                             0x2000005d   Data           1  mytimer.o(.data)
    callback_1ms                             0x2000005e   Data           1  mytimer.o(.data)
    callback_10ms                            0x2000005f   Data           1  mytimer.o(.data)
    callback_100ms                           0x20000060   Data           1  mytimer.o(.data)
    callback_500ms                           0x20000061   Data           1  mytimer.o(.data)
    callback_1sec                            0x20000062   Data           1  mytimer.o(.data)
    menu_key                                 0x20000063   Data           4  mytimer.o(.data)
    key_pushed                               0x20000067   Data           4  mytimer.o(.data)
    key_continued                            0x2000006b   Data           4  mytimer.o(.data)
    key_idx                                  0x2000006f   Data           1  mytimer.o(.data)
    key_cont_count                           0x20000070   Data           4  mytimer.o(.data)
    ether_led_timeout                        0x20000074   Data           4  mytimer.o(.data)
    urx1_comp                                0x20000078   Data           1  rs485.o(.data)
    flg_rs485_reponse                        0x20000079   Data           1  rs485.o(.data)
    flg_rs485_error                          0x2000007a   Data           1  rs485.o(.data)
    tx1_restart                              0x2000007b   Data           1  rs485.o(.data)
    rs485_send_timeout                       0x2000007c   Data           1  rs485.o(.data)
    rs485_retry_count                        0x2000007d   Data           1  rs485.o(.data)
    urx1_count                               0x2000007e   Data           2  rs485.o(.data)
    p1_out                                   0x20000080   Data           2  rs485.o(.data)
    p1_in                                    0x20000082   Data           2  rs485.o(.data)
    urx1_tout                                0x20000084   Data           2  rs485.o(.data)
    flow_ci                                  0x20000086   Data           2  rs485.o(.data)
    cumul_procduct                           0x20000088   Data           4  rs485.o(.data)
    cumul_kalori                             0x2000008c   Data           4  rs485.o(.data)
    error_circula                            0x20000090   Data           1  rs485.o(.data)
    error_lowtemp                            0x20000091   Data           1  rs485.o(.data)
    error_hightemp                           0x20000092   Data           1  rs485.o(.data)
    circula_pump_on                          0x20000093   Data           1  rs485.o(.data)
    circula_pulse                            0x20000094   Data           1  rs485.o(.data)
    loadside_pulse                           0x20000095   Data           1  rs485.o(.data)
    used_flow_amount                         0x20000098   Data           4  rs485.o(.data)
    temp_flow_amount                         0x2000009c   Data           4  rs485.o(.data)
    tank_level                               0x200000a0   Data           1  rs485.o(.data)
    leak_voltage                             0x200000a1   Data           1  rs485.o(.data)
    toh_temper                               0x200000a2   Data           1  rs485.o(.data)
    pump_on_temper                           0x200000a3   Data           1  rs485.o(.data)
    pump_off_temper                          0x200000a4   Data           1  rs485.o(.data)
    flow_rate                                0x200000a5   Data           1  rs485.o(.data)
    pump_out_level                           0x200000a6   Data           1  rs485.o(.data)
    flow_rate_low                            0x200000a7   Data           1  rs485.o(.data)
    diff_temp_rate                           0x200000a8   Data           1  rs485.o(.data)
    error_bit_status                         0x200000aa   Data           2  rs485.o(.data)
    flow_sensor_volt                         0x200000ac   Data           2  rs485.o(.data)
    pyrano_sensor_volt                       0x200000ae   Data           2  rs485.o(.data)
    gWIZNETINFO                              0x200000b0   Data          23  w5100s_proc.o(.data)
    flg_w5100s_init_ok                       0x200000c7   Data           1  w5100s_proc.o(.data)
    flg_dns_init_ok                          0x200000c8   Data           1  w5100s_proc.o(.data)
    flg_ethernet_command                     0x200000c9   Data           1  w5100s_proc.o(.data)
    flg_card_write                           0x200000ca   Data           1  w5100s_proc.o(.data)
    flg_status_send_first                    0x200000cb   Data           1  w5100s_proc.o(.data)
    flg_ethernet_connected                   0x200000cc   Data           1  w5100s_proc.o(.data)
    flg_card_info_request                    0x200000cd   Data           1  w5100s_proc.o(.data)
    flg_rmt_door_access                      0x200000ce   Data           1  w5100s_proc.o(.data)
    DNS_2nd                                  0x200000cf   Data           4  w5100s_proc.o(.data)
    Domain_name                              0x200000d3   Data          16  w5100s_proc.o(.data)
    Domain_IP                                0x200000e3   Data           4  w5100s_proc.o(.data)
    ethernet_command                         0x200000e7   Data           1  w5100s_proc.o(.data)
    ethernet_id                              0x200000e8   Data           1  w5100s_proc.o(.data)
    card_src_addr                            0x200000ec   Data           4  w5100s_proc.o(.data)
    card_dest_addr                           0x200000f0   Data           4  w5100s_proc.o(.data)
    card_data_count                          0x200000f4   Data           2  w5100s_proc.o(.data)
    card_recv_count                          0x200000f6   Data           2  w5100s_proc.o(.data)
    card_send_index                          0x200000f8   Data           2  w5100s_proc.o(.data)
    target_slave_number                      0x200000fa   Data           1  w5100s_proc.o(.data)
    status_send_timeout                      0x200000fc   Data           2  w5100s_proc.o(.data)
    e2p_passwd                               0x200000fe   Data           2  w5100s_proc.o(.data)
    connection_retry_count                   0x20000100   Data           1  w5100s_proc.o(.data)
    request_number                           0x20000101   Data           1  w5100s_proc.o(.data)
    ether_timeout                            0x20000102   Data           2  w5100s_proc.o(.data)
    seg_idx                                  0x20000104   Data           1  segment.o(.data)
    segdata                                  0x20000105   Data           4  segment.o(.data)
    wifi_init_ok                             0x2000010a   Data           1  wifi.o(.data)
    wifi_tcpinit_ok                          0x2000010b   Data           1  wifi.o(.data)
    wifi_soket_connected                     0x2000010c   Data           1  wifi.o(.data)
    urx3_comp                                0x2000010d   Data           1  wifi.o(.data)
    tx3_restart                              0x2000010e   Data           1  wifi.o(.data)
    urx3_count                               0x20000110   Data           2  wifi.o(.data)
    p3_out                                   0x20000112   Data           2  wifi.o(.data)
    p3_in                                    0x20000114   Data           2  wifi.o(.data)
    urx3_tout                                0x20000116   Data           2  wifi.o(.data)
    rssi_step                                0x20000118   Data           1  wifi.o(.data)
    step_num                                 0x20000119   Data           1  wifi.o(.data)
    session_id                               0x2000011a   Data           1  wifi.o(.data)
    retry_count                              0x2000011b   Data           1  wifi.o(.data)
    received_data_len                        0x2000011c   Data           2  wifi.o(.data)
    wifi_timeout                             0x2000011e   Data           2  wifi.o(.data)
    connect_timeout                          0x20000120   Data           2  wifi.o(.data)
    rssi_timeout                             0x20000122   Data           2  wifi.o(.data)
    wifi_send_len                            0x20000124   Data           2  wifi.o(.data)
    flg_emlock_out                           0x20000128   Data           1  repeater.o(.data)
    flg_nfc_tag                              0x20000129   Data           1  repeater.o(.data)
    flg_siren_out                            0x2000012a   Data           1  repeater.o(.data)
    flg_E2p_write                            0x2000012b   Data           1  repeater.o(.data)
    auto_close_time                          0x2000012c   Data           2  repeater.o(.data)
    keyoff_timeout                           0x2000012e   Data           2  repeater.o(.data)
    key_timeout                              0x20000130   Data           1  repeater.o(.data)
    disp_mode                                0x20000131   Data           1  repeater.o(.data)
    menu_num                                 0x20000132   Data           1  repeater.o(.data)
    disp_subnum                              0x20000133   Data           1  repeater.o(.data)
    disp_value                               0x20000134   Data           1  repeater.o(.data)
    disp_array                               0x20000135   Data           4  repeater.o(.data)
    adc_bat_volt                             0x2000013c   Data           4  repeater.o(.data)
    DateTimeStruct                           0x20000140   Data           6  repeater.o(.data)
    sock_pack_info                           0x20000154   Data           4  socket.o(.data)
    WIZCHIP                                  0x20000158   Data          44  wizchip_conf.o(.data)
    DHCP_SOCKET                              0x2000018c   Data           1  dhcp.o(.data)
    DHCP_SIP                                 0x2000018d   Data           4  dhcp.o(.data)
    DHCP_REAL_SIP                            0x20000191   Data           4  dhcp.o(.data)
    OLD_allocated_ip                         0x20000195   Data           4  dhcp.o(.data)
    DHCP_allocated_ip                        0x20000199   Data           4  dhcp.o(.data)
    DHCP_allocated_gw                        0x2000019d   Data           4  dhcp.o(.data)
    DHCP_allocated_sn                        0x200001a1   Data           4  dhcp.o(.data)
    DHCP_allocated_dns                       0x200001a5   Data           4  dhcp.o(.data)
    dhcp_state                               0x200001a9   Data           1  dhcp.o(.data)
    dhcp_retry_count                         0x200001aa   Data           1  dhcp.o(.data)
    dhcp_lease_time                          0x200001ac   Data           4  dhcp.o(.data)
    dhcp_tick_1s                             0x200001b0   Data           4  dhcp.o(.data)
    dhcp_tick_next                           0x200001b4   Data           4  dhcp.o(.data)
    DHCP_XID                                 0x200001b8   Data           4  dhcp.o(.data)
    pDHCPMSG                                 0x200001bc   Data           4  dhcp.o(.data)
    HOST_NAME                                0x200001c0   Data           8  dhcp.o(.data)
    DHCP_CHADDR                              0x200001c8   Data           6  dhcp.o(.data)
    dhcp_ip_assign                           0x200001d0   Data           4  dhcp.o(.data)
    dhcp_ip_update                           0x200001d4   Data           4  dhcp.o(.data)
    dhcp_ip_conflict                         0x200001d8   Data           4  dhcp.o(.data)
    pDNSMSG                                  0x200001dc   Data           4  dns.o(.data)
    DNS_SOCKET                               0x200001e0   Data           1  dns.o(.data)
    DNS_MSGID                                0x200001e2   Data           2  dns.o(.data)
    dns_1s_tick                              0x200001e4   Data           4  dns.o(.data)
    hadc1                                    0x200001f4   Data          48  main.o(.bss)
    hdma_adc1                                0x20000224   Data          68  main.o(.bss)
    hiwdg                                    0x20000268   Data          12  main.o(.bss)
    hspi2                                    0x20000274   Data          88  main.o(.bss)
    htim4                                    0x200002cc   Data          72  main.o(.bss)
    huart1                                   0x20000314   Data          64  main.o(.bss)
    huart2                                   0x20000354   Data          64  main.o(.bss)
    huart3                                   0x20000394   Data          64  main.o(.bss)
    hnor1                                    0x200003d4   Data          72  main.o(.bss)
    RegularConvData_Tab                      0x2000041c   Data          16  main.o(.bss)
    pFlash                                   0x20000430   Data          32  stm32f1xx_hal_flash.o(.bss)
    urx2_buf                                 0x20000450   Data         256  debug.o(.bss)
    utx2_buf                                 0x20000550   Data         512  debug.o(.bss)
    utx2_tmp                                 0x20000750   Data         512  debug.o(.bss)
    in_line                                  0x20000950   Data         256  debug.o(.bss)
    hexStr                                   0x20000a50   Data          32  debug.o(.bss)
    Flashdatarec                             0x20000a70   Data         116  flashrom.o(.bss)
    keyin_buf                                0x20000ae4   Data          12  mytimer.o(.bss)
    urx1_buf                                 0x20000af0   Data         256  rs485.o(.bss)
    utx1_buf                                 0x20000bf0   Data         128  rs485.o(.bss)
    utx1_tmp                                 0x20000c70   Data         128  rs485.o(.bss)
    utx1_send_buffer                         0x20000cf0   Data         128  rs485.o(.bss)
    pt100_temper                             0x20000d70   Data          14  rs485.o(.bss)
    gDATABUF                                 0x20000d7e   Data        2048  w5100s_proc.o(.bss)
    ethBuf0                                  0x2000157e   Data        2048  w5100s_proc.o(.bss)
    eth_sendbuf                              0x20001d7e   Data        2048  w5100s_proc.o(.bss)
    ethernet_data                            0x2000257e   Data        2048  w5100s_proc.o(.bss)
    slave_status                             0x20002d7e   Data          32  w5100s_proc.o(.bss)
    prev_status                              0x20002d9e   Data          32  w5100s_proc.o(.bss)
    slave_status2                            0x20002dbe   Data          32  w5100s_proc.o(.bss)
    emlock_status                            0x20002dde   Data          32  w5100s_proc.o(.bss)
    prev_emlock_status                       0x20002dfe   Data          32  w5100s_proc.o(.bss)
    battery_status                           0x20002e1e   Data          64  w5100s_proc.o(.bss)
    card_data                                0x20002e5e   Data        3072  w5100s_proc.o(.bss)
    send_card_data                           0x20003a5e   Data        3072  w5100s_proc.o(.bss)
    urx3_buf                                 0x2000465e   Data         512  wifi.o(.bss)
    utx3_buf                                 0x2000485e   Data         512  wifi.o(.bss)
    utx3_tmp                                 0x20004a5e   Data         512  wifi.o(.bss)
    rssi_str                                 0x20004c5e   Data          10  wifi.o(.bss)
    packet_buf                               0x20004c68   Data         512  wifi.o(.bss)
    wifi_send_buf                            0x20004e68   Data         512  wifi.o(.bss)
    __initial_sp                             0x20005468   Data           0  startup_stm32f103xe.o(STACK)



==============================================================================

Memory Map of the image

  Image Entry point : 0x08000131

  Load Region LR_IROM1 (Base: 0x08000000, Size: 0x0000b96c, Max: 0x00040000, ABSOLUTE, COMPRESSED[0x0000b804])

    Execution Region ER_IROM1 (Exec base: 0x08000000, Load base: 0x08000000, Size: 0x0000b778, Max: 0x00040000, ABSOLUTE)

    Exec Addr    Load Addr    Size         Type   Attr      Idx    E Section Name        Object

    0x08000000   0x08000000   0x00000130   Data   RO            3    RESET               startup_stm32f103xe.o
    0x08000130   0x08000130   0x00000000   Code   RO         5271  * .ARM.Collect$$$$00000000  mc_w.l(entry.o)
    0x08000130   0x08000130   0x00000004   Code   RO         5583    .ARM.Collect$$$$00000001  mc_w.l(entry2.o)
    0x08000134   0x08000134   0x00000004   Code   RO         5586    .ARM.Collect$$$$00000004  mc_w.l(entry5.o)
    0x08000138   0x08000138   0x00000000   Code   RO         5588    .ARM.Collect$$$$00000008  mc_w.l(entry7b.o)
    0x08000138   0x08000138   0x00000000   Code   RO         5590    .ARM.Collect$$$$0000000A  mc_w.l(entry8b.o)
    0x08000138   0x08000138   0x00000008   Code   RO         5591    .ARM.Collect$$$$0000000B  mc_w.l(entry9a.o)
    0x08000140   0x08000140   0x00000004   Code   RO         5598    .ARM.Collect$$$$0000000E  mc_w.l(entry12b.o)
    0x08000144   0x08000144   0x00000000   Code   RO         5593    .ARM.Collect$$$$0000000F  mc_w.l(entry10a.o)
    0x08000144   0x08000144   0x00000000   Code   RO         5595    .ARM.Collect$$$$00000011  mc_w.l(entry11a.o)
    0x08000144   0x08000144   0x00000004   Code   RO         5584    .ARM.Collect$$$$00002712  mc_w.l(entry2.o)
    0x08000148   0x08000148   0x00000024   Code   RO            4    .text               startup_stm32f103xe.o
    0x0800016c   0x0800016c   0x00000020   Code   RO         5274    .text               mc_w.l(llushr.o)
    0x0800018c   0x0800018c   0x0000000c   Code   RO         5276    .text               mc_w.l(toupper.o)
    0x08000198   0x08000198   0x00000024   Code   RO         5278    .text               mc_w.l(memcpya.o)
    0x080001bc   0x080001bc   0x00000024   Code   RO         5280    .text               mc_w.l(memseta.o)
    0x080001e0   0x080001e0   0x00000024   Code   RO         5282    .text               mc_w.l(strstr.o)
    0x08000204   0x08000204   0x00000018   Code   RO         5284    .text               mc_w.l(strncpy.o)
    0x0800021c   0x0800021c   0x00000014   Code   RO         5286    .text               mc_w.l(strchr.o)
    0x08000230   0x08000230   0x0000000e   Code   RO         5288    .text               mc_w.l(strlen.o)
    0x0800023e   0x0800023e   0x0000001c   Code   RO         5290    .text               mc_w.l(strcmp.o)
    0x0800025a   0x0800025a   0x00000012   Code   RO         5292    .text               mc_w.l(strcpy.o)
    0x0800026c   0x0800026c   0x00000044   Code   RO         5294    .text               mc_w.l(strtok.o)
    0x080002b0   0x080002b0   0x0000001a   Code   RO         5563    .text               mc_w.l(atoi.o)
    0x080002ca   0x080002ca   0x0000014e   Code   RO         5569    .text               mf_w.l(dadd.o)
    0x08000418   0x08000418   0x000000e4   Code   RO         5571    .text               mf_w.l(dmul.o)
    0x080004fc   0x080004fc   0x000000de   Code   RO         5573    .text               mf_w.l(ddiv.o)
    0x080005da   0x080005da   0x0000002c   Code   RO         5602    .text               mc_w.l(uidiv.o)
    0x08000606   0x08000606   0x00000062   Code   RO         5604    .text               mc_w.l(uldiv.o)
    0x08000668   0x08000668   0x0000001e   Code   RO         5606    .text               mc_w.l(llshl.o)
    0x08000686   0x08000686   0x00000024   Code   RO         5608    .text               mc_w.l(llsshr.o)
    0x080006aa   0x080006aa   0x00000070   Code   RO         5617    .text               mc_w.l(strtol.o)
    0x0800071a   0x0800071a   0x00000000   Code   RO         5619    .text               mc_w.l(iusefp.o)
    0x0800071a   0x0800071a   0x000000ba   Code   RO         5622    .text               mf_w.l(depilogue.o)
    0x080007d4   0x080007d4   0x00000030   Code   RO         5624    .text               mf_w.l(dfixul.o)
    0x08000804   0x08000804   0x00000030   Code   RO         5626    .text               mf_w.l(cdrcmple.o)
    0x08000834   0x08000834   0x00000024   Code   RO         5628    .text               mc_w.l(init.o)
    0x08000858   0x08000858   0x00000008   Code   RO         5631    .text               mc_w.l(ctype_o.o)
    0x08000860   0x08000860   0x0000009e   Code   RO         5659    .text               mc_w.l(_strtoul.o)
    0x080008fe   0x080008fe   0x0000001c   Code   RO         5662    .text               mc_w.l(_chval.o)
    0x0800091a   0x0800091a   0x00000056   Code   RO         5672    .text               mc_w.l(__dczerorl2.o)
    0x08000970   0x08000970   0x00000010   Code   RO          245    i.ADC1_2_IRQHandler  stm32f1xx_it.o
    0x08000980   0x08000980   0x00000052   Code   RO          502    i.ADC_ConversionStop_Disable  stm32f1xx_hal_adc.o
    0x080009d2   0x080009d2   0x00000052   Code   RO          503    i.ADC_DMAConvCplt   stm32f1xx_hal_adc.o
    0x08000a24   0x08000a24   0x0000001e   Code   RO          504    i.ADC_DMAError      stm32f1xx_hal_adc.o
    0x08000a42   0x08000a42   0x0000000e   Code   RO          505    i.ADC_DMAHalfConvCplt  stm32f1xx_hal_adc.o
    0x08000a50   0x08000a50   0x00000084   Code   RO          506    i.ADC_Enable        stm32f1xx_hal_adc.o
    0x08000ad4   0x08000ad4   0x00000004   Code   RO          246    i.BusFault_Handler  stm32f1xx_it.o
    0x08000ad8   0x08000ad8   0x000000e0   Code   RO         3802    i.Buzzer_Sequence   buzzer.o
    0x08000bb8   0x08000bb8   0x00000010   Code   RO         3803    i.Buzzer_Stop       buzzer.o
    0x08000bc8   0x08000bc8   0x00000024   Code   RO         4098    i.CRC_Sum           rs485.o
    0x08000bec   0x08000bec   0x00000170   Code   RO         4415    i.Connect_Tcp_Server  wifi.o
    0x08000d5c   0x08000d5c   0x000000dc   Code   RO         5040    i.DHCP_init         dhcp.o
    0x08000e38   0x08000e38   0x000001d4   Code   RO         5041    i.DHCP_run          dhcp.o
    0x0800100c   0x0800100c   0x0000001c   Code   RO         5042    i.DHCP_stop         dhcp.o
    0x08001028   0x08001028   0x00000010   Code   RO          247    i.DMA1_Channel1_IRQHandler  stm32f1xx_it.o
    0x08001038   0x08001038   0x0000002c   Code   RO         1161    i.DMA_SetConfig     stm32f1xx_hal_dma.o
    0x08001064   0x08001064   0x00000148   Code   RO         4169    i.DNS_Proc          w5100s_proc.o
    0x080011ac   0x080011ac   0x00000020   Code   RO         5190    i.DNS_init          dns.o
    0x080011cc   0x080011cc   0x000000d8   Code   RO         5191    i.DNS_run           dns.o
    0x080012a4   0x080012a4   0x00000002   Code   RO          248    i.DebugMon_Handler  stm32f1xx_it.o
    0x080012a6   0x080012a6   0x00000002   PAD
    0x080012a8   0x080012a8   0x000000ac   Code   RO         3886    i.Debug_proc        debug.o
    0x08001354   0x08001354   0x000002a8   Code   RO         4550    i.Disp_Segment      repeater.o
    0x080015fc   0x080015fc   0x00000038   Code   RO         4551    i.Disp_Version      repeater.o
    0x08001634   0x08001634   0x00000002   Code   RO           13    i.Error_Handler     main.o
    0x08001636   0x08001636   0x00000002   Code   RO         4170    i.Ethernet_Proc     w5100s_proc.o
    0x08001638   0x08001638   0x00000028   Code   RO         1606    i.FLASH_MassErase   stm32f1xx_hal_flash_ex.o
    0x08001660   0x08001660   0x00000028   Code   RO         1615    i.FLASH_PageErase   stm32f1xx_hal_flash_ex.o
    0x08001688   0x08001688   0x00000020   Code   RO         1503    i.FLASH_Program_HalfWord  stm32f1xx_hal_flash.o
    0x080016a8   0x080016a8   0x00000084   Code   RO         1504    i.FLASH_SetErrorCode  stm32f1xx_hal_flash.o
    0x0800172c   0x0800172c   0x00000070   Code   RO         1505    i.FLASH_WaitForLastOperation  stm32f1xx_hal_flash.o
    0x0800179c   0x0800179c   0x00000044   Code   RO         1852    i.FSMC_NORSRAM_Extended_Timing_Init  stm32f1xx_ll_fsmc.o
    0x080017e0   0x080017e0   0x00000078   Code   RO         1853    i.FSMC_NORSRAM_Init  stm32f1xx_ll_fsmc.o
    0x08001858   0x08001858   0x00000042   Code   RO         1854    i.FSMC_NORSRAM_Timing_Init  stm32f1xx_ll_fsmc.o
    0x0800189a   0x0800189a   0x00000002   PAD
    0x0800189c   0x0800189c   0x0000029c   Code   RO         4010    i.FlashRom_Init     flashrom.o
    0x08001b38   0x08001b38   0x0000011c   Code   RO         4011    i.FlashRom_WriteData  flashrom.o
    0x08001c54   0x08001c54   0x000000e4   Code   RO         3887    i.GetLine_Proc      debug.o
    0x08001d38   0x08001d38   0x00000104   Code   RO         4416    i.Get_Signal_Strength  wifi.o
    0x08001e3c   0x08001e3c   0x00000104   Code   RO          682    i.HAL_ADCEx_Calibration_Start  stm32f1xx_hal_adc_ex.o
    0x08001f40   0x08001f40   0x00000002   Code   RO          684    i.HAL_ADCEx_InjectedConvCpltCallback  stm32f1xx_hal_adc_ex.o
    0x08001f42   0x08001f42   0x00000002   PAD
    0x08001f44   0x08001f44   0x00000160   Code   RO          508    i.HAL_ADC_ConfigChannel  stm32f1xx_hal_adc.o
    0x080020a4   0x080020a4   0x00000002   Code   RO          509    i.HAL_ADC_ConvCpltCallback  stm32f1xx_hal_adc.o
    0x080020a6   0x080020a6   0x00000002   Code   RO          510    i.HAL_ADC_ConvHalfCpltCallback  stm32f1xx_hal_adc.o
    0x080020a8   0x080020a8   0x00000002   Code   RO          512    i.HAL_ADC_ErrorCallback  stm32f1xx_hal_adc.o
    0x080020aa   0x080020aa   0x00000006   Code   RO          514    i.HAL_ADC_GetState  stm32f1xx_hal_adc.o
    0x080020b0   0x080020b0   0x00000122   Code   RO          516    i.HAL_ADC_IRQHandler  stm32f1xx_hal_adc.o
    0x080021d2   0x080021d2   0x00000002   PAD
    0x080021d4   0x080021d4   0x00000160   Code   RO          517    i.HAL_ADC_Init      stm32f1xx_hal_adc.o
    0x08002334   0x08002334   0x00000002   Code   RO          518    i.HAL_ADC_LevelOutOfWindowCallback  stm32f1xx_hal_adc.o
    0x08002336   0x08002336   0x00000002   PAD
    0x08002338   0x08002338   0x00000084   Code   RO          352    i.HAL_ADC_MspInit   stm32f1xx_hal_msp.o
    0x080023bc   0x080023bc   0x00000180   Code   RO          524    i.HAL_ADC_Start_DMA  stm32f1xx_hal_adc.o
    0x0800253c   0x0800253c   0x00000028   Code   RO         1784    i.HAL_CRC_Accumulate  stm32f1xx_hal_crc.o
    0x08002564   0x08002564   0x00000020   Code   RO         1788    i.HAL_CRC_Init      stm32f1xx_hal_crc.o
    0x08002584   0x08002584   0x00000030   Code   RO          354    i.HAL_CRC_MspInit   stm32f1xx_hal_msp.o
    0x080025b4   0x080025b4   0x00000398   Code   RO         1167    i.HAL_DMA_IRQHandler  stm32f1xx_hal_dma.o
    0x0800294c   0x0800294c   0x0000008c   Code   RO         1168    i.HAL_DMA_Init      stm32f1xx_hal_dma.o
    0x080029d8   0x080029d8   0x0000009c   Code   RO         1172    i.HAL_DMA_Start_IT  stm32f1xx_hal_dma.o
    0x08002a74   0x08002a74   0x00000028   Code   RO          785    i.HAL_Delay         stm32f1xx_hal.o
    0x08002a9c   0x08002a9c   0x000000b0   Code   RO         1616    i.HAL_FLASHEx_Erase  stm32f1xx_hal_flash_ex.o
    0x08002b4c   0x08002b4c   0x00000014   Code   RO         1509    i.HAL_FLASH_Lock    stm32f1xx_hal_flash.o
    0x08002b60   0x08002b60   0x000000b0   Code   RO         1514    i.HAL_FLASH_Program  stm32f1xx_hal_flash.o
    0x08002c10   0x08002c10   0x00000030   Code   RO         1516    i.HAL_FLASH_Unlock  stm32f1xx_hal_flash.o
    0x08002c40   0x08002c40   0x00000094   Code   RO          356    i.HAL_FSMC_MspInit  stm32f1xx_hal_msp.o
    0x08002cd4   0x08002cd4   0x00000340   Code   RO         1098    i.HAL_GPIO_Init     stm32f1xx_hal_gpio.o
    0x08003014   0x08003014   0x00000010   Code   RO         1100    i.HAL_GPIO_ReadPin  stm32f1xx_hal_gpio.o
    0x08003024   0x08003024   0x00000014   Code   RO         1101    i.HAL_GPIO_TogglePin  stm32f1xx_hal_gpio.o
    0x08003038   0x08003038   0x0000000c   Code   RO         1102    i.HAL_GPIO_WritePin  stm32f1xx_hal_gpio.o
    0x08003044   0x08003044   0x0000000c   Code   RO          789    i.HAL_GetTick       stm32f1xx_hal.o
    0x08003050   0x08003050   0x00000018   Code   RO          795    i.HAL_IncTick       stm32f1xx_hal.o
    0x08003068   0x08003068   0x00000028   Code   RO          796    i.HAL_Init          stm32f1xx_hal.o
    0x08003090   0x08003090   0x0000004c   Code   RO          797    i.HAL_InitTick      stm32f1xx_hal.o
    0x080030dc   0x080030dc   0x00000054   Code   RO          357    i.HAL_MspInit       stm32f1xx_hal_msp.o
    0x08003130   0x08003130   0x000000e4   Code   RO         1975    i.HAL_NOR_Init      stm32f1xx_hal_nor.o
    0x08003214   0x08003214   0x0000000a   Code   RO          359    i.HAL_NOR_MspInit   stm32f1xx_hal_msp.o
    0x0800321e   0x0800321e   0x000000b0   Code   RO         1985    i.HAL_NOR_ReturnToReadMode  stm32f1xx_hal_nor.o
    0x080032ce   0x080032ce   0x00000020   Code   RO         1258    i.HAL_NVIC_EnableIRQ  stm32f1xx_hal_cortex.o
    0x080032ee   0x080032ee   0x0000007c   Code   RO         1264    i.HAL_NVIC_SetPriority  stm32f1xx_hal_cortex.o
    0x0800336a   0x0800336a   0x00000002   PAD
    0x0800336c   0x0800336c   0x00000028   Code   RO         1265    i.HAL_NVIC_SetPriorityGrouping  stm32f1xx_hal_cortex.o
    0x08003394   0x08003394   0x00000134   Code   RO         1060    i.HAL_RCCEx_GetPeriphCLKFreq  stm32f1xx_hal_rcc_ex.o
    0x080034c8   0x080034c8   0x00000130   Code   RO         1061    i.HAL_RCCEx_PeriphCLKConfig  stm32f1xx_hal_rcc_ex.o
    0x080035f8   0x080035f8   0x0000018c   Code   RO          953    i.HAL_RCC_ClockConfig  stm32f1xx_hal_rcc.o
    0x08003784   0x08003784   0x0000000c   Code   RO          958    i.HAL_RCC_GetHCLKFreq  stm32f1xx_hal_rcc.o
    0x08003790   0x08003790   0x00000020   Code   RO          960    i.HAL_RCC_GetPCLK1Freq  stm32f1xx_hal_rcc.o
    0x080037b0   0x080037b0   0x00000020   Code   RO          961    i.HAL_RCC_GetPCLK2Freq  stm32f1xx_hal_rcc.o
    0x080037d0   0x080037d0   0x00000094   Code   RO          962    i.HAL_RCC_GetSysClockFreq  stm32f1xx_hal_rcc.o
    0x08003864   0x08003864   0x00000464   Code   RO          965    i.HAL_RCC_OscConfig  stm32f1xx_hal_rcc.o
    0x08003cc8   0x08003cc8   0x000000be   Code   RO         2139    i.HAL_SPI_Init      stm32f1xx_hal_spi.o
    0x08003d86   0x08003d86   0x00000002   PAD
    0x08003d88   0x08003d88   0x00000088   Code   RO          361    i.HAL_SPI_MspInit   stm32f1xx_hal_msp.o
    0x08003e10   0x08003e10   0x00000034   Code   RO         1269    i.HAL_SYSTICK_Config  stm32f1xx_hal_cortex.o
    0x08003e44   0x08003e44   0x0000009c   Code   RO         3186    i.HAL_TIMEx_MasterConfigSynchronization  stm32f1xx_hal_tim_ex.o
    0x08003ee0   0x08003ee0   0x00000066   Code   RO         2452    i.HAL_TIM_Base_Init  stm32f1xx_hal_tim.o
    0x08003f46   0x08003f46   0x00000002   PAD
    0x08003f48   0x08003f48   0x00000030   Code   RO          363    i.HAL_TIM_Base_MspInit  stm32f1xx_hal_msp.o
    0x08003f78   0x08003f78   0x00000108   Code   RO         2461    i.HAL_TIM_ConfigClockSource  stm32f1xx_hal_tim.o
    0x08004080   0x08004080   0x00000058   Code   RO          364    i.HAL_TIM_MspPostInit  stm32f1xx_hal_msp.o
    0x080040d8   0x080040d8   0x000000fc   Code   RO         2524    i.HAL_TIM_PWM_ConfigChannel  stm32f1xx_hal_tim.o
    0x080041d4   0x080041d4   0x00000066   Code   RO         2527    i.HAL_TIM_PWM_Init  stm32f1xx_hal_tim.o
    0x0800423a   0x0800423a   0x00000002   Code   RO         2529    i.HAL_TIM_PWM_MspInit  stm32f1xx_hal_tim.o
    0x0800423c   0x0800423c   0x000000f4   Code   RO         2532    i.HAL_TIM_PWM_Start  stm32f1xx_hal_tim.o
    0x08004330   0x08004330   0x000000a8   Code   RO         2535    i.HAL_TIM_PWM_Stop  stm32f1xx_hal_tim.o
    0x080043d8   0x080043d8   0x00000072   Code   RO         3459    i.HAL_UART_Init     stm32f1xx_hal_uart.o
    0x0800444a   0x0800444a   0x00000002   PAD
    0x0800444c   0x0800444c   0x00000198   Code   RO          366    i.HAL_UART_MspInit  stm32f1xx_hal_msp.o
    0x080045e4   0x080045e4   0x00000004   Code   RO          249    i.HardFault_Handler  stm32f1xx_it.o
    0x080045e8   0x080045e8   0x00000090   Code   RO         4417    i.Init_Init_mode    wifi.o
    0x08004678   0x08004678   0x000003f0   Code   RO         4418    i.Init_SoftAP_mode  wifi.o
    0x08004a68   0x08004a68   0x00000414   Code   RO         4419    i.Init_Station_mode  wifi.o
    0x08004e7c   0x08004e7c   0x00000100   Code   RO         4552    i.InputKey_Proc     repeater.o
    0x08004f7c   0x08004f7c   0x000000f4   Code   RO         4051    i.Key_Scan          mytimer.o
    0x08005070   0x08005070   0x00000094   Code   RO           14    i.MX_ADC1_Init      main.o
    0x08005104   0x08005104   0x00000020   Code   RO           15    i.MX_CRC_Init       main.o
    0x08005124   0x08005124   0x00000034   Code   RO           16    i.MX_DMA_Init       main.o
    0x08005158   0x08005158   0x0000007c   Code   RO           17    i.MX_FSMC_Init      main.o
    0x080051d4   0x080051d4   0x000001e8   Code   RO           18    i.MX_GPIO_Init      main.o
    0x080053bc   0x080053bc   0x00000044   Code   RO           20    i.MX_SPI2_Init      main.o
    0x08005400   0x08005400   0x000000a4   Code   RO           21    i.MX_TIM4_Init      main.o
    0x080054a4   0x080054a4   0x00000048   Code   RO           22    i.MX_USART1_UART_Init  main.o
    0x080054ec   0x080054ec   0x00000048   Code   RO           23    i.MX_USART2_UART_Init  main.o
    0x08005534   0x08005534   0x00000048   Code   RO           24    i.MX_USART3_UART_Init  main.o
    0x0800557c   0x0800557c   0x0000024c   Code   RO         4420    i.Make_packet       wifi.o
    0x080057c8   0x080057c8   0x00000004   Code   RO          250    i.MemManage_Handler  stm32f1xx_it.o
    0x080057cc   0x080057cc   0x00000002   Code   RO          251    i.NMI_Handler       stm32f1xx_it.o
    0x080057ce   0x080057ce   0x00000002   PAD
    0x080057d0   0x080057d0   0x00000054   Code   RO         4052    i.Network_state_led  mytimer.o
    0x08005824   0x08005824   0x0000001a   Code   RO         5044    i.NibbleToHex       dhcp.o
    0x0800583e   0x0800583e   0x00000002   PAD
    0x08005840   0x08005840   0x00000180   Code   RO         4421    i.Open_Tcp_Server   wifi.o
    0x080059c0   0x080059c0   0x00000002   Code   RO         4553    i.Output_Proc       repeater.o
    0x080059c2   0x080059c2   0x00000002   PAD
    0x080059c4   0x080059c4   0x000000b4   Code   RO         3804    i.PWM_Config        buzzer.o
    0x08005a78   0x08005a78   0x00000002   Code   RO          252    i.PendSV_Handler    stm32f1xx_it.o
    0x08005a7a   0x08005a7a   0x00000002   PAD
    0x08005a7c   0x08005a7c   0x000000d4   Code   RO         3805    i.Play_Buzzer       buzzer.o
    0x08005b50   0x08005b50   0x00000028   Code   RO          966    i.RCC_Delay         stm32f1xx_hal_rcc.o
    0x08005b78   0x08005b78   0x00000210   Code   RO         4100    i.Receive_0x22      rs485.o
    0x08005d88   0x08005d88   0x00000018   Code   RO         4554    i.Repeater_Proc     repeater.o
    0x08005da0   0x08005da0   0x00000038   Code   RO         4101    i.Request_Status    rs485.o
    0x08005dd8   0x08005dd8   0x000000b4   Code   RO         4102    i.Rs485_proc        rs485.o
    0x08005e8c   0x08005e8c   0x00000002   Code   RO          253    i.SVC_Handler       stm32f1xx_it.o
    0x08005e8e   0x08005e8e   0x00000002   PAD
    0x08005e90   0x08005e90   0x00000020   Code   RO         4373    i.Seg_data_set      segment.o
    0x08005eb0   0x08005eb0   0x000001d0   Code   RO         4374    i.Segment_Disp      segment.o
    0x08006080   0x08006080   0x00000068   Code   RO         3888    i.SendChar          debug.o
    0x080060e8   0x080060e8   0x00000074   Code   RO         4103    i.SendChar1         rs485.o
    0x0800615c   0x0800615c   0x00000068   Code   RO         4422    i.SendChar3         wifi.o
    0x080061c4   0x080061c4   0x00000020   Code   RO         4171    i.Send_Ethernet_Packet  w5100s_proc.o
    0x080061e4   0x080061e4   0x00000024   Code   RO         4423    i.Send_packet       wifi.o
    0x08006208   0x08006208   0x00000078   Code   RO         4424    i.Send_wifi_packet  wifi.o
    0x08006280   0x08006280   0x00000060   Code   RO         4172    i.Set_MAC_Address   w5100s_proc.o
    0x080062e0   0x080062e0   0x00000214   Code   RO         4425    i.SoftAP_mode_proc  wifi.o
    0x080064f4   0x080064f4   0x0000000c   Code   RO          254    i.SysTick_Handler   stm32f1xx_it.o
    0x08006500   0x08006500   0x00000086   Code   RO           25    i.SystemClock_Config  main.o
    0x08006586   0x08006586   0x00000002   PAD
    0x08006588   0x08006588   0x00000058   Code   RO         3766    i.SystemInit        system_stm32f1xx.o
    0x080065e0   0x080065e0   0x000000e8   Code   RO         4053    i.Systic_Callback_Proc  mytimer.o
    0x080066c8   0x080066c8   0x0000009c   Code   RO         2545    i.TIM_Base_SetConfig  stm32f1xx_hal_tim.o
    0x08006764   0x08006764   0x00000022   Code   RO         2546    i.TIM_CCxChannelCmd  stm32f1xx_hal_tim.o
    0x08006786   0x08006786   0x00000016   Code   RO         2556    i.TIM_ETR_SetConfig  stm32f1xx_hal_tim.o
    0x0800679c   0x0800679c   0x00000012   Code   RO         2557    i.TIM_ITRx_SetConfig  stm32f1xx_hal_tim.o
    0x080067ae   0x080067ae   0x00000002   PAD
    0x080067b0   0x080067b0   0x00000070   Code   RO         2558    i.TIM_OC1_SetConfig  stm32f1xx_hal_tim.o
    0x08006820   0x08006820   0x0000007c   Code   RO         2559    i.TIM_OC2_SetConfig  stm32f1xx_hal_tim.o
    0x0800689c   0x0800689c   0x00000078   Code   RO         2560    i.TIM_OC3_SetConfig  stm32f1xx_hal_tim.o
    0x08006914   0x08006914   0x00000054   Code   RO         2561    i.TIM_OC4_SetConfig  stm32f1xx_hal_tim.o
    0x08006968   0x08006968   0x00000026   Code   RO         2563    i.TIM_TI1_ConfigInputStage  stm32f1xx_hal_tim.o
    0x0800698e   0x0800698e   0x00000028   Code   RO         2565    i.TIM_TI2_ConfigInputStage  stm32f1xx_hal_tim.o
    0x080069b6   0x080069b6   0x00000002   PAD
    0x080069b8   0x080069b8   0x00000220   Code   RO         4175    i.Tcp_Client_Proc   w5100s_proc.o
    0x08006bd8   0x08006bd8   0x00000358   Code   RO         4427    i.Tcp_Data_Send     wifi.o
    0x08006f30   0x08006f30   0x00000118   Code   RO         4176    i.Tcp_Proc          w5100s_proc.o
    0x08007048   0x08007048   0x00000134   Code   RO         4054    i.Timer_Proc        mytimer.o
    0x0800717c   0x0800717c   0x000000fc   Code   RO         3486    i.UART_SetConfig    stm32f1xx_hal_uart.o
    0x08007278   0x08007278   0x00000008   Code   RO          255    i.USART1_IRQHandler  stm32f1xx_it.o
    0x08007280   0x08007280   0x00000188   Code   RO         4104    i.USART1_IRQ_Function  rs485.o
    0x08007408   0x08007408   0x00000008   Code   RO          256    i.USART2_IRQHandler  stm32f1xx_it.o
    0x08007410   0x08007410   0x0000014c   Code   RO         3889    i.USART2_IRQ_Function  debug.o
    0x0800755c   0x0800755c   0x00000008   Code   RO          257    i.USART3_IRQHandler  stm32f1xx_it.o
    0x08007564   0x08007564   0x0000014c   Code   RO         4428    i.USART3_IRQ_Function  wifi.o
    0x080076b0   0x080076b0   0x00000094   Code   RO         3890    i.Update_SerialNSSid  debug.o
    0x08007744   0x08007744   0x00000004   Code   RO          258    i.UsageFault_Handler  stm32f1xx_it.o
    0x08007748   0x08007748   0x000000c8   Code   RO         3891    i.UserCommand_Proc  debug.o
    0x08007810   0x08007810   0x00000068   Code   RO         4293    i.W5100SInitialze   w5100srelfunctions.o
    0x08007878   0x08007878   0x00000028   Code   RO         4294    i.W5100SReset       w5100srelfunctions.o
    0x080078a0   0x080078a0   0x0000004c   Code   RO         4935    i.WIZCHIP_READ      w5100s.o
    0x080078ec   0x080078ec   0x00000080   Code   RO         4936    i.WIZCHIP_READ_BUF  w5100s.o
    0x0800796c   0x0800796c   0x0000004c   Code   RO         4937    i.WIZCHIP_WRITE     w5100s.o
    0x080079b8   0x080079b8   0x00000080   Code   RO         4938    i.WIZCHIP_WRITE_BUF  w5100s.o
    0x08007a38   0x08007a38   0x00000160   Code   RO         4429    i.Wifi_proc         wifi.o
    0x08007b98   0x08007b98   0x000001ec   Code   RO         4177    i.Wiznet_W5100S_Init  w5100s_proc.o
    0x08007d84   0x08007d84   0x00000028   Code   RO         5537    i.__0sprintf        mc_w.l(printfa.o)
    0x08007dac   0x08007dac   0x00000024   Code   RO         5541    i.__0vsprintf       mc_w.l(printfa.o)
    0x08007dd0   0x08007dd0   0x00000010   Code   RO         1271    i.__NVIC_GetPriorityGrouping  stm32f1xx_hal_cortex.o
    0x08007de0   0x08007de0   0x00000028   Code   RO         1272    i.__NVIC_SetPriority  stm32f1xx_hal_cortex.o
    0x08007e08   0x08007e08   0x00000008   Code   RO         5610    i.__aeabi_errno_addr  mc_w.l(errno.o)
    0x08007e10   0x08007e10   0x0000000e   Code   RO         5666    i.__scatterload_copy  mc_w.l(handlers.o)
    0x08007e1e   0x08007e1e   0x00000002   Code   RO         5667    i.__scatterload_null  mc_w.l(handlers.o)
    0x08007e20   0x08007e20   0x0000000e   Code   RO         5668    i.__scatterload_zeroinit  mc_w.l(handlers.o)
    0x08007e2e   0x08007e2e   0x00000002   PAD
    0x08007e30   0x08007e30   0x00000184   Code   RO         5542    i._fp_digits        mc_w.l(printfa.o)
    0x08007fb4   0x08007fb4   0x000006b4   Code   RO         5543    i._printf_core      mc_w.l(printfa.o)
    0x08008668   0x08008668   0x00000024   Code   RO         5544    i._printf_post_padding  mc_w.l(printfa.o)
    0x0800868c   0x0800868c   0x0000002e   Code   RO         5545    i._printf_pre_padding  mc_w.l(printfa.o)
    0x080086ba   0x080086ba   0x0000000a   Code   RO         5547    i._sputc            mc_w.l(printfa.o)
    0x080086c4   0x080086c4   0x00000006   Code   RO         4296    i.busReadByte       w5100srelfunctions.o
    0x080086ca   0x080086ca   0x00000004   Code   RO         4298    i.busWriteByte      w5100srelfunctions.o
    0x080086ce   0x080086ce   0x00000002   PAD
    0x080086d0   0x080086d0   0x00000074   Code   RO         5045    i.check_DHCP_leasedIP  dhcp.o
    0x08008744   0x08008744   0x000000ac   Code   RO         5046    i.check_DHCP_timeout  dhcp.o
    0x080087f0   0x080087f0   0x0000003c   Code   RO         5193    i.check_DNS_timeout  dns.o
    0x0800882c   0x0800882c   0x00000088   Code   RO         4608    i.close             socket.o
    0x080088b4   0x080088b4   0x00000010   Code   RO         3892    i.cmd_help          debug.o
    0x080088c4   0x080088c4   0x00000088   Code   RO         3893    i.cmd_serialnumber  debug.o
    0x0800894c   0x0800894c   0x00000170   Code   RO         3894    i.cmd_serverip      debug.o
    0x08008abc   0x08008abc   0x000000a0   Code   RO         3895    i.cmd_serverport    debug.o
    0x08008b5c   0x08008b5c   0x000000a4   Code   RO         3896    i.cmd_wifidebug     debug.o
    0x08008c00   0x08008c00   0x00000118   Code   RO         4609    i.connect           socket.o
    0x08008d18   0x08008d18   0x00000050   Code   RO         4701    i.ctlnetwork        wizchip_conf.o
    0x08008d68   0x08008d68   0x000000e0   Code   RO         4702    i.ctlwizchip        wizchip_conf.o
    0x08008e48   0x08008e48   0x00000030   Code   RO         5047    i.default_ip_assign  dhcp.o
    0x08008e78   0x08008e78   0x00000020   Code   RO         5048    i.default_ip_conflict  dhcp.o
    0x08008e98   0x08008e98   0x00000024   Code   RO         5049    i.default_ip_update  dhcp.o
    0x08008ebc   0x08008ebc   0x00000030   Code   RO         4178    i.dhcp_assign       w5100s_proc.o
    0x08008eec   0x08008eec   0x00000020   Code   RO         4179    i.dhcp_conflict     w5100s_proc.o
    0x08008f0c   0x08008f0c   0x0000001c   Code   RO         4180    i.dhcp_update       w5100s_proc.o
    0x08008f28   0x08008f28   0x000000a0   Code   RO         4611    i.disconnect        socket.o
    0x08008fc8   0x08008fc8   0x00000100   Code   RO         5194    i.dns_answer        dns.o
    0x080090c8   0x080090c8   0x000000e0   Code   RO         5195    i.dns_makequery     dns.o
    0x080091a8   0x080091a8   0x0000002a   Code   RO         5196    i.dns_question      dns.o
    0x080091d2   0x080091d2   0x00000010   Code   RO         5197    i.get16             dns.o
    0x080091e2   0x080091e2   0x00000002   PAD
    0x080091e4   0x080091e4   0x00000020   Code   RO         5051    i.getDNSfromDHCP    dhcp.o
    0x08009204   0x08009204   0x00000020   Code   RO         5052    i.getGWfromDHCP     dhcp.o
    0x08009224   0x08009224   0x00000020   Code   RO         5053    i.getIPfromDHCP     dhcp.o
    0x08009244   0x08009244   0x00000020   Code   RO         5054    i.getSNfromDHCP     dhcp.o
    0x08009264   0x08009264   0x0000004c   Code   RO         4939    i.getSn_RX_RSR      w5100s.o
    0x080092b0   0x080092b0   0x00000034   Code   RO         4940    i.getSn_RxBASE      w5100s.o
    0x080092e4   0x080092e4   0x0000004c   Code   RO         4941    i.getSn_TX_FSR      w5100s.o
    0x08009330   0x08009330   0x00000034   Code   RO         4942    i.getSn_TxBASE      w5100s.o
    0x08009364   0x08009364   0x00000042   Code   RO         3897    i.get_entry         debug.o
    0x080093a6   0x080093a6   0x00000002   PAD
    0x080093a8   0x080093a8   0x000000f8   Code   RO           26    i.main              main.o
    0x080094a0   0x080094a0   0x0000018c   Code   RO         5055    i.makeDHCPMSG       dhcp.o
    0x0800962c   0x0800962c   0x0000004c   Code   RO         3899    i.mprintf           debug.o
    0x08009678   0x08009678   0x0000004c   Code   RO         4430    i.mprintf3          wifi.o
    0x080096c4   0x080096c4   0x00000284   Code   RO         5056    i.parseDHCPMSG      dhcp.o
    0x08009948   0x08009948   0x000000fe   Code   RO         5198    i.parseDNSMSG       dns.o
    0x08009a46   0x08009a46   0x00000096   Code   RO         5199    i.parse_name        dns.o
    0x08009adc   0x08009adc   0x00000118   Code   RO         4181    i.print_network_information  w5100s_proc.o
    0x08009bf4   0x08009bf4   0x0000000c   Code   RO         5200    i.put16             dns.o
    0x08009c00   0x08009c00   0x00000118   Code   RO         4614    i.recv              socket.o
    0x08009d18   0x08009d18   0x000002d4   Code   RO         4615    i.recvfrom          socket.o
    0x08009fec   0x08009fec   0x00000040   Code   RO         5057    i.reg_dhcp_cbfunc   dhcp.o
    0x0800a02c   0x0800a02c   0x00000034   Code   RO         4703    i.reg_wizchip_bus_cbfunc  wizchip_conf.o
    0x0800a060   0x0800a060   0x00000020   Code   RO         5058    i.reset_DHCP_timeout  dhcp.o
    0x0800a080   0x0800a080   0x0000015c   Code   RO         4616    i.send              socket.o
    0x0800a1dc   0x0800a1dc   0x00000200   Code   RO         5059    i.send_DHCP_DECLINE  dhcp.o
    0x0800a3dc   0x0800a3dc   0x00000298   Code   RO         5060    i.send_DHCP_DISCOVER  dhcp.o
    0x0800a674   0x0800a674   0x000003e8   Code   RO         5061    i.send_DHCP_REQUEST  dhcp.o
    0x0800aa5c   0x0800aa5c   0x00000214   Code   RO         4617    i.sendto            socket.o
    0x0800ac70   0x0800ac70   0x00000158   Code   RO         4619    i.socket            socket.o
    0x0800adc8   0x0800adc8   0x00000034   Code   RO         4944    i.wiz_mdio_read     w5100s.o
    0x0800adfc   0x0800adfc   0x00000034   Code   RO         4945    i.wiz_mdio_write    w5100s.o
    0x0800ae30   0x0800ae30   0x000000e0   Code   RO         4946    i.wiz_recv_data     w5100s.o
    0x0800af10   0x0800af10   0x00000044   Code   RO         4947    i.wiz_recv_ignore   w5100s.o
    0x0800af54   0x0800af54   0x000000e0   Code   RO         4948    i.wiz_send_data     w5100s.o
    0x0800b034   0x0800b034   0x00000006   Code   RO         4708    i.wizchip_bus_readdata  wizchip_conf.o
    0x0800b03a   0x0800b03a   0x00000004   Code   RO         4709    i.wizchip_bus_writedata  wizchip_conf.o
    0x0800b03e   0x0800b03e   0x0000001e   Code   RO         4710    i.wizchip_clrinterrupt  wizchip_conf.o
    0x0800b05c   0x0800b05c   0x00000002   Code   RO         4711    i.wizchip_cris_enter  wizchip_conf.o
    0x0800b05e   0x0800b05e   0x00000002   Code   RO         4712    i.wizchip_cris_exit  wizchip_conf.o
    0x0800b060   0x0800b060   0x00000002   Code   RO         4713    i.wizchip_cs_deselect  wizchip_conf.o
    0x0800b062   0x0800b062   0x00000002   Code   RO         4714    i.wizchip_cs_select  wizchip_conf.o
    0x0800b064   0x0800b064   0x00000024   Code   RO         4715    i.wizchip_getinterrupt  wizchip_conf.o
    0x0800b088   0x0800b088   0x00000022   Code   RO         4716    i.wizchip_getinterruptmask  wizchip_conf.o
    0x0800b0aa   0x0800b0aa   0x00000002   PAD
    0x0800b0ac   0x0800b0ac   0x00000054   Code   RO         4717    i.wizchip_getnetinfo  wizchip_conf.o
    0x0800b100   0x0800b100   0x00000008   Code   RO         4718    i.wizchip_getnetmode  wizchip_conf.o
    0x0800b108   0x0800b108   0x00000022   Code   RO         4719    i.wizchip_gettimeout  wizchip_conf.o
    0x0800b12a   0x0800b12a   0x000000ea   Code   RO         4720    i.wizchip_init      wizchip_conf.o
    0x0800b214   0x0800b214   0x0000001c   Code   RO         4721    i.wizchip_setinterruptmask  wizchip_conf.o
    0x0800b230   0x0800b230   0x00000054   Code   RO         4722    i.wizchip_setnetinfo  wizchip_conf.o
    0x0800b284   0x0800b284   0x0000001c   Code   RO         4723    i.wizchip_setnetmode  wizchip_conf.o
    0x0800b2a0   0x0800b2a0   0x00000020   Code   RO         4724    i.wizchip_settimeout  wizchip_conf.o
    0x0800b2c0   0x0800b2c0   0x0000007c   Code   RO         4729    i.wizchip_sw_reset  wizchip_conf.o
    0x0800b33c   0x0800b33c   0x00000044   Code   RO         4730    i.wizphy_getphyconf  wizchip_conf.o
    0x0800b380   0x0800b380   0x00000016   Code   RO         4731    i.wizphy_getphylink  wizchip_conf.o
    0x0800b396   0x0800b396   0x00000006   Code   RO         4732    i.wizphy_getphypmode  wizchip_conf.o
    0x0800b39c   0x0800b39c   0x00000028   Code   RO         4733    i.wizphy_reset      wizchip_conf.o
    0x0800b3c4   0x0800b3c4   0x00000046   Code   RO         4734    i.wizphy_setphyconf  wizchip_conf.o
    0x0800b40a   0x0800b40a   0x0000004e   Code   RO         4735    i.wizphy_setphypmode  wizchip_conf.o
    0x0800b458   0x0800b458   0x00000018   Data   RO         3767    .constdata          system_stm32f1xx.o
    0x0800b470   0x0800b470   0x00000074   Data   RO         3806    .constdata          buzzer.o
    0x0800b4e4   0x0800b4e4   0x000001c8   Data   RO         3901    .constdata          debug.o
    0x0800b6ac   0x0800b6ac   0x00000008   Data   RO         4299    .constdata          w5100srelfunctions.o
    0x0800b6b4   0x0800b6b4   0x0000001d   Data   RO         4375    .constdata          segment.o
    0x0800b6d1   0x0800b6d1   0x00000081   Data   RO         5632    .constdata          mc_w.l(ctype_o.o)
    0x0800b752   0x0800b752   0x00000002   PAD
    0x0800b754   0x0800b754   0x00000004   Data   RO         5633    .constdata          mc_w.l(ctype_o.o)
    0x0800b758   0x0800b758   0x00000020   Data   RO         5664    Region$$Table       anon$$obj.o


    Execution Region RW_IRAM1 (Exec base: 0x20000000, Load base: 0x0800b778, Size: 0x00005468, Max: 0x0000c000, ABSOLUTE, COMPRESSED[0x0000008c])

    Exec Addr    Load Addr    Size         Type   Attr      Idx    E Section Name        Object

    0x20000000   COMPRESSED   0x00000008   Data   RW           28    .data               main.o
    0x20000008   COMPRESSED   0x00000008   Data   RW          367    .data               stm32f1xx_hal_msp.o
    0x20000010   COMPRESSED   0x00000009   Data   RW          803    .data               stm32f1xx_hal.o
    0x20000019   COMPRESSED   0x00000003   PAD
    0x2000001c   COMPRESSED   0x00000004   Data   RW         1988    .data               stm32f1xx_hal_nor.o
    0x20000020   COMPRESSED   0x00000004   Data   RW         3768    .data               system_stm32f1xx.o
    0x20000024   COMPRESSED   0x00000012   Data   RW         3807    .data               buzzer.o
    0x20000036   COMPRESSED   0x0000000d   Data   RW         3902    .data               debug.o
    0x20000043   COMPRESSED   0x00000001   PAD
    0x20000044   COMPRESSED   0x00000010   Data   RW         4014    .data               flashrom.o
    0x20000054   COMPRESSED   0x00000024   Data   RW         4056    .data               mytimer.o
    0x20000078   COMPRESSED   0x00000038   Data   RW         4107    .data               rs485.o
    0x200000b0   COMPRESSED   0x00000054   Data   RW         4183    .data               w5100s_proc.o
    0x20000104   COMPRESSED   0x00000005   Data   RW         4376    .data               segment.o
    0x20000109   COMPRESSED   0x00000001   PAD
    0x2000010a   COMPRESSED   0x0000001c   Data   RW         4432    .data               wifi.o
    0x20000126   COMPRESSED   0x00000002   PAD
    0x20000128   COMPRESSED   0x0000001e   Data   RW         4556    .data               repeater.o
    0x20000146   COMPRESSED   0x00000012   Data   RW         4620    .data               socket.o
    0x20000158   COMPRESSED   0x00000031   Data   RW         4736    .data               wizchip_conf.o
    0x20000189   COMPRESSED   0x00000003   PAD
    0x2000018c   COMPRESSED   0x00000050   Data   RW         5062    .data               dhcp.o
    0x200001dc   COMPRESSED   0x0000000d   Data   RW         5201    .data               dns.o
    0x200001e9   COMPRESSED   0x00000003   PAD
    0x200001ec   COMPRESSED   0x00000004   Data   RW         5295    .data               mc_w.l(strtok.o)
    0x200001f0   COMPRESSED   0x00000004   Data   RW         5613    .data               mc_w.l(errno.o)
    0x200001f4        -       0x00000238   Zero   RW           27    .bss                main.o
    0x2000042c   COMPRESSED   0x00000004   PAD
    0x20000430        -       0x00000020   Zero   RW         1517    .bss                stm32f1xx_hal_flash.o
    0x20000450        -       0x00000620   Zero   RW         3900    .bss                debug.o
    0x20000a70        -       0x00000074   Zero   RW         4013    .bss                flashrom.o
    0x20000ae4        -       0x0000000c   Zero   RW         4055    .bss                mytimer.o
    0x20000af0        -       0x0000028e   Zero   RW         4106    .bss                rs485.o
    0x20000d7e        -       0x000038e0   Zero   RW         4182    .bss                w5100s_proc.o
    0x2000465e        -       0x00000a0a   Zero   RW         4431    .bss                wifi.o
    0x20005068        -       0x00000400   Zero   RW            1    STACK               startup_stm32f103xe.o


==============================================================================

Image component sizes


      Code (inc. data)   RO Data    RW Data    ZI Data      Debug   Object Name

       632        114        116         18          0       3581   buzzer.o
      2170        476        456         13       1568      11131   debug.o
      4586        350          0         80          0      15534   dhcp.o
      1262         62          0         13          0       8787   dns.o
       952        208          0         16        116       2331   flashrom.o
      1676        190          0          8        568     545484   main.o
       868        152          0         36         12       4496   mytimer.o
      1018         62          0         30          0       4479   repeater.o
      1308        182          0         56        654       6168   rs485.o
       496         32         29          5          0       1694   segment.o
      2804        100          0         18          0       7751   socket.o
        36          8        304          0       1024        776   startup_stm32f103xe.o
       192         36          0          9          0       6269   stm32f1xx_hal.o
      1732         58          0          0          0       9781   stm32f1xx_hal_adc.o
       262          4          0          0          0       1939   stm32f1xx_hal_adc_ex.o
       304         22          0          0          0      29219   stm32f1xx_hal_cortex.o
        72          0          0          0          0       1692   stm32f1xx_hal_crc.o
      1260         18          0          0          0       3639   stm32f1xx_hal_dma.o
       520         48          0          0         32       3974   stm32f1xx_hal_flash.o
       256         26          0          0          0       2443   stm32f1xx_hal_flash_ex.o
       880         40          0          0          0       3812   stm32f1xx_hal_gpio.o
      1102        116          0          8          0       5958   stm32f1xx_hal_msp.o
       404          6          0          4          0       4294   stm32f1xx_hal_nor.o
      1784        110          0          0          0       5792   stm32f1xx_hal_rcc.o
       612         46          0          0          0       2341   stm32f1xx_hal_rcc_ex.o
       190          0          0          0          0       1071   stm32f1xx_hal_spi.o
      1882         88          0          0          0      12037   stm32f1xx_hal_tim.o
       156         22          0          0          0       1256   stm32f1xx_hal_tim_ex.o
       366          4          0          0          0       1644   stm32f1xx_hal_uart.o
        92         12          0          0          0       5725   stm32f1xx_it.o
       254         10          0          0          0       3707   stm32f1xx_ll_fsmc.o
        88         18         24          4          0       1079   system_stm32f1xx.o
      1284         32          0          0          0       7993   w5100s.o
      2162        806          0         84      14560      11743   w5100s_proc.o
       154         56          8          0          0       1945   w5100srelfunctions.o
      6204       1426          0         28       2570      13061   wifi.o
      1414         56          0         49          0      17788   wizchip_conf.o

    ----------------------------------------------------------------------
     41476       4996        969        492      21108     772414   Object Totals
         0          0         32          0          0          0   (incl. Generated)
        42          0          0         13          4          0   (incl. Padding)

    ----------------------------------------------------------------------

      Code (inc. data)   RO Data    RW Data    ZI Data      Debug   Library Member Name

        86          0          0          0          0          0   __dczerorl2.o
        28          0          0          0          0         68   _chval.o
       158          0          0          0          0         92   _strtoul.o
        26          0          0          0          0         80   atoi.o
         8          4        133          0          0         68   ctype_o.o
         0          0          0          0          0          0   entry.o
         0          0          0          0          0          0   entry10a.o
         0          0          0          0          0          0   entry11a.o
         4          0          0          0          0          0   entry12b.o
         8          4          0          0          0          0   entry2.o
         4          0          0          0          0          0   entry5.o
         0          0          0          0          0          0   entry7b.o
         0          0          0          0          0          0   entry8b.o
         8          4          0          0          0          0   entry9a.o
         8          4          0          4          0         68   errno.o
        30          0          0          0          0          0   handlers.o
        36          8          0          0          0         68   init.o
         0          0          0          0          0          0   iusefp.o
        30          0          0          0          0         68   llshl.o
        36          0          0          0          0         68   llsshr.o
        32          0          0          0          0         68   llushr.o
        36          0          0          0          0         68   memcpya.o
        36          0          0          0          0        108   memseta.o
      2272         92          0          0          0        612   printfa.o
        20          0          0          0          0         68   strchr.o
        28          0          0          0          0         76   strcmp.o
        18          0          0          0          0         68   strcpy.o
        14          0          0          0          0         68   strlen.o
        24          0          0          0          0         76   strncpy.o
        36          0          0          0          0         80   strstr.o
        68          6          0          4          0         80   strtok.o
       112          0          0          0          0         88   strtol.o
        12          0          0          0          0         68   toupper.o
        44          0          0          0          0         80   uidiv.o
        98          0          0          0          0         92   uldiv.o
        48          0          0          0          0         68   cdrcmple.o
       334          0          0          0          0        148   dadd.o
       222          0          0          0          0        100   ddiv.o
       186          0          0          0          0        176   depilogue.o
        48          0          0          0          0         68   dfixul.o
       228          0          0          0          0         96   dmul.o

    ----------------------------------------------------------------------
      4388        122        135          8          0       2936   Library Totals
         2          0          2          0          0          0   (incl. Padding)

    ----------------------------------------------------------------------

      Code (inc. data)   RO Data    RW Data    ZI Data      Debug   Library Name

      3320        122        133          8          0       2280   mc_w.l
      1066          0          0          0          0        656   mf_w.l

    ----------------------------------------------------------------------
      4388        122        135          8          0       2936   Library Totals

    ----------------------------------------------------------------------

==============================================================================


      Code (inc. data)   RO Data    RW Data    ZI Data      Debug   

     45864       5118       1104        500      21108     760658   Grand Totals
     45864       5118       1104        140      21108     760658   ELF Image Totals (compressed)
     45864       5118       1104        140          0          0   ROM Totals

==============================================================================

    Total RO  Size (Code + RO Data)                46968 (  45.87kB)
    Total RW  Size (RW Data + ZI Data)             21608 (  21.10kB)
    Total ROM Size (Code + RO Data + RW Data)      47108 (  46.00kB)

==============================================================================

