Component: ARM Compiler 5.06 update 7 (build 960) Tool: armlink [4d3601]

==============================================================================

Section Cross References

    startup_stm32f103xe.o(RESET) refers to startup_stm32f103xe.o(STACK) for __initial_sp
    startup_stm32f103xe.o(RESET) refers to startup_stm32f103xe.o(.text) for Reset_Handler
    startup_stm32f103xe.o(RESET) refers to stm32f1xx_it.o(i.NMI_Handler) for NMI_Handler
    startup_stm32f103xe.o(RESET) refers to stm32f1xx_it.o(i.HardFault_Handler) for HardFault_Handler
    startup_stm32f103xe.o(RESET) refers to stm32f1xx_it.o(i.MemManage_Handler) for MemManage_Handler
    startup_stm32f103xe.o(RESET) refers to stm32f1xx_it.o(i.BusFault_Handler) for BusFault_Handler
    startup_stm32f103xe.o(RESET) refers to stm32f1xx_it.o(i.UsageFault_Handler) for UsageFault_Handler
    startup_stm32f103xe.o(RESET) refers to stm32f1xx_it.o(i.SVC_Handler) for SVC_Handler
    startup_stm32f103xe.o(RESET) refers to stm32f1xx_it.o(i.DebugMon_Handler) for DebugMon_Handler
    startup_stm32f103xe.o(RESET) refers to stm32f1xx_it.o(i.PendSV_Handler) for PendSV_Handler
    startup_stm32f103xe.o(RESET) refers to stm32f1xx_it.o(i.SysTick_Handler) for SysTick_Handler
    startup_stm32f103xe.o(RESET) refers to stm32f1xx_it.o(i.EXTI4_IRQHandler) for EXTI4_IRQHandler
    startup_stm32f103xe.o(RESET) refers to stm32f1xx_it.o(i.DMA1_Channel1_IRQHandler) for DMA1_Channel1_IRQHandler
    startup_stm32f103xe.o(RESET) refers to stm32f1xx_it.o(i.ADC1_2_IRQHandler) for ADC1_2_IRQHandler
    startup_stm32f103xe.o(RESET) refers to stm32f1xx_it.o(i.USART1_IRQHandler) for USART1_IRQHandler
    startup_stm32f103xe.o(RESET) refers to stm32f1xx_it.o(i.USART2_IRQHandler) for USART2_IRQHandler
    startup_stm32f103xe.o(RESET) refers to stm32f1xx_it.o(i.USART3_IRQHandler) for USART3_IRQHandler
    startup_stm32f103xe.o(RESET) refers to stm32f1xx_it.o(i.UART4_IRQHandler) for UART4_IRQHandler
    startup_stm32f103xe.o(.text) refers to system_stm32f1xx.o(i.SystemInit) for SystemInit
    startup_stm32f103xe.o(.text) refers to entry.o(.ARM.Collect$$$$00000000) for __main
    main.o(i.MX_ADC1_Init) refers to stm32f1xx_hal_adc.o(i.HAL_ADC_Init) for HAL_ADC_Init
    main.o(i.MX_ADC1_Init) refers to main.o(i.Error_Handler) for Error_Handler
    main.o(i.MX_ADC1_Init) refers to stm32f1xx_hal_adc.o(i.HAL_ADC_ConfigChannel) for HAL_ADC_ConfigChannel
    main.o(i.MX_ADC1_Init) refers to stm32f1xx_hal_adc_ex.o(i.HAL_ADCEx_Calibration_Start) for HAL_ADCEx_Calibration_Start
    main.o(i.MX_ADC1_Init) refers to stm32f1xx_hal_adc.o(i.HAL_ADC_GetState) for HAL_ADC_GetState
    main.o(i.MX_ADC1_Init) refers to stm32f1xx_hal_adc.o(i.HAL_ADC_Start_DMA) for HAL_ADC_Start_DMA
    main.o(i.MX_ADC1_Init) refers to main.o(.bss) for hadc1
    main.o(i.MX_CRC_Init) refers to stm32f1xx_hal_crc.o(i.HAL_CRC_Init) for HAL_CRC_Init
    main.o(i.MX_CRC_Init) refers to main.o(i.Error_Handler) for Error_Handler
    main.o(i.MX_CRC_Init) refers to main.o(.data) for hcrc
    main.o(i.MX_DMA_Init) refers to stm32f1xx_hal_cortex.o(i.HAL_NVIC_SetPriority) for HAL_NVIC_SetPriority
    main.o(i.MX_DMA_Init) refers to stm32f1xx_hal_cortex.o(i.HAL_NVIC_EnableIRQ) for HAL_NVIC_EnableIRQ
    main.o(i.MX_FSMC_Init) refers to memseta.o(.text) for __aeabi_memclr4
    main.o(i.MX_FSMC_Init) refers to stm32f1xx_hal_nor.o(i.HAL_NOR_Init) for HAL_NOR_Init
    main.o(i.MX_FSMC_Init) refers to main.o(i.Error_Handler) for Error_Handler
    main.o(i.MX_FSMC_Init) refers to main.o(.bss) for hnor1
    main.o(i.MX_GPIO_Init) refers to stm32f1xx_hal_gpio.o(i.HAL_GPIO_WritePin) for HAL_GPIO_WritePin
    main.o(i.MX_GPIO_Init) refers to stm32f1xx_hal_gpio.o(i.HAL_GPIO_Init) for HAL_GPIO_Init
    main.o(i.MX_GPIO_Init) refers to stm32f1xx_hal_cortex.o(i.HAL_NVIC_SetPriority) for HAL_NVIC_SetPriority
    main.o(i.MX_GPIO_Init) refers to stm32f1xx_hal_cortex.o(i.HAL_NVIC_EnableIRQ) for HAL_NVIC_EnableIRQ
    main.o(i.MX_IWDG_Init) refers to stm32f1xx_hal_iwdg.o(i.HAL_IWDG_Init) for HAL_IWDG_Init
    main.o(i.MX_IWDG_Init) refers to main.o(i.Error_Handler) for Error_Handler
    main.o(i.MX_IWDG_Init) refers to stm32f1xx_hal_iwdg.o(i.HAL_IWDG_Refresh) for HAL_IWDG_Refresh
    main.o(i.MX_IWDG_Init) refers to main.o(.bss) for hiwdg
    main.o(i.MX_SPI2_Init) refers to stm32f1xx_hal_spi.o(i.HAL_SPI_Init) for HAL_SPI_Init
    main.o(i.MX_SPI2_Init) refers to main.o(i.Error_Handler) for Error_Handler
    main.o(i.MX_SPI2_Init) refers to main.o(.bss) for hspi2
    main.o(i.MX_TIM4_Init) refers to memseta.o(.text) for __aeabi_memclr4
    main.o(i.MX_TIM4_Init) refers to stm32f1xx_hal_tim.o(i.HAL_TIM_Base_Init) for HAL_TIM_Base_Init
    main.o(i.MX_TIM4_Init) refers to main.o(i.Error_Handler) for Error_Handler
    main.o(i.MX_TIM4_Init) refers to stm32f1xx_hal_tim.o(i.HAL_TIM_ConfigClockSource) for HAL_TIM_ConfigClockSource
    main.o(i.MX_TIM4_Init) refers to stm32f1xx_hal_tim.o(i.HAL_TIM_PWM_Init) for HAL_TIM_PWM_Init
[...]
    atoi                                     0x0800032f   Thumb Code    26  atoi.o(.text)
    __aeabi_dadd                             0x08000349   Thumb Code   322  dadd.o(.text)
    __aeabi_dsub                             0x0800048b   Thumb Code     6  dadd.o(.text)
    __aeabi_drsub                            0x08000491   Thumb Code     6  dadd.o(.text)
    __aeabi_dmul                             0x08000497   Thumb Code   228  dmul.o(.text)
    __aeabi_ddiv                             0x0800057b   Thumb Code   222  ddiv.o(.text)
    __aeabi_uidiv                            0x08000659   Thumb Code     0  uidiv.o(.text)
    __aeabi_uidivmod                         0x08000659   Thumb Code    44  uidiv.o(.text)
    __aeabi_uldivmod                         0x08000685   Thumb Code    98  uldiv.o(.text)
    __aeabi_llsl                             0x080006e7   Thumb Code    30  llshl.o(.text)
    _ll_shift_l                              0x080006e7   Thumb Code     0  llshl.o(.text)
    __aeabi_lasr                             0x08000705   Thumb Code    36  llsshr.o(.text)
    _ll_sshift_r                             0x08000705   Thumb Code     0  llsshr.o(.text)
    __rt_ctype_table                         0x08000729   Thumb Code     4  ctype_o.o(.text)
    _strtoul                                 0x08000731   Thumb Code   158  _strtoul.o(.text)
    strtol                                   0x080007cf   Thumb Code   112  strtol.o(.text)
    __I$use$fp                               0x0800083f   Thumb Code     0  iusefp.o(.text)
    _double_round                            0x0800083f   Thumb Code    30  depilogue.o(.text)
    _double_epilogue                         0x0800085d   Thumb Code   156  depilogue.o(.text)
    __aeabi_d2ulz                            0x080008f9   Thumb Code    48  dfixul.o(.text)
    __aeabi_cdrcmple                         0x08000929   Thumb Code    48  cdrcmple.o(.text)
    __scatterload                            0x08000959   Thumb Code    28  init.o(.text)
    __scatterload_rt2                        0x08000959   Thumb Code     0  init.o(.text)
    _chval                                   0x0800097d   Thumb Code    28  _chval.o(.text)
    __decompress                             0x08000999   Thumb Code     0  __dczerorl2.o(.text)
    __decompress1                            0x08000999   Thumb Code    86  __dczerorl2.o(.text)
    ADC1_2_IRQHandler                        0x080009f1   Thumb Code    10  stm32f1xx_it.o(i.ADC1_2_IRQHandler)
    ADC_ConversionStop_Disable               0x08000a01   Thumb Code    92  stm32f1xx_hal_adc.o(i.ADC_ConversionStop_Disable)
    ADC_DMAConvCplt                          0x08000a5d   Thumb Code    82  stm32f1xx_hal_adc.o(i.ADC_DMAConvCplt)
    ADC_DMAError                             0x08000aaf   Thumb Code    30  stm32f1xx_hal_adc.o(i.ADC_DMAError)
    ADC_DMAHalfConvCplt                      0x08000acd   Thumb Code    14  stm32f1xx_hal_adc.o(i.ADC_DMAHalfConvCplt)
    ADC_Enable                               0x08000add   Thumb Code   134  stm32f1xx_hal_adc.o(i.ADC_Enable)
    AllOff_Output                            0x08000b6d   Thumb Code    92  test.o(i.AllOff_Output)
    BusFault_Handler                         0x08000bdd   Thumb Code     4  stm32f1xx_it.o(i.BusFault_Handler)
    Buzzer_Sequence                          0x08000be1   Thumb Code   194  buzzer.o(i.Buzzer_Sequence)
    Buzzer_Stop                              0x08000cc1   Thumb Code    12  buzzer.o(i.Buzzer_Stop)
    Comm_Test                                0x08000cd1   Thumb Code   100  test.o(i.Comm_Test)
    Compare_Next_IP                          0x08000d51   Thumb Code   114  w5100s_proc.o(i.Compare_Next_IP)
    Connect_Tcp_Server                       0x08000dcd   Thumb Code   276  wifi.o(i.Connect_Tcp_Server)
    DMA1_Channel1_IRQHandler                 0x08000f4d   Thumb Code    10  stm32f1xx_it.o(i.DMA1_Channel1_IRQHandler)
    DebugMon_Handler                         0x08000f89   Thumb Code     2  stm32f1xx_it.o(i.DebugMon_Handler)
    Debug_proc                               0x08000f8d   Thumb Code    28  debug.o(i.Debug_proc)
    Disp_Input                               0x08000fb1   Thumb Code    60  test.o(i.Disp_Input)
    Disp_Segment                             0x08000ff5   Thumb Code     2  repeater.o(i.Disp_Segment)
    Disp_Version                             0x08000ff7   Thumb Code    56  repeater.o(i.Disp_Version)
    EXTI4_IRQHandler                         0x0800102f   Thumb Code    10  stm32f1xx_it.o(i.EXTI4_IRQHandler)
    Error_Handler                            0x08001039   Thumb Code     2  main.o(i.Error_Handler)
    Ether_UserCommand_Proc                   0x0800103d   Thumb Code   144  w5100s_proc.o(i.Ether_UserCommand_Proc)
    Ethernet_Proc                            0x080010fd   Thumb Code    66  w5100s_proc.o(i.Ethernet_Proc)
    FLASH_PageErase                          0x0800119d   Thumb Code    32  stm32f1xx_hal_flash_ex.o(i.FLASH_PageErase)
    FLASH_WaitForLastOperation               0x08001269   Thumb Code   106  stm32f1xx_hal_flash.o(i.FLASH_WaitForLastOperation)
    FSMC_NORSRAM_Extended_Timing_Init        0x080012d9   Thumb Code    62  stm32f1xx_ll_fsmc.o(i.FSMC_NORSRAM_Extended_Timing_Init)
    FSMC_NORSRAM_Init                        0x0800131d   Thumb Code   116  stm32f1xx_ll_fsmc.o(i.FSMC_NORSRAM_Init)
    FSMC_NORSRAM_Timing_Init                 0x08001395   Thumb Code    66  stm32f1xx_ll_fsmc.o(i.FSMC_NORSRAM_Timing_Init)
    FlashRom_Init                            0x080013d9   Thumb Code   546  flashrom.o(i.FlashRom_Init)
    FlashRom_WriteData                       0x08001669   Thumb Code   220  flashrom.o(i.FlashRom_WriteData)
    GetLine_Proc                             0x08001789   Thumb Code   206  debug.o(i.GetLine_Proc)
    Get_Signal_Strength                      0x0800186d   Thumb Code   210  wifi.o(i.Get_Signal_Strength)
    HAL_ADCEx_Calibration_Start              0x08001971   Thumb Code   276  stm32f1xx_hal_adc_ex.o(i.HAL_ADCEx_Calibration_Start)
    HAL_ADCEx_InjectedConvCpltCallback       0x08001a89   Thumb Code     2  stm32f1xx_hal_adc_ex.o(i.HAL_ADCEx_InjectedConvCpltCallback)
    HAL_ADC_ConfigChannel                    0x08001a8d   Thumb Code   338  stm32f1xx_hal_adc.o(i.HAL_ADC_ConfigChannel)
    HAL_ADC_ConvCpltCallback                 0x08001bed   Thumb Code     2  stm32f1xx_hal_adc.o(i.HAL_ADC_ConvCpltCallback)
    HAL_ADC_ConvHalfCpltCallback             0x08001bef   Thumb Code     2  stm32f1xx_hal_adc.o(i.HAL_ADC_ConvHalfCpltCallback)
    HAL_ADC_ErrorCallback                    0x08001bf1   Thumb Code     2  stm32f1xx_hal_adc.o(i.HAL_ADC_ErrorCallback)
    HAL_ADC_GetState                         0x08001bf3   Thumb Code     6  stm32f1xx_hal_adc.o(i.HAL_ADC_GetState)
    HAL_ADC_IRQHandler                       0x08001bf9   Thumb Code   290  stm32f1xx_hal_adc.o(i.HAL_ADC_IRQHandler)
    HAL_ADC_Init                             0x08001d1d   Thumb Code   340  stm32f1xx_hal_adc.o(i.HAL_ADC_Init)
    HAL_ADC_LevelOutOfWindowCallback         0x08001e7d   Thumb Code     2  stm32f1xx_hal_adc.o(i.HAL_ADC_LevelOutOfWindowCallback)
    HAL_ADC_MspInit                          0x08001e81   Thumb Code   114  stm32f1xx_hal_msp.o(i.HAL_ADC_MspInit)
    HAL_ADC_Start_DMA                        0x08001f05   Thumb Code   362  stm32f1xx_hal_adc.o(i.HAL_ADC_Start_DMA)
    HAL_CRC_Accumulate                       0x08002085   Thumb Code    40  stm32f1xx_hal_crc.o(i.HAL_CRC_Accumulate)
    HAL_CRC_Init                             0x080020ad   Thumb Code    32  stm32f1xx_hal_crc.o(i.HAL_CRC_Init)
    HAL_CRC_MspInit                          0x080020cd   Thumb Code    40  stm32f1xx_hal_msp.o(i.HAL_CRC_MspInit)
    HAL_DMA_IRQHandler                       0x080020fd   Thumb Code   910  stm32f1xx_hal_dma.o(i.HAL_DMA_IRQHandler)
    HAL_DMA_Init                             0x08002495   Thumb Code   132  stm32f1xx_hal_dma.o(i.HAL_DMA_Init)
    HAL_DMA_Start_IT                         0x08002521   Thumb Code   156  stm32f1xx_hal_dma.o(i.HAL_DMA_Start_IT)
    HAL_Delay                                0x080025bd   Thumb Code    36  stm32f1xx_hal.o(i.HAL_Delay)
    HAL_FLASHEx_Erase                        0x080025e5   Thumb Code   168  stm32f1xx_hal_flash_ex.o(i.HAL_FLASHEx_Erase)
    HAL_FLASH_Lock                           0x08002695   Thumb Code    16  stm32f1xx_hal_flash.o(i.HAL_FLASH_Lock)
    HAL_FLASH_Program                        0x080026a9   Thumb Code   168  stm32f1xx_hal_flash.o(i.HAL_FLASH_Program)
    HAL_FLASH_Unlock                         0x08002759   Thumb Code    36  stm32f1xx_hal_flash.o(i.HAL_FLASH_Unlock)
    HAL_GPIO_EXTI_Callback                   0x0800281d   Thumb Code    34  repeater.o(i.HAL_GPIO_EXTI_Callback)
    HAL_GPIO_EXTI_IRQHandler                 0x0800284d   Thumb Code    24  stm32f1xx_hal_gpio.o(i.HAL_GPIO_EXTI_IRQHandler)
    HAL_GPIO_Init                            0x08002869   Thumb Code   792  stm32f1xx_hal_gpio.o(i.HAL_GPIO_Init)
    HAL_GPIO_ReadPin                         0x08002ba9   Thumb Code    16  stm32f1xx_hal_gpio.o(i.HAL_GPIO_ReadPin)
    HAL_GPIO_TogglePin                       0x08002bb9   Thumb Code    20  stm32f1xx_hal_gpio.o(i.HAL_GPIO_TogglePin)
    HAL_GPIO_WritePin                        0x08002bcd   Thumb Code    12  stm32f1xx_hal_gpio.o(i.HAL_GPIO_WritePin)
    HAL_GetTick                              0x08002bd9   Thumb Code     6  stm32f1xx_hal.o(i.HAL_GetTick)
    HAL_IWDG_Init                            0x08002be5   Thumb Code    94  stm32f1xx_hal_iwdg.o(i.HAL_IWDG_Init)
    HAL_IWDG_Refresh                         0x08002c43   Thumb Code    14  stm32f1xx_hal_iwdg.o(i.HAL_IWDG_Refresh)
    HAL_IncTick                              0x08002c51   Thumb Code    16  stm32f1xx_hal.o(i.HAL_IncTick)
    HAL_Init                                 0x08002c69   Thumb Code    34  stm32f1xx_hal.o(i.HAL_Init)
    HAL_InitTick                             0x08002c91   Thumb Code    64  stm32f1xx_hal.o(i.HAL_InitTick)
    HAL_MspInit                              0x08002cdd   Thumb Code    76  stm32f1xx_hal_msp.o(i.HAL_MspInit)
    HAL_NOR_Init                             0x08002d31   Thumb Code   222  stm32f1xx_hal_nor.o(i.HAL_NOR_Init)
    HAL_NOR_MspInit                          0x08002e15   Thumb Code    10  stm32f1xx_hal_msp.o(i.HAL_NOR_MspInit)
    HAL_NOR_ReturnToReadMode                 0x08002e1f   Thumb Code   176  stm32f1xx_hal_nor.o(i.HAL_NOR_ReturnToReadMode)
    HAL_NVIC_EnableIRQ                       0x08002ecf   Thumb Code    32  stm32f1xx_hal_cortex.o(i.HAL_NVIC_EnableIRQ)
    HAL_NVIC_SetPriority                     0x08002eef   Thumb Code   124  stm32f1xx_hal_cortex.o(i.HAL_NVIC_SetPriority)
    HAL_NVIC_SetPriorityGrouping             0x08002f6d   Thumb Code    32  stm32f1xx_hal_cortex.o(i.HAL_NVIC_SetPriorityGrouping)
    HAL_RCCEx_GetPeriphCLKFreq               0x08002f95   Thumb Code   276  stm32f1xx_hal_rcc_ex.o(i.HAL_RCCEx_GetPeriphCLKFreq)
    HAL_RCCEx_PeriphCLKConfig                0x080030c9   Thumb Code   290  stm32f1xx_hal_rcc_ex.o(i.HAL_RCCEx_PeriphCLKConfig)
    HAL_RCC_ClockConfig                      0x080031f9   Thumb Code   376  stm32f1xx_hal_rcc.o(i.HAL_RCC_ClockConfig)
    HAL_RCC_GetHCLKFreq                      0x08003385   Thumb Code     6  stm32f1xx_hal_rcc.o(i.HAL_RCC_GetHCLKFreq)
    HAL_RCC_GetPCLK1Freq                     0x08003391   Thumb Code    22  stm32f1xx_hal_rcc.o(i.HAL_RCC_GetPCLK1Freq)
    HAL_RCC_GetPCLK2Freq                     0x080033b1   Thumb Code    22  stm32f1xx_hal_rcc.o(i.HAL_RCC_GetPCLK2Freq)
    HAL_RCC_GetSysClockFreq                  0x080033d1   Thumb Code   116  stm32f1xx_hal_rcc.o(i.HAL_RCC_GetSysClockFreq)
    HAL_RCC_OscConfig                        0x08003465   Thumb Code  1114  stm32f1xx_hal_rcc.o(i.HAL_RCC_OscConfig)
    HAL_SPI_Init                             0x080038c9   Thumb Code   190  stm32f1xx_hal_spi.o(i.HAL_SPI_Init)
    HAL_SPI_MspInit                          0x08003989   Thumb Code   124  stm32f1xx_hal_msp.o(i.HAL_SPI_MspInit)
    HAL_SYSTICK_Config                       0x08003a11   Thumb Code    52  stm32f1xx_hal_cortex.o(i.HAL_SYSTICK_Config)
    HAL_TIMEx_MasterConfigSynchronization    0x08003a45   Thumb Code   134  stm32f1xx_hal_tim_ex.o(i.HAL_TIMEx_MasterConfigSynchronization)
    HAL_TIM_Base_Init                        0x08003ae1   Thumb Code   102  stm32f1xx_hal_tim.o(i.HAL_TIM_Base_Init)
    HAL_TIM_Base_MspInit                     0x08003b49   Thumb Code    40  stm32f1xx_hal_msp.o(i.HAL_TIM_Base_MspInit)
    HAL_TIM_ConfigClockSource                0x08003b79   Thumb Code   264  stm32f1xx_hal_tim.o(i.HAL_TIM_ConfigClockSource)
    HAL_TIM_MspPostInit                      0x08003c81   Thumb Code    74  stm32f1xx_hal_msp.o(i.HAL_TIM_MspPostInit)
    HAL_TIM_PWM_ConfigChannel                0x08003cd9   Thumb Code   252  stm32f1xx_hal_tim.o(i.HAL_TIM_PWM_ConfigChannel)
    HAL_TIM_PWM_Init                         0x08003dd5   Thumb Code   102  stm32f1xx_hal_tim.o(i.HAL_TIM_PWM_Init)
    HAL_TIM_PWM_MspInit                      0x08003e3b   Thumb Code     2  stm32f1xx_hal_tim.o(i.HAL_TIM_PWM_MspInit)
    HAL_TIM_PWM_Start                        0x08003e3d   Thumb Code   222  stm32f1xx_hal_tim.o(i.HAL_TIM_PWM_Start)
    HAL_TIM_PWM_Stop                         0x08003f31   Thumb Code   160  stm32f1xx_hal_tim.o(i.HAL_TIM_PWM_Stop)
    HAL_UART_Init                            0x08003fd9   Thumb Code   114  stm32f1xx_hal_uart.o(i.HAL_UART_Init)
    HAL_UART_MspInit                         0x0800404d   Thumb Code   504  stm32f1xx_hal_msp.o(i.HAL_UART_MspInit)
    HardFault_Handler                        0x08004265   Thumb Code     4  stm32f1xx_it.o(i.HardFault_Handler)
    Init_Station_mode                        0x08004269   Thumb Code  1400  wifi.o(i.Init_Station_mode)
    InputKey_Proc                            0x08004855   Thumb Code    14  repeater.o(i.InputKey_Proc)
    Key_Scan                                 0x08004869   Thumb Code   216  mytimer.o(i.Key_Scan)
    Make_packet                              0x08004f09   Thumb Code   272  wifi.o(i.Make_packet)
    MemManage_Handler                        0x0800503d   Thumb Code     4  stm32f1xx_it.o(i.MemManage_Handler)
    ModbusRtu_Recv_Proc                      0x08005041   Thumb Code   332  rs232c.o(i.ModbusRtu_Recv_Proc)
    Modbus_Rtu_Proc                          0x080051ad   Thumb Code   184  rs232c.o(i.Modbus_Rtu_Proc)
    Modbus_Tcp_Proc                          0x08005271   Thumb Code   404  w5100s_proc.o(i.Modbus_Tcp_Proc)
    Modbus_Tcp_Recv_Proc                     0x0800548d   Thumb Code   324  w5100s_proc.o(i.Modbus_Tcp_Recv_Proc)
    NMI_Handler                              0x080055f1   Thumb Code     2  stm32f1xx_it.o(i.NMI_Handler)
    Next_Rtu_Index                           0x080055f5   Thumb Code    76  rs232c.o(i.Next_Rtu_Index)
    Output_Proc                              0x08005649   Thumb Code     2  repeater.o(i.Output_Proc)
    Output_Test                              0x0800564d   Thumb Code   378  test.o(i.Output_Test)
    PWM_Config                               0x080057ed   Thumb Code   162  buzzer.o(i.PWM_Config)
    PendSV_Handler                           0x080058a1   Thumb Code     2  stm32f1xx_it.o(i.PendSV_Handler)
    Play_Buzzer                              0x080058a5   Thumb Code   160  buzzer.o(i.Play_Buzzer)
    Repeater_Proc                            0x080059a1   Thumb Code    20  repeater.o(i.Repeater_Proc)
    Rs232c_proc                              0x080059b9   Thumb Code   142  rs232c.o(i.Rs232c_proc)
    Rs485_proc                               0x08005a61   Thumb Code   100  rs485.o(i.Rs485_proc)
    SVC_Handler                              0x08005ae1   Thumb Code     2  stm32f1xx_it.o(i.SVC_Handler)
    Seg_data_set                             0x08005ae5   Thumb Code    24  segment.o(i.Seg_data_set)
    Segment_Disp                             0x08005b05   Thumb Code   436  segment.o(i.Segment_Disp)
    Select_Client_index                      0x08005cd1   Thumb Code    76  w5100s_proc.o(i.Select_Client_index)
    SendChar                                 0x08005d25   Thumb Code    82  debug.o(i.SendChar)
    SendChar1                                0x08005d8d   Thumb Code    92  rs485.o(i.SendChar1)
    SendChar3                                0x08005e01   Thumb Code    82  wifi.o(i.SendChar3)
    SendChar4                                0x08005e69   Thumb Code    82  rs232c.o(i.SendChar4)
    Send_Ethernet_Packet                     0x08005ed1   Thumb Code    68  w5100s_proc.o(i.Send_Ethernet_Packet)
    Send_packet                              0x08005f15   Thumb Code    28  wifi.o(i.Send_packet)
    Set_MAC_Address                          0x08005f39   Thumb Code    84  w5100s_proc.o(i.Set_MAC_Address)
    SysTick_Handler                          0x08005f99   Thumb Code    12  stm32f1xx_it.o(i.SysTick_Handler)
    SystemClock_Config                       0x08005fa5   Thumb Code   134  main.o(i.SystemClock_Config)
    SystemInit                               0x0800602d   Thumb Code    70  system_stm32f1xx.o(i.SystemInit)
    Systic_Callback_Proc                     0x08006085   Thumb Code   254  mytimer.o(i.Systic_Callback_Proc)
    TIM_Base_SetConfig                       0x080061c9   Thumb Code   134  stm32f1xx_hal_tim.o(i.TIM_Base_SetConfig)
    TIM_CCxChannelCmd                        0x08006265   Thumb Code    34  stm32f1xx_hal_tim.o(i.TIM_CCxChannelCmd)
    TIM_ETR_SetConfig                        0x08006287   Thumb Code    22  stm32f1xx_hal_tim.o(i.TIM_ETR_SetConfig)
    TIM_OC2_SetConfig                        0x08006321   Thumb Code   114  stm32f1xx_hal_tim.o(i.TIM_OC2_SetConfig)
    Tcp_Client_Proc                          0x080064b9   Thumb Code   438  w5100s_proc.o(i.Tcp_Client_Proc)
    Tcp_Data_Send                            0x08006785   Thumb Code  1234  wifi.o(i.Tcp_Data_Send)
    Tcp_Proc                                 0x08006c5d   Thumb Code   262  w5100s_proc.o(i.Tcp_Proc)
    Tcp_Request_Packet                       0x08006d9d   Thumb Code   176  w5100s_proc.o(i.Tcp_Request_Packet)
    TestMode_Proc                            0x08006e59   Thumb Code   326  test.o(i.TestMode_Proc)
    Timer_Proc                               0x08006fc1   Thumb Code   190  mytimer.o(i.Timer_Proc)
    UART4_IRQHandler                         0x080070ad   Thumb Code     8  stm32f1xx_it.o(i.UART4_IRQHandler)
    USART1_IRQHandler                        0x080071b1   Thumb Code     8  stm32f1xx_it.o(i.USART1_IRQHandler)
    USART1_IRQ_Function                      0x080071b9   Thumb Code   348  rs485.o(i.USART1_IRQ_Function)
    USART2_IRQHandler                        0x08007341   Thumb Code     8  stm32f1xx_it.o(i.USART2_IRQHandler)
    USART2_IRQ_Function                      0x08007349   Thumb Code   290  debug.o(i.USART2_IRQ_Function)
    USART3_IRQHandler                        0x08007495   Thumb Code     8  stm32f1xx_it.o(i.USART3_IRQHandler)
    USART3_IRQ_Function                      0x0800749d   Thumb Code   292  wifi.o(i.USART3_IRQ_Function)
    USART4_IRQ_Function                      0x080075e9   Thumb Code   292  rs232c.o(i.USART4_IRQ_Function)
    UsageFault_Handler                       0x08007735   Thumb Code     4  stm32f1xx_it.o(i.UsageFault_Handler)
    UserCommand_Proc                         0x08007739   Thumb Code   146  debug.o(i.UserCommand_Proc)
    View_Packet_Data                         0x08007801   Thumb Code   380  w5100s_proc.o(i.View_Packet_Data)
    W5100SInitialze                          0x08007a19   Thumb Code    52  w5100srelfunctions.o(i.W5100SInitialze)
    W5100SReset                              0x08007a81   Thumb Code    36  w5100srelfunctions.o(i.W5100SReset)
    WIZCHIP_READ                             0x08007aa9   Thumb Code    68  w5100s.o(i.WIZCHIP_READ)
    WIZCHIP_READ_BUF                         0x08007af5   Thumb Code   120  w5100s.o(i.WIZCHIP_READ_BUF)
    WIZCHIP_WRITE                            0x08007b75   Thumb Code    68  w5100s.o(i.WIZCHIP_WRITE)
    WIZCHIP_WRITE_BUF                        0x08007bc1   Thumb Code   120  w5100s.o(i.WIZCHIP_WRITE_BUF)
    Wifi_Test                                0x08007c41   Thumb Code    60  test.o(i.Wifi_Test)
    Wifi_proc                                0x08007c95   Thumb Code   210  wifi.o(i.Wifi_proc)
    Wiznet_W5100S_Init                       0x08007db9   Thumb Code    92  w5100s_proc.o(i.Wiznet_W5100S_Init)
    __0sprintf                               0x08007e9d   Thumb Code    34  printfa.o(i.__0sprintf)
    __1sprintf                               0x08007e9d   Thumb Code     0  printfa.o(i.__0sprintf)
    __2sprintf                               0x08007e9d   Thumb Code     0  printfa.o(i.__0sprintf)
    __c89sprintf                             0x08007e9d   Thumb Code     0  printfa.o(i.__0sprintf)
    sprintf                                  0x08007e9d   Thumb Code     0  printfa.o(i.__0sprintf)
    __0vsprintf                              0x08007ec5   Thumb Code    30  printfa.o(i.__0vsprintf)
    __1vsprintf                              0x08007ec5   Thumb Code     0  printfa.o(i.__0vsprintf)
    __2vsprintf                              0x08007ec5   Thumb Code     0  printfa.o(i.__0vsprintf)
    __c89vsprintf                            0x08007ec5   Thumb Code     0  printfa.o(i.__0vsprintf)
    vsprintf                                 0x08007ec5   Thumb Code     0  printfa.o(i.__0vsprintf)
    __aeabi_errno_addr                       0x08007f21   Thumb Code     4  errno.o(i.__aeabi_errno_addr)
    __rt_errno_addr                          0x08007f21   Thumb Code     0  errno.o(i.__aeabi_errno_addr)
    __scatterload_copy                       0x08007f29   Thumb Code    14  handlers.o(i.__scatterload_copy)
    __scatterload_null                       0x08007f37   Thumb Code     2  handlers.o(i.__scatterload_null)
    __scatterload_zeroinit                   0x08007f39   Thumb Code    14  handlers.o(i.__scatterload_zeroinit)
    busReadByte                              0x080087dd   Thumb Code     6  w5100srelfunctions.o(i.busReadByte)
    busWriteByte                             0x080087e3   Thumb Code     4  w5100srelfunctions.o(i.busWriteByte)
    close                                    0x080087e9   Thumb Code   118  socket.o(i.close)
    cmd_help                                 0x08008871   Thumb Code    12  debug.o(i.cmd_help)
    connect                                  0x08008881   Thumb Code   274  socket.o(i.connect)
    ctlwizchip                               0x08008999   Thumb Code   220  wizchip_conf.o(i.ctlwizchip)
    disconnect                               0x08008a79   Thumb Code   152  socket.o(i.disconnect)
    eth_cmd_addr                             0x08008b19   Thumb Code   262  w5100s_proc.o(i.eth_cmd_addr)
    eth_cmd_baud                             0x08008ca1   Thumb Code   110  w5100s_proc.o(i.eth_cmd_baud)
    eth_cmd_ccnt                             0x08008d5d   Thumb Code    30  w5100s_proc.o(i.eth_cmd_ccnt)
    eth_cmd_enable                           0x08008d95   Thumb Code   250  w5100s_proc.o(i.eth_cmd_enable)
    eth_cmd_fcode                            0x08008f19   Thumb Code   264  w5100s_proc.o(i.eth_cmd_fcode)
    eth_cmd_help                             0x080090a5   Thumb Code    12  w5100s_proc.o(i.eth_cmd_help)
    eth_cmd_id                               0x080090b5   Thumb Code    78  w5100s_proc.o(i.eth_cmd_id)
    eth_cmd_info                             0x08009135   Thumb Code   202  w5100s_proc.o(i.eth_cmd_info)
    eth_cmd_length                           0x08009295   Thumb Code   262  w5100s_proc.o(i.eth_cmd_length)
    eth_cmd_mdi                              0x08009425   Thumb Code    18  w5100s_proc.o(i.eth_cmd_mdi)
    eth_cmd_mrs                              0x08009461   Thumb Code    18  w5100s_proc.o(i.eth_cmd_mrs)
    eth_cmd_reset                            0x08009495   Thumb Code    18  w5100s_proc.o(i.eth_cmd_reset)
    eth_cmd_rtubaud                          0x080094bd   Thumb Code   110  w5100s_proc.o(i.eth_cmd_rtubaud)
    eth_cmd_rtuid                            0x08009581   Thumb Code   144  w5100s_proc.o(i.eth_cmd_rtuid)
    eth_cmd_rtuinfo                          0x0800966d   Thumb Code    88  w5100s_proc.o(i.eth_cmd_rtuinfo)
    eth_cmd_rtutcp                           0x0800970d   Thumb Code   138  w5100s_proc.o(i.eth_cmd_rtutcp)
    eth_cmd_selnum                           0x080097f5   Thumb Code   112  w5100s_proc.o(i.eth_cmd_selnum)
    eth_cmd_sip                              0x080098bd   Thumb Code   290  w5100s_proc.o(i.eth_cmd_sip)
    eth_cmd_sport                            0x08009a31   Thumb Code   110  w5100s_proc.o(i.eth_cmd_sport)
    eth_cmd_spwd                             0x08009ae9   Thumb Code   116  w5100s_proc.o(i.eth_cmd_spwd)
    eth_cmd_ssid                             0x08009b81   Thumb Code   114  w5100s_proc.o(i.eth_cmd_ssid)
    eth_cmd_tcpinfo                          0x08009c19   Thumb Code    88  w5100s_proc.o(i.eth_cmd_tcpinfo)
    eth_cmd_tcpsip                           0x08009cb9   Thumb Code   464  w5100s_proc.o(i.eth_cmd_tcpsip)
    eth_cmd_wifimac                          0x08009ef5   Thumb Code   406  w5100s_proc.o(i.eth_cmd_wifimac)
    getSn_RX_RSR                             0x0800a0f9   Thumb Code    76  w5100s.o(i.getSn_RX_RSR)
    getSn_RxBASE                             0x0800a145   Thumb Code    52  w5100s.o(i.getSn_RxBASE)
    getSn_TX_FSR                             0x0800a179   Thumb Code    76  w5100s.o(i.getSn_TX_FSR)
    getSn_TxBASE                             0x0800a1c5   Thumb Code    52  w5100s.o(i.getSn_TxBASE)
    get_entry                                0x0800a1f9   Thumb Code    66  debug.o(i.get_entry)
    init_crc16_tab                           0x0800a23d   Thumb Code    68  modbus.o(i.init_crc16_tab)
    listen                                   0x0800a289   Thumb Code   130  socket.o(i.listen)
    main                                     0x0800a30d   Thumb Code   284  main.o(i.main)
    mprintf                                  0x0800a48d   Thumb Code    72  debug.o(i.mprintf)
    mprintf3                                 0x0800a4d9   Thumb Code    72  wifi.o(i.mprintf3)
    print_network_information                0x0800a525   Thumb Code   120  w5100s_proc.o(i.print_network_information)
    recv                                     0x0800a63d   Thumb Code   274  socket.o(i.recv)
    reg_wizchip_bus_cbfunc                   0x0800a755   Thumb Code    40  wizchip_conf.o(i.reg_wizchip_bus_cbfunc)
    send                                     0x0800a789   Thumb Code   338  socket.o(i.send)
    socket                                   0x0800a8e5   Thumb Code   324  socket.o(i.socket)
    update_crc_16                            0x0800aa3d   Thumb Code    38  modbus.o(i.update_crc_16)
    wiz_mdio_read                            0x0800aa6d   Thumb Code    52  w5100s.o(i.wiz_mdio_read)
    wiz_mdio_write                           0x0800aaa1   Thumb Code    52  w5100s.o(i.wiz_mdio_write)
    wiz_recv_data                            0x0800aad5   Thumb Code   224  w5100s.o(i.wiz_recv_data)
    wiz_send_data                            0x0800abb5   Thumb Code   224  w5100s.o(i.wiz_send_data)
    wizchip_bus_readdata                     0x0800ac95   Thumb Code     6  wizchip_conf.o(i.wizchip_bus_readdata)
    wizchip_bus_writedata                    0x0800ac9b   Thumb Code     4  wizchip_conf.o(i.wizchip_bus_writedata)
    wizchip_clrinterrupt                     0x0800ac9f   Thumb Code    30  wizchip_conf.o(i.wizchip_clrinterrupt)
    wizchip_cris_enter                       0x0800acbd   Thumb Code     2  wizchip_conf.o(i.wizchip_cris_enter)
    wizchip_cris_exit                        0x0800acbf   Thumb Code     2  wizchip_conf.o(i.wizchip_cris_exit)
    wizchip_cs_deselect                      0x0800acc1   Thumb Code     2  wizchip_conf.o(i.wizchip_cs_deselect)
    wizchip_cs_select                        0x0800acc3   Thumb Code     2  wizchip_conf.o(i.wizchip_cs_select)
    wizchip_getinterrupt                     0x0800acc5   Thumb Code    36  wizchip_conf.o(i.wizchip_getinterrupt)
    wizchip_getinterruptmask                 0x0800ace9   Thumb Code    34  wizchip_conf.o(i.wizchip_getinterruptmask)
    wizchip_getnetinfo                       0x0800ad0d   Thumb Code    76  wizchip_conf.o(i.wizchip_getnetinfo)
    wizchip_init                             0x0800ad61   Thumb Code   234  wizchip_conf.o(i.wizchip_init)
    wizchip_setinterruptmask                 0x0800ae4b   Thumb Code    28  wizchip_conf.o(i.wizchip_setinterruptmask)
    wizchip_setnetinfo                       0x0800ae69   Thumb Code    74  wizchip_conf.o(i.wizchip_setnetinfo)
    wizchip_sw_reset                         0x0800aebd   Thumb Code   124  wizchip_conf.o(i.wizchip_sw_reset)
    wizphy_getphyconf                        0x0800af39   Thumb Code    68  wizchip_conf.o(i.wizphy_getphyconf)
    wizphy_getphylink                        0x0800af7d   Thumb Code    22  wizchip_conf.o(i.wizphy_getphylink)
    wizphy_getphypmode                       0x0800af93   Thumb Code     6  wizchip_conf.o(i.wizphy_getphypmode)
    wizphy_reset                             0x0800af99   Thumb Code    40  wizchip_conf.o(i.wizphy_reset)
    wizphy_setphyconf                        0x0800afc1   Thumb Code    70  wizchip_conf.o(i.wizphy_setphyconf)
    wizphy_setphypmode                       0x0800b007   Thumb Code    78  wizchip_conf.o(i.wizphy_setphypmode)
    AHBPrescTable                            0x0800b054   Data          16  system_stm32f1xx.o(.constdata)
    APBPrescTable                            0x0800b064   Data           8  system_stm32f1xx.o(.constdata)
    TempoValue                               0x0800b06c   Data          16  buzzer.o(.constdata)
    STBL_PwrConnect                          0x0800b07c   Data          24  buzzer.o(.constdata)
    STBL_PwrOn                               0x0800b094   Data          12  buzzer.o(.constdata)
    STBL_PwrOff                              0x0800b0a0   Data          12  buzzer.o(.constdata)
    STBL_UnjunChange                         0x0800b0ac   Data           8  buzzer.o(.constdata)
    STBL_SwitchOn                            0x0800b0b4   Data           8  buzzer.o(.constdata)
    STBL_SwitchOff                           0x0800b0bc   Data           8  buzzer.o(.constdata)
    STBL_Not                                 0x0800b0c4   Data          12  buzzer.o(.constdata)
    STBL_Button                              0x0800b0d0   Data           4  buzzer.o(.constdata)
    STBL_LockEn                              0x0800b0d4   Data          12  buzzer.o(.constdata)
    help                                     0x0800b0e0   Data         376  debug.o(.constdata)
    cmd                                      0x0800b258   Data          16  debug.o(.constdata)
    eth_help                                 0x0800b268   Data        2189  w5100s_proc.o(.constdata)
    eth_cmd                                  0x0800baf8   Data         384  w5100s_proc.o(.constdata)
    digit                                    0x0800bc80   Data          29  segment.o(.constdata)
    __ctype_table                            0x0800bc9d   Data         129  ctype_o.o(.constdata)
    Region$$Table$$Base                      0x0800bd68   Number         0  anon$$obj.o(Region$$Table)
    Region$$Table$$Limit                     0x0800bd88   Number         0  anon$$obj.o(Region$$Table)
    hcrc                                     0x20000000   Data           8  main.o(.data)
    SystemCoreClock                          0x20000010   Data           4  system_stm32f1xx.o(.data)
    on_delay                                 0x20000014   Data           2  buzzer.o(.data)
    off_delay                                0x20000016   Data           2  buzzer.o(.data)
    bs_num                                   0x20000018   Data           1  buzzer.o(.data)
    buzzer_kind                              0x20000019   Data           1  buzzer.o(.data)
    beep_timeout                             0x2000001a   Data           2  buzzer.o(.data)
    beep_num                                 0x2000001c   Data           1  buzzer.o(.data)
    psound_data                              0x20000020   Data           4  buzzer.o(.data)
    sound_size                               0x20000024   Data           2  buzzer.o(.data)
    wifi_debug_enable                        0x20000026   Data           1  debug.o(.data)
    urx2_comp                                0x20000027   Data           1  debug.o(.data)
    tx2_restart                              0x20000028   Data           1  debug.o(.data)
    urx2_count                               0x2000002a   Data           2  debug.o(.data)
    p2_out                                   0x2000002c   Data           2  debug.o(.data)
    p2_in                                    0x2000002e   Data           2  debug.o(.data)
    urx2_tout                                0x20000030   Data           2  debug.o(.data)
    flg_getline_comp                         0x20000032   Data           1  debug.o(.data)
    Start_Address                            0x20000034   Data           4  flashrom.o(.data)
    offset_data                              0x20000038   Data           4  flashrom.o(.data)
    offset_var                               0x2000003c   Data           4  flashrom.o(.data)
    p_data                                   0x20000040   Data           4  flashrom.o(.data)
    flg_toggle                               0x20000044   Data           1  mytimer.o(.data)
    flg_irtoggle                             0x20000045   Data           1  mytimer.o(.data)
    flg_ir_send                              0x20000046   Data           1  mytimer.o(.data)
    flg_doorkey                              0x20000047   Data           1  mytimer.o(.data)
    flg_exitkey                              0x20000048   Data           1  mytimer.o(.data)
    flg_capture_done                         0x20000049   Data           1  mytimer.o(.data)
    flg_irsend_done                          0x2000004a   Data           1  mytimer.o(.data)
    flg_bat_toggle                           0x2000004b   Data           1  mytimer.o(.data)
    flg_di1_read                             0x2000004c   Data           1  mytimer.o(.data)
    flg_di2_read                             0x2000004d   Data           1  mytimer.o(.data)
    callback_1ms                             0x2000004e   Data           1  mytimer.o(.data)
    callback_10ms                            0x2000004f   Data           1  mytimer.o(.data)
    callback_100ms                           0x20000050   Data           1  mytimer.o(.data)
    callback_500ms                           0x20000051   Data           1  mytimer.o(.data)
    callback_1sec                            0x20000052   Data           1  mytimer.o(.data)
    menu_key                                 0x20000053   Data           4  mytimer.o(.data)
    key_pushed                               0x20000057   Data           4  mytimer.o(.data)
    key_continued                            0x2000005b   Data           4  mytimer.o(.data)
    key_idx                                  0x2000005f   Data           1  mytimer.o(.data)
    key_cont_count                           0x20000060   Data           4  mytimer.o(.data)
    ether_led_timeout                        0x20000064   Data           4  mytimer.o(.data)
    urx1_comp                                0x20000068   Data           1  rs485.o(.data)
    flg_485_event                            0x20000069   Data           1  rs485.o(.data)
    rs_wr_indx                               0x2000006a   Data           1  rs485.o(.data)
    rs_rd_indx                               0x2000006b   Data           1  rs485.o(.data)
    tx1_restart                              0x2000006c   Data           1  rs485.o(.data)
    urx1_count                               0x2000006e   Data           2  rs485.o(.data)
    p1_out                                   0x20000070   Data           2  rs485.o(.data)
    p1_in                                    0x20000072   Data           2  rs485.o(.data)
    urx1_tout                                0x20000074   Data           2  rs485.o(.data)
    gWIZNETINFO                              0x20000076   Data          23  w5100s_proc.o(.data)
    flg_w5100s_init_ok                       0x2000008d   Data           1  w5100s_proc.o(.data)
    flg_ethernet_connected                   0x2000008e   Data           1  w5100s_proc.o(.data)
    flg_mod_tcp_connected                    0x2000008f   Data           1  w5100s_proc.o(.data)
    flg_mrs_enable                           0x20000090   Data           1  w5100s_proc.o(.data)
    flg_mdi_enable                           0x20000091   Data           1  w5100s_proc.o(.data)
    flg_reset_enable                         0x20000092   Data           1  w5100s_proc.o(.data)
    flg_next_client                          0x20000093   Data           1  w5100s_proc.o(.data)
    eth_rd_indx                              0x20000094   Data           1  w5100s_proc.o(.data)
    ether_timeout                            0x20000096   Data           2  w5100s_proc.o(.data)
    mod_tcp_indx                             0x20000098   Data           1  w5100s_proc.o(.data)
    eth_retry_count                          0x20000099   Data           1  w5100s_proc.o(.data)
    mod_in_indx                              0x2000009a   Data           2  w5100s_proc.o(.data)
    mod_out_indx                             0x2000009c   Data           2  w5100s_proc.o(.data)
    eth_req_int_timeout                      0x2000009e   Data           2  w5100s_proc.o(.data)
    packet_data_num                          0x200000a0   Data           1  w5100s_proc.o(.data)
    seg_idx                                  0x200000a1   Data           1  segment.o(.data)
    segdata                                  0x200000a2   Data           4  segment.o(.data)
    wifi_init_ok                             0x200000a8   Data           1  wifi.o(.data)
    wifi_tcpinit_ok                          0x200000a9   Data           1  wifi.o(.data)
    wifi_soket_connected                     0x200000aa   Data           1  wifi.o(.data)
    urx3_comp                                0x200000ab   Data           1  wifi.o(.data)
    tx3_restart                              0x200000ac   Data           1  wifi.o(.data)
    urx3_count                               0x200000ae   Data           2  wifi.o(.data)
    p3_out                                   0x200000b0   Data           2  wifi.o(.data)
    p3_in                                    0x200000b2   Data           2  wifi.o(.data)
    urx3_tout                                0x200000b4   Data           2  wifi.o(.data)
    rssi_step                                0x200000b6   Data           1  wifi.o(.data)
    step_num                                 0x200000b7   Data           1  wifi.o(.data)
    session_id                               0x200000b8   Data           1  wifi.o(.data)
    retry_count                              0x200000b9   Data           1  wifi.o(.data)
    received_data_len                        0x200000ba   Data           2  wifi.o(.data)
    wifi_timeout                             0x200000bc   Data           2  wifi.o(.data)
    connect_timeout                          0x200000be   Data           2  wifi.o(.data)
    rssi_timeout                             0x200000c0   Data           2  wifi.o(.data)
    wifi_send_len                            0x200000c2   Data           2  wifi.o(.data)
    prev_pulse_in1_count                     0x200000c4   Data           4  wifi.o(.data)
    flg_E2p_write                            0x200000c8   Data           1  repeater.o(.data)
    flg_di1_event                            0x200000c9   Data           1  repeater.o(.data)
    key_timeout                              0x200000ca   Data           1  repeater.o(.data)
    dio_in1_timeout                          0x200000cc   Data           2  repeater.o(.data)
    pulse_in1_count                          0x200000d0   Data           4  repeater.o(.data)
    flg_next_rtu                             0x200000d4   Data           1  rs232c.o(.data)
    urx4_comp                                0x200000d5   Data           1  rs232c.o(.data)
    tx4_restart                              0x200000d6   Data           1  rs232c.o(.data)
    urx4_count                               0x200000d8   Data           2  rs232c.o(.data)
    p4_out                                   0x200000da   Data           2  rs232c.o(.data)
    p4_in                                    0x200000dc   Data           2  rs232c.o(.data)
    urx4_tout                                0x200000de   Data           2  rs232c.o(.data)
    rtu_int_timeout                          0x200000e0   Data           2  rs232c.o(.data)
    mod_rtu_indx                             0x200000e2   Data           1  rs232c.o(.data)
    rtu_retry_count                          0x200000e3   Data           1  rs232c.o(.data)
    crc_tab16_init                           0x200000e4   Data           1  modbus.o(.data)
    flg_testmode                             0x200000e8   Data           1  test.o(.data)
    flg_wifi_test                            0x200000e9   Data           1  test.o(.data)
    flg_startout                             0x200000ea   Data           1  test.o(.data)
    test_num                                 0x200000eb   Data           1  test.o(.data)
    menu_num                                 0x200000ec   Data           1  test.o(.data)
    led_num                                  0x200000ed   Data           1  test.o(.data)
    led_cnt                                  0x200000ee   Data           1  test.o(.data)
    seg_num                                  0x200000ef   Data           1  test.o(.data)
    test_timeout                             0x200000f0   Data           4  test.o(.data)
    sock_pack_info                           0x20000102   Data           4  socket.o(.data)
    WIZCHIP                                  0x20000108   Data          44  wizchip_conf.o(.data)
    uwTick                                   0x2000013c   Data           4  stm32f1xx_hal.o(.data)
    uwTickPrio                               0x20000140   Data           4  stm32f1xx_hal.o(.data)
    uwTickFreq                               0x20000144   Data           1  stm32f1xx_hal.o(.data)
    hadc1                                    0x20000154   Data          48  main.o(.bss)
    hdma_adc1                                0x20000184   Data          68  main.o(.bss)
    hiwdg                                    0x200001c8   Data          12  main.o(.bss)
    hspi2                                    0x200001d4   Data          88  main.o(.bss)
    htim4                                    0x2000022c   Data          72  main.o(.bss)
    huart4                                   0x20000274   Data          68  main.o(.bss)
    huart1                                   0x200002b8   Data          68  main.o(.bss)
    huart2                                   0x200002fc   Data          68  main.o(.bss)
    huart3                                   0x20000340   Data          68  main.o(.bss)
    hnor1                                    0x20000384   Data          72  main.o(.bss)
    RegularConvData_Tab                      0x200003cc   Data          16  main.o(.bss)
    urx2_buf                                 0x200003dc   Data         256  debug.o(.bss)
    utx2_buf                                 0x200004dc   Data         512  debug.o(.bss)
    utx2_tmp                                 0x200006dc   Data         512  debug.o(.bss)
    in_line                                  0x200008dc   Data         256  debug.o(.bss)
    hexStr                                   0x200009dc   Data          32  debug.o(.bss)
    Flashdatarec                             0x200009fc   Data         808  flashrom.o(.bss)
    keyin_buf                                0x20000d24   Data          12  mytimer.o(.bss)
    urx1_buf                                 0x20000d30   Data         512  rs485.o(.bss)
    utx1_buf                                 0x20000f30   Data          16  rs485.o(.bss)
    utx1_tmp                                 0x20000f40   Data          16  rs485.o(.bss)
    rs485_send_buf                           0x20000f50   Data       10240  rs485.o(.bss)
    wifi_485_len                             0x20003750   Data          40  rs485.o(.bss)
    ethBuf0                                  0x20003778   Data         512  w5100s_proc.o(.bss)
    ethBuf1                                  0x20003978   Data         512  w5100s_proc.o(.bss)
    eth_sendbuf                              0x20003b78   Data         512  w5100s_proc.o(.bss)
    eth_line                                 0x20003d78   Data         512  w5100s_proc.o(.bss)
    modbus_send_buf                          0x20003f78   Data          64  w5100s_proc.o(.bss)
    modbus_data_buf                          0x20003fb8   Data        8192  w5100s_proc.o(.bss)
    modbus_tmp_buf                           0x20005fb8   Data         512  w5100s_proc.o(.bss)
    urx3_buf                                 0x200061b8   Data         512  wifi.o(.bss)
    utx3_buf                                 0x200063b8   Data         512  wifi.o(.bss)
    utx3_tmp                                 0x200065b8   Data         512  wifi.o(.bss)
    rssi_str                                 0x200067b8   Data         100  wifi.o(.bss)
    packet_buf                               0x2000681c   Data         512  wifi.o(.bss)
    wifi_send_buf                            0x20006a1c   Data         512  wifi.o(.bss)
    urx4_buf                                 0x20006c1c   Data         512  rs232c.o(.bss)
    utx4_buf                                 0x20006e1c   Data         128  rs232c.o(.bss)
    utx4_tmp                                 0x20006e9c   Data         128  rs232c.o(.bss)
    crc_tab16                                0x20006f1c   Data         512  modbus.o(.bss)
    pFlash                                   0x20007120   Data          32  stm32f1xx_hal_flash.o(.bss)
    __initial_sp                             0x20007940   Data           0  startup_stm32f103xe.o(STACK)



==============================================================================

Memory Map of the image

  Image Entry point : 0x08000131

  Load Region LR_IROM1 (Base: 0x08000000, Size: 0x0000bedc, Max: 0x00040000, ABSOLUTE, COMPRESSED[0x0000bde0])

    Execution Region ER_IROM1 (Exec base: 0x08000000, Load base: 0x08000000, Size: 0x0000bd88, Max: 0x00040000, ABSOLUTE)

    Exec Addr    Load Addr    Size         Type   Attr      Idx    E Section Name        Object

    0x08000000   0x08000000   0x00000130   Data   RO            3    RESET               startup_stm32f103xe.o
    0x08000130   0x08000130   0x00000000   Code   RO         5573  * .ARM.Collect$$$$00000000  mc_w.l(entry.o)
    0x08000130   0x08000130   0x00000004   Code   RO         5889    .ARM.Collect$$$$00000001  mc_w.l(entry2.o)
    0x08000134   0x08000134   0x00000004   Code   RO         5892    .ARM.Collect$$$$00000004  mc_w.l(entry5.o)
    0x08000138   0x08000138   0x00000000   Code   RO         5894    .ARM.Collect$$$$00000008  mc_w.l(entry7b.o)
    0x08000138   0x08000138   0x00000000   Code   RO         5896    .ARM.Collect$$$$0000000A  mc_w.l(entry8b.o)
    0x08000138   0x08000138   0x00000008   Code   RO         5897    .ARM.Collect$$$$0000000B  mc_w.l(entry9a.o)
    0x08000140   0x08000140   0x00000004   Code   RO         5904    .ARM.Collect$$$$0000000E  mc_w.l(entry12b.o)
    0x08000144   0x08000144   0x00000000   Code   RO         5899    .ARM.Collect$$$$0000000F  mc_w.l(entry10a.o)
    0x08000144   0x08000144   0x00000000   Code   RO         5901    .ARM.Collect$$$$00000011  mc_w.l(entry11a.o)
    0x08000144   0x08000144   0x00000004   Code   RO         5890    .ARM.Collect$$$$00002712  mc_w.l(entry2.o)
    0x08000148   0x08000148   0x00000024   Code   RO            4    .text               startup_stm32f103xe.o
    0x0800016c   0x0800016c   0x00000020   Code   RO         5576    .text               mc_w.l(llushr.o)
    0x0800018c   0x0800018c   0x0000000c   Code   RO         5578    .text               mc_w.l(toupper.o)
    0x08000198   0x08000198   0x00000024   Code   RO         5580    .text               mc_w.l(memcpya.o)
    0x080001bc   0x080001bc   0x00000024   Code   RO         5582    .text               mc_w.l(memseta.o)
    0x080001e0   0x080001e0   0x00000024   Code   RO         5584    .text               mc_w.l(strstr.o)
    0x08000204   0x08000204   0x00000018   Code   RO         5586    .text               mc_w.l(strncpy.o)
    0x0800021c   0x0800021c   0x0000000e   Code   RO         5590    .text               mc_w.l(strlen.o)
    0x0800022a   0x0800022a   0x0000001c   Code   RO         5592    .text               mc_w.l(strcmp.o)
    0x08000246   0x08000246   0x00000012   Code   RO         5594    .text               mc_w.l(strcpy.o)
    0x08000258   0x08000258   0x0000001e   Code   RO         5596    .text               mc_w.l(strncmp.o)
    0x08000276   0x08000276   0x00000002   PAD
    0x08000278   0x08000278   0x00000044   Code   RO         5598    .text               mc_w.l(strtok.o)
    0x080002bc   0x080002bc   0x00000072   Code   RO         5867    .text               mc_w.l(strtoul.o)
    0x0800032e   0x0800032e   0x0000001a   Code   RO         5869    .text               mc_w.l(atoi.o)
    0x08000348   0x08000348   0x0000014e   Code   RO         5875    .text               mf_w.l(dadd.o)
    0x08000496   0x08000496   0x000000e4   Code   RO         5877    .text               mf_w.l(dmul.o)
    0x0800057a   0x0800057a   0x000000de   Code   RO         5879    .text               mf_w.l(ddiv.o)
    0x08000658   0x08000658   0x0000002c   Code   RO         5908    .text               mc_w.l(uidiv.o)
    0x08000684   0x08000684   0x00000062   Code   RO         5910    .text               mc_w.l(uldiv.o)
    0x080006e6   0x080006e6   0x0000001e   Code   RO         5912    .text               mc_w.l(llshl.o)
    0x08000704   0x08000704   0x00000024   Code   RO         5914    .text               mc_w.l(llsshr.o)
    0x08000728   0x08000728   0x00000008   Code   RO         5916    .text               mc_w.l(ctype_o.o)
    0x08000730   0x08000730   0x0000009e   Code   RO         5951    .text               mc_w.l(_strtoul.o)
    0x080007ce   0x080007ce   0x00000070   Code   RO         5953    .text               mc_w.l(strtol.o)
    0x0800083e   0x0800083e   0x00000000   Code   RO         5955    .text               mc_w.l(iusefp.o)
    0x0800083e   0x0800083e   0x000000ba   Code   RO         5958    .text               mf_w.l(depilogue.o)
    0x080008f8   0x080008f8   0x00000030   Code   RO         5960    .text               mf_w.l(dfixul.o)
    0x08000928   0x08000928   0x00000030   Code   RO         5962    .text               mf_w.l(cdrcmple.o)
    0x08000958   0x08000958   0x00000024   Code   RO         5964    .text               mc_w.l(init.o)
    0x0800097c   0x0800097c   0x0000001c   Code   RO         5967    .text               mc_w.l(_chval.o)
    0x08000998   0x08000998   0x00000056   Code   RO         5978    .text               mc_w.l(__dczerorl2.o)
    0x080009ee   0x080009ee   0x00000002   PAD
    0x080009f0   0x080009f0   0x00000010   Code   RO          259    i.ADC1_2_IRQHandler  stm32f1xx_it.o
    0x08000a00   0x08000a00   0x0000005c   Code   RO         2277    i.ADC_ConversionStop_Disable  stm32f1xx_hal_adc.o
    0x08000a5c   0x08000a5c   0x00000052   Code   RO         2278    i.ADC_DMAConvCplt   stm32f1xx_hal_adc.o
    0x08000aae   0x08000aae   0x0000001e   Code   RO         2279    i.ADC_DMAError      stm32f1xx_hal_adc.o
    0x08000acc   0x08000acc   0x0000000e   Code   RO         2280    i.ADC_DMAHalfConvCplt  stm32f1xx_hal_adc.o
    0x08000ada   0x08000ada   0x00000002   PAD
    0x08000adc   0x08000adc   0x00000090   Code   RO         2281    i.ADC_Enable        stm32f1xx_hal_adc.o
    0x08000b6c   0x08000b6c   0x00000070   Code   RO         1498    i.AllOff_Output     test.o
    0x08000bdc   0x08000bdc   0x00000004   Code   RO          260    i.BusFault_Handler  stm32f1xx_it.o
    0x08000be0   0x08000be0   0x000000e0   Code   RO          529    i.Buzzer_Sequence   buzzer.o
    0x08000cc0   0x08000cc0   0x00000010   Code   RO          530    i.Buzzer_Stop       buzzer.o
    0x08000cd0   0x08000cd0   0x00000080   Code   RO         1499    i.Comm_Test         test.o
    0x08000d50   0x08000d50   0x0000007c   Code   RO          834    i.Compare_Next_IP   w5100s_proc.o
    0x08000dcc   0x08000dcc   0x00000180   Code   RO         1237    i.Connect_Tcp_Server  wifi.o
    0x08000f4c   0x08000f4c   0x00000010   Code   RO          261    i.DMA1_Channel1_IRQHandler  stm32f1xx_it.o
    0x08000f5c   0x08000f5c   0x0000002c   Code   RO         2936    i.DMA_SetConfig     stm32f1xx_hal_dma.o
    0x08000f88   0x08000f88   0x00000002   Code   RO          262    i.DebugMon_Handler  stm32f1xx_it.o
    0x08000f8a   0x08000f8a   0x00000002   PAD
    0x08000f8c   0x08000f8c   0x00000024   Code   RO          579    i.Debug_proc        debug.o
    0x08000fb0   0x08000fb0   0x00000044   Code   RO         1500    i.Disp_Input        test.o
    0x08000ff4   0x08000ff4   0x00000002   Code   RO         1333    i.Disp_Segment      repeater.o
    0x08000ff6   0x08000ff6   0x00000038   Code   RO         1334    i.Disp_Version      repeater.o
    0x0800102e   0x0800102e   0x0000000a   Code   RO          263    i.EXTI4_IRQHandler  stm32f1xx_it.o
    0x08001038   0x08001038   0x00000002   Code   RO           13    i.Error_Handler     main.o
    0x0800103a   0x0800103a   0x00000002   PAD
    0x0800103c   0x0800103c   0x000000c0   Code   RO          835    i.Ether_UserCommand_Proc  w5100s_proc.o
    0x080010fc   0x080010fc   0x00000078   Code   RO          836    i.Ethernet_Proc     w5100s_proc.o
    0x08001174   0x08001174   0x00000028   Code   RO         3381    i.FLASH_MassErase   stm32f1xx_hal_flash_ex.o
    0x0800119c   0x0800119c   0x00000028   Code   RO         3390    i.FLASH_PageErase   stm32f1xx_hal_flash_ex.o
    0x080011c4   0x080011c4   0x00000020   Code   RO         3278    i.FLASH_Program_HalfWord  stm32f1xx_hal_flash.o
    0x080011e4   0x080011e4   0x00000084   Code   RO         3279    i.FLASH_SetErrorCode  stm32f1xx_hal_flash.o
    0x08001268   0x08001268   0x00000070   Code   RO         3280    i.FLASH_WaitForLastOperation  stm32f1xx_hal_flash.o
    0x080012d8   0x080012d8   0x00000044   Code   RO         3627    i.FSMC_NORSRAM_Extended_Timing_Init  stm32f1xx_ll_fsmc.o
    0x0800131c   0x0800131c   0x00000078   Code   RO         3628    i.FSMC_NORSRAM_Init  stm32f1xx_ll_fsmc.o
    0x08001394   0x08001394   0x00000042   Code   RO         3629    i.FSMC_NORSRAM_Timing_Init  stm32f1xx_ll_fsmc.o
    0x080013d6   0x080013d6   0x00000002   PAD
    0x080013d8   0x080013d8   0x00000290   Code   RO          691    i.FlashRom_Init     flashrom.o
    0x08001668   0x08001668   0x00000120   Code   RO          692    i.FlashRom_WriteData  flashrom.o
    0x08001788   0x08001788   0x000000e4   Code   RO          580    i.GetLine_Proc      debug.o
    0x0800186c   0x0800186c   0x00000104   Code   RO         1238    i.Get_Signal_Strength  wifi.o
    0x08001970   0x08001970   0x00000118   Code   RO         2457    i.HAL_ADCEx_Calibration_Start  stm32f1xx_hal_adc_ex.o
    0x08001a88   0x08001a88   0x00000002   Code   RO         2459    i.HAL_ADCEx_InjectedConvCpltCallback  stm32f1xx_hal_adc_ex.o
    0x08001a8a   0x08001a8a   0x00000002   PAD
    0x08001a8c   0x08001a8c   0x00000160   Code   RO         2283    i.HAL_ADC_ConfigChannel  stm32f1xx_hal_adc.o
    0x08001bec   0x08001bec   0x00000002   Code   RO         2284    i.HAL_ADC_ConvCpltCallback  stm32f1xx_hal_adc.o
    0x08001bee   0x08001bee   0x00000002   Code   RO         2285    i.HAL_ADC_ConvHalfCpltCallback  stm32f1xx_hal_adc.o
    0x08001bf0   0x08001bf0   0x00000002   Code   RO         2287    i.HAL_ADC_ErrorCallback  stm32f1xx_hal_adc.o
    0x08001bf2   0x08001bf2   0x00000006   Code   RO         2289    i.HAL_ADC_GetState  stm32f1xx_hal_adc.o
    0x08001bf8   0x08001bf8   0x00000122   Code   RO         2291    i.HAL_ADC_IRQHandler  stm32f1xx_hal_adc.o
    0x08001d1a   0x08001d1a   0x00000002   PAD
    0x08001d1c   0x08001d1c   0x00000160   Code   RO         2292    i.HAL_ADC_Init      stm32f1xx_hal_adc.o
    0x08001e7c   0x08001e7c   0x00000002   Code   RO         2293    i.HAL_ADC_LevelOutOfWindowCallback  stm32f1xx_hal_adc.o
    0x08001e7e   0x08001e7e   0x00000002   PAD
    0x08001e80   0x08001e80   0x00000084   Code   RO          378    i.HAL_ADC_MspInit   stm32f1xx_hal_msp.o
    0x08001f04   0x08001f04   0x00000180   Code   RO         2299    i.HAL_ADC_Start_DMA  stm32f1xx_hal_adc.o
    0x08002084   0x08002084   0x00000028   Code   RO         3559    i.HAL_CRC_Accumulate  stm32f1xx_hal_crc.o
    0x080020ac   0x080020ac   0x00000020   Code   RO         3563    i.HAL_CRC_Init      stm32f1xx_hal_crc.o
    0x080020cc   0x080020cc   0x00000030   Code   RO          380    i.HAL_CRC_MspInit   stm32f1xx_hal_msp.o
    0x080020fc   0x080020fc   0x00000398   Code   RO         2942    i.HAL_DMA_IRQHandler  stm32f1xx_hal_dma.o
    0x08002494   0x08002494   0x0000008c   Code   RO         2943    i.HAL_DMA_Init      stm32f1xx_hal_dma.o
    0x08002520   0x08002520   0x0000009c   Code   RO         2947    i.HAL_DMA_Start_IT  stm32f1xx_hal_dma.o
    0x080025bc   0x080025bc   0x00000028   Code   RO         2560    i.HAL_Delay         stm32f1xx_hal.o
    0x080025e4   0x080025e4   0x000000b0   Code   RO         3391    i.HAL_FLASHEx_Erase  stm32f1xx_hal_flash_ex.o
    0x08002694   0x08002694   0x00000014   Code   RO         3284    i.HAL_FLASH_Lock    stm32f1xx_hal_flash.o
    0x080026a8   0x080026a8   0x000000b0   Code   RO         3289    i.HAL_FLASH_Program  stm32f1xx_hal_flash.o
    0x08002758   0x08002758   0x00000030   Code   RO         3291    i.HAL_FLASH_Unlock  stm32f1xx_hal_flash.o
    0x08002788   0x08002788   0x00000094   Code   RO          382    i.HAL_FSMC_MspInit  stm32f1xx_hal_msp.o
    0x0800281c   0x0800281c   0x00000030   Code   RO         1335    i.HAL_GPIO_EXTI_Callback  repeater.o
    0x0800284c   0x0800284c   0x0000001c   Code   RO         2872    i.HAL_GPIO_EXTI_IRQHandler  stm32f1xx_hal_gpio.o
    0x08002868   0x08002868   0x00000340   Code   RO         2873    i.HAL_GPIO_Init     stm32f1xx_hal_gpio.o
    0x08002ba8   0x08002ba8   0x00000010   Code   RO         2875    i.HAL_GPIO_ReadPin  stm32f1xx_hal_gpio.o
    0x08002bb8   0x08002bb8   0x00000014   Code   RO         2876    i.HAL_GPIO_TogglePin  stm32f1xx_hal_gpio.o
    0x08002bcc   0x08002bcc   0x0000000c   Code   RO         2877    i.HAL_GPIO_WritePin  stm32f1xx_hal_gpio.o
    0x08002bd8   0x08002bd8   0x0000000c   Code   RO         2564    i.HAL_GetTick       stm32f1xx_hal.o
    0x08002be4   0x08002be4   0x0000005e   Code   RO         3873    i.HAL_IWDG_Init     stm32f1xx_hal_iwdg.o
    0x08002c42   0x08002c42   0x0000000e   Code   RO         3874    i.HAL_IWDG_Refresh  stm32f1xx_hal_iwdg.o
    0x08002c50   0x08002c50   0x00000018   Code   RO         2570    i.HAL_IncTick       stm32f1xx_hal.o
    0x08002c68   0x08002c68   0x00000028   Code   RO         2571    i.HAL_Init          stm32f1xx_hal.o
    0x08002c90   0x08002c90   0x0000004c   Code   RO         2572    i.HAL_InitTick      stm32f1xx_hal.o
    0x08002cdc   0x08002cdc   0x00000054   Code   RO          383    i.HAL_MspInit       stm32f1xx_hal_msp.o
    0x08002d30   0x08002d30   0x000000e4   Code   RO         3750    i.HAL_NOR_Init      stm32f1xx_hal_nor.o
    0x08002e14   0x08002e14   0x0000000a   Code   RO          385    i.HAL_NOR_MspInit   stm32f1xx_hal_msp.o
    0x08002e1e   0x08002e1e   0x000000b0   Code   RO         3760    i.HAL_NOR_ReturnToReadMode  stm32f1xx_hal_nor.o
    0x08002ece   0x08002ece   0x00000020   Code   RO         3033    i.HAL_NVIC_EnableIRQ  stm32f1xx_hal_cortex.o
    0x08002eee   0x08002eee   0x0000007c   Code   RO         3039    i.HAL_NVIC_SetPriority  stm32f1xx_hal_cortex.o
    0x08002f6a   0x08002f6a   0x00000002   PAD
    0x08002f6c   0x08002f6c   0x00000028   Code   RO         3040    i.HAL_NVIC_SetPriorityGrouping  stm32f1xx_hal_cortex.o
    0x08002f94   0x08002f94   0x00000134   Code   RO         2835    i.HAL_RCCEx_GetPeriphCLKFreq  stm32f1xx_hal_rcc_ex.o
    0x080030c8   0x080030c8   0x00000130   Code   RO         2836    i.HAL_RCCEx_PeriphCLKConfig  stm32f1xx_hal_rcc_ex.o
    0x080031f8   0x080031f8   0x0000018c   Code   RO         2728    i.HAL_RCC_ClockConfig  stm32f1xx_hal_rcc.o
    0x08003384   0x08003384   0x0000000c   Code   RO         2733    i.HAL_RCC_GetHCLKFreq  stm32f1xx_hal_rcc.o
    0x08003390   0x08003390   0x00000020   Code   RO         2735    i.HAL_RCC_GetPCLK1Freq  stm32f1xx_hal_rcc.o
    0x080033b0   0x080033b0   0x00000020   Code   RO         2736    i.HAL_RCC_GetPCLK2Freq  stm32f1xx_hal_rcc.o
    0x080033d0   0x080033d0   0x00000094   Code   RO         2737    i.HAL_RCC_GetSysClockFreq  stm32f1xx_hal_rcc.o
    0x08003464   0x08003464   0x00000464   Code   RO         2740    i.HAL_RCC_OscConfig  stm32f1xx_hal_rcc.o
    0x080038c8   0x080038c8   0x000000be   Code   RO         3914    i.HAL_SPI_Init      stm32f1xx_hal_spi.o
    0x08003986   0x08003986   0x00000002   PAD
    0x08003988   0x08003988   0x00000088   Code   RO          387    i.HAL_SPI_MspInit   stm32f1xx_hal_msp.o
    0x08003a10   0x08003a10   0x00000034   Code   RO         3044    i.HAL_SYSTICK_Config  stm32f1xx_hal_cortex.o
    0x08003a44   0x08003a44   0x0000009c   Code   RO         4961    i.HAL_TIMEx_MasterConfigSynchronization  stm32f1xx_hal_tim_ex.o
    0x08003ae0   0x08003ae0   0x00000066   Code   RO         4227    i.HAL_TIM_Base_Init  stm32f1xx_hal_tim.o
    0x08003b46   0x08003b46   0x00000002   PAD
    0x08003b48   0x08003b48   0x00000030   Code   RO          389    i.HAL_TIM_Base_MspInit  stm32f1xx_hal_msp.o
    0x08003b78   0x08003b78   0x00000108   Code   RO         4236    i.HAL_TIM_ConfigClockSource  stm32f1xx_hal_tim.o
    0x08003c80   0x08003c80   0x00000058   Code   RO          390    i.HAL_TIM_MspPostInit  stm32f1xx_hal_msp.o
    0x08003cd8   0x08003cd8   0x000000fc   Code   RO         4299    i.HAL_TIM_PWM_ConfigChannel  stm32f1xx_hal_tim.o
    0x08003dd4   0x08003dd4   0x00000066   Code   RO         4302    i.HAL_TIM_PWM_Init  stm32f1xx_hal_tim.o
    0x08003e3a   0x08003e3a   0x00000002   Code   RO         4304    i.HAL_TIM_PWM_MspInit  stm32f1xx_hal_tim.o
    0x08003e3c   0x08003e3c   0x000000f4   Code   RO         4307    i.HAL_TIM_PWM_Start  stm32f1xx_hal_tim.o
    0x08003f30   0x08003f30   0x000000a8   Code   RO         4310    i.HAL_TIM_PWM_Stop  stm32f1xx_hal_tim.o
    0x08003fd8   0x08003fd8   0x00000072   Code   RO         5238    i.HAL_UART_Init     stm32f1xx_hal_uart.o
    0x0800404a   0x0800404a   0x00000002   PAD
    0x0800404c   0x0800404c   0x00000218   Code   RO          392    i.HAL_UART_MspInit  stm32f1xx_hal_msp.o
    0x08004264   0x08004264   0x00000004   Code   RO          264    i.HardFault_Handler  stm32f1xx_it.o
    0x08004268   0x08004268   0x000005ec   Code   RO         1240    i.Init_Station_mode  wifi.o
    0x08004854   0x08004854   0x00000014   Code   RO         1336    i.InputKey_Proc     repeater.o
    0x08004868   0x08004868   0x000000f4   Code   RO          731    i.Key_Scan          mytimer.o
    0x0800495c   0x0800495c   0x00000094   Code   RO           14    i.MX_ADC1_Init      main.o
    0x080049f0   0x080049f0   0x00000020   Code   RO           15    i.MX_CRC_Init       main.o
    0x08004a10   0x08004a10   0x00000034   Code   RO           16    i.MX_DMA_Init       main.o
    0x08004a44   0x08004a44   0x0000007c   Code   RO           17    i.MX_FSMC_Init      main.o
    0x08004ac0   0x08004ac0   0x00000210   Code   RO           18    i.MX_GPIO_Init      main.o
    0x08004cd0   0x08004cd0   0x00000030   Code   RO           19    i.MX_IWDG_Init      main.o
    0x08004d00   0x08004d00   0x00000044   Code   RO           20    i.MX_SPI2_Init      main.o
    0x08004d44   0x08004d44   0x000000a4   Code   RO           21    i.MX_TIM4_Init      main.o
    0x08004de8   0x08004de8   0x00000048   Code   RO           22    i.MX_UART4_Init     main.o
    0x08004e30   0x08004e30   0x00000048   Code   RO           23    i.MX_USART1_UART_Init  main.o
    0x08004e78   0x08004e78   0x00000048   Code   RO           24    i.MX_USART2_UART_Init  main.o
    0x08004ec0   0x08004ec0   0x00000048   Code   RO           25    i.MX_USART3_UART_Init  main.o
    0x08004f08   0x08004f08   0x00000134   Code   RO         1241    i.Make_packet       wifi.o
    0x0800503c   0x0800503c   0x00000004   Code   RO          265    i.MemManage_Handler  stm32f1xx_it.o
    0x08005040   0x08005040   0x0000016c   Code   RO         1396    i.ModbusRtu_Recv_Proc  rs232c.o
    0x080051ac   0x080051ac   0x000000c4   Code   RO         1397    i.Modbus_Rtu_Proc   rs232c.o
    0x08005270   0x08005270   0x0000021c   Code   RO          837    i.Modbus_Tcp_Proc   w5100s_proc.o
    0x0800548c   0x0800548c   0x00000164   Code   RO          838    i.Modbus_Tcp_Recv_Proc  w5100s_proc.o
    0x080055f0   0x080055f0   0x00000002   Code   RO          266    i.NMI_Handler       stm32f1xx_it.o
    0x080055f2   0x080055f2   0x00000002   PAD
    0x080055f4   0x080055f4   0x00000054   Code   RO         1398    i.Next_Rtu_Index    rs232c.o
    0x08005648   0x08005648   0x00000002   Code   RO         1337    i.Output_Proc       repeater.o
    0x0800564a   0x0800564a   0x00000002   PAD
    0x0800564c   0x0800564c   0x000001a0   Code   RO         1501    i.Output_Test       test.o
    0x080057ec   0x080057ec   0x000000b4   Code   RO          531    i.PWM_Config        buzzer.o
    0x080058a0   0x080058a0   0x00000002   Code   RO          267    i.PendSV_Handler    stm32f1xx_it.o
    0x080058a2   0x080058a2   0x00000002   PAD
    0x080058a4   0x080058a4   0x000000d4   Code   RO          532    i.Play_Buzzer       buzzer.o
    0x08005978   0x08005978   0x00000028   Code   RO         2741    i.RCC_Delay         stm32f1xx_hal_rcc.o
    0x080059a0   0x080059a0   0x00000018   Code   RO         1338    i.Repeater_Proc     repeater.o
    0x080059b8   0x080059b8   0x000000a8   Code   RO         1399    i.Rs232c_proc       rs232c.o
    0x08005a60   0x08005a60   0x00000080   Code   RO          784    i.Rs485_proc        rs485.o
    0x08005ae0   0x08005ae0   0x00000002   Code   RO          268    i.SVC_Handler       stm32f1xx_it.o
    0x08005ae2   0x08005ae2   0x00000002   PAD
    0x08005ae4   0x08005ae4   0x00000020   Code   RO         1198    i.Seg_data_set      segment.o
    0x08005b04   0x08005b04   0x000001cc   Code   RO         1199    i.Segment_Disp      segment.o
    0x08005cd0   0x08005cd0   0x00000054   Code   RO          839    i.Select_Client_index  w5100s_proc.o
    0x08005d24   0x08005d24   0x00000068   Code   RO          581    i.SendChar          debug.o
    0x08005d8c   0x08005d8c   0x00000074   Code   RO          785    i.SendChar1         rs485.o
    0x08005e00   0x08005e00   0x00000068   Code   RO         1242    i.SendChar3         wifi.o
    0x08005e68   0x08005e68   0x00000068   Code   RO         1400    i.SendChar4         rs232c.o
    0x08005ed0   0x08005ed0   0x00000044   Code   RO          840    i.Send_Ethernet_Packet  w5100s_proc.o
    0x08005f14   0x08005f14   0x00000024   Code   RO         1243    i.Send_packet       wifi.o
    0x08005f38   0x08005f38   0x00000060   Code   RO          841    i.Set_MAC_Address   w5100s_proc.o
    0x08005f98   0x08005f98   0x0000000c   Code   RO          269    i.SysTick_Handler   stm32f1xx_it.o
    0x08005fa4   0x08005fa4   0x00000086   Code   RO           26    i.SystemClock_Config  main.o
    0x0800602a   0x0800602a   0x00000002   PAD
    0x0800602c   0x0800602c   0x00000058   Code   RO          493    i.SystemInit        system_stm32f1xx.o
    0x08006084   0x08006084   0x00000144   Code   RO          732    i.Systic_Callback_Proc  mytimer.o
    0x080061c8   0x080061c8   0x0000009c   Code   RO         4320    i.TIM_Base_SetConfig  stm32f1xx_hal_tim.o
    0x08006264   0x08006264   0x00000022   Code   RO         4321    i.TIM_CCxChannelCmd  stm32f1xx_hal_tim.o
    0x08006286   0x08006286   0x00000016   Code   RO         4331    i.TIM_ETR_SetConfig  stm32f1xx_hal_tim.o
    0x0800629c   0x0800629c   0x00000012   Code   RO         4332    i.TIM_ITRx_SetConfig  stm32f1xx_hal_tim.o
    0x080062ae   0x080062ae   0x00000002   PAD
    0x080062b0   0x080062b0   0x00000070   Code   RO         4333    i.TIM_OC1_SetConfig  stm32f1xx_hal_tim.o
    0x08006320   0x08006320   0x0000007c   Code   RO         4334    i.TIM_OC2_SetConfig  stm32f1xx_hal_tim.o
    0x0800639c   0x0800639c   0x00000078   Code   RO         4335    i.TIM_OC3_SetConfig  stm32f1xx_hal_tim.o
    0x08006414   0x08006414   0x00000054   Code   RO         4336    i.TIM_OC4_SetConfig  stm32f1xx_hal_tim.o
    0x08006468   0x08006468   0x00000026   Code   RO         4338    i.TIM_TI1_ConfigInputStage  stm32f1xx_hal_tim.o
    0x0800648e   0x0800648e   0x00000028   Code   RO         4340    i.TIM_TI2_ConfigInputStage  stm32f1xx_hal_tim.o
    0x080064b6   0x080064b6   0x00000002   PAD
    0x080064b8   0x080064b8   0x000002cc   Code   RO          844    i.Tcp_Client_Proc   w5100s_proc.o
    0x08006784   0x08006784   0x000004d8   Code   RO         1245    i.Tcp_Data_Send     wifi.o
    0x08006c5c   0x08006c5c   0x00000140   Code   RO          845    i.Tcp_Proc          w5100s_proc.o
    0x08006d9c   0x08006d9c   0x000000bc   Code   RO          846    i.Tcp_Request_Packet  w5100s_proc.o
    0x08006e58   0x08006e58   0x00000168   Code   RO         1502    i.TestMode_Proc     test.o
    0x08006fc0   0x08006fc0   0x000000ec   Code   RO          733    i.Timer_Proc        mytimer.o
    0x080070ac   0x080070ac   0x00000008   Code   RO          270    i.UART4_IRQHandler  stm32f1xx_it.o
    0x080070b4   0x080070b4   0x000000fc   Code   RO         5265    i.UART_SetConfig    stm32f1xx_hal_uart.o
    0x080071b0   0x080071b0   0x00000008   Code   RO          271    i.USART1_IRQHandler  stm32f1xx_it.o
    0x080071b8   0x080071b8   0x00000188   Code   RO          786    i.USART1_IRQ_Function  rs485.o
    0x08007340   0x08007340   0x00000008   Code   RO          272    i.USART2_IRQHandler  stm32f1xx_it.o
    0x08007348   0x08007348   0x0000014c   Code   RO          582    i.USART2_IRQ_Function  debug.o
    0x08007494   0x08007494   0x00000008   Code   RO          273    i.USART3_IRQHandler  stm32f1xx_it.o
    0x0800749c   0x0800749c   0x0000014c   Code   RO         1246    i.USART3_IRQ_Function  wifi.o
    0x080075e8   0x080075e8   0x0000014c   Code   RO         1401    i.USART4_IRQ_Function  rs232c.o
    0x08007734   0x08007734   0x00000004   Code   RO          274    i.UsageFault_Handler  stm32f1xx_it.o
    0x08007738   0x08007738   0x000000c8   Code   RO          583    i.UserCommand_Proc  debug.o
    0x08007800   0x08007800   0x00000218   Code   RO          847    i.View_Packet_Data  w5100s_proc.o
    0x08007a18   0x08007a18   0x00000068   Code   RO         1118    i.W5100SInitialze   w5100srelfunctions.o
    0x08007a80   0x08007a80   0x00000028   Code   RO         1119    i.W5100SReset       w5100srelfunctions.o
    0x08007aa8   0x08007aa8   0x0000004c   Code   RO         1886    i.WIZCHIP_READ      w5100s.o
    0x08007af4   0x08007af4   0x00000080   Code   RO         1887    i.WIZCHIP_READ_BUF  w5100s.o
    0x08007b74   0x08007b74   0x0000004c   Code   RO         1888    i.WIZCHIP_WRITE     w5100s.o
    0x08007bc0   0x08007bc0   0x00000080   Code   RO         1889    i.WIZCHIP_WRITE_BUF  w5100s.o
    0x08007c40   0x08007c40   0x00000054   Code   RO         1503    i.Wifi_Test         test.o
    0x08007c94   0x08007c94   0x00000124   Code   RO         1247    i.Wifi_proc         wifi.o
    0x08007db8   0x08007db8   0x000000e4   Code   RO          848    i.Wiznet_W5100S_Init  w5100s_proc.o
    0x08007e9c   0x08007e9c   0x00000028   Code   RO         5841    i.__0sprintf        mc_w.l(printfa.o)
    0x08007ec4   0x08007ec4   0x00000024   Code   RO         5845    i.__0vsprintf       mc_w.l(printfa.o)
    0x08007ee8   0x08007ee8   0x00000010   Code   RO         3046    i.__NVIC_GetPriorityGrouping  stm32f1xx_hal_cortex.o
    0x08007ef8   0x08007ef8   0x00000028   Code   RO         3047    i.__NVIC_SetPriority  stm32f1xx_hal_cortex.o
    0x08007f20   0x08007f20   0x00000008   Code   RO         5944    i.__aeabi_errno_addr  mc_w.l(errno.o)
    0x08007f28   0x08007f28   0x0000000e   Code   RO         5972    i.__scatterload_copy  mc_w.l(handlers.o)
    0x08007f36   0x08007f36   0x00000002   Code   RO         5973    i.__scatterload_null  mc_w.l(handlers.o)
    0x08007f38   0x08007f38   0x0000000e   Code   RO         5974    i.__scatterload_zeroinit  mc_w.l(handlers.o)
    0x08007f46   0x08007f46   0x00000002   PAD
    0x08007f48   0x08007f48   0x00000184   Code   RO         5846    i._fp_digits        mc_w.l(printfa.o)
    0x080080cc   0x080080cc   0x000006b4   Code   RO         5847    i._printf_core      mc_w.l(printfa.o)
    0x08008780   0x08008780   0x00000024   Code   RO         5848    i._printf_post_padding  mc_w.l(printfa.o)
    0x080087a4   0x080087a4   0x0000002e   Code   RO         5849    i._printf_pre_padding  mc_w.l(printfa.o)
    0x080087d2   0x080087d2   0x0000000a   Code   RO         5851    i._sputc            mc_w.l(printfa.o)
    0x080087dc   0x080087dc   0x00000006   Code   RO         1121    i.busReadByte       w5100srelfunctions.o
    0x080087e2   0x080087e2   0x00000004   Code   RO         1123    i.busWriteByte      w5100srelfunctions.o
    0x080087e6   0x080087e6   0x00000002   PAD
    0x080087e8   0x080087e8   0x00000088   Code   RO         1559    i.close             socket.o
    0x08008870   0x08008870   0x00000010   Code   RO          584    i.cmd_help          debug.o
    0x08008880   0x08008880   0x00000118   Code   RO         1560    i.connect           socket.o
    0x08008998   0x08008998   0x000000e0   Code   RO         1653    i.ctlwizchip        wizchip_conf.o
    0x08008a78   0x08008a78   0x000000a0   Code   RO         1562    i.disconnect        socket.o
    0x08008b18   0x08008b18   0x00000188   Code   RO          849    i.eth_cmd_addr      w5100s_proc.o
    0x08008ca0   0x08008ca0   0x000000bc   Code   RO          850    i.eth_cmd_baud      w5100s_proc.o
    0x08008d5c   0x08008d5c   0x00000038   Code   RO          851    i.eth_cmd_ccnt      w5100s_proc.o
    0x08008d94   0x08008d94   0x00000184   Code   RO          852    i.eth_cmd_enable    w5100s_proc.o
    0x08008f18   0x08008f18   0x0000018c   Code   RO          853    i.eth_cmd_fcode     w5100s_proc.o
    0x080090a4   0x080090a4   0x00000010   Code   RO          854    i.eth_cmd_help      w5100s_proc.o
    0x080090b4   0x080090b4   0x00000080   Code   RO          855    i.eth_cmd_id        w5100s_proc.o
    0x08009134   0x08009134   0x00000160   Code   RO          856    i.eth_cmd_info      w5100s_proc.o
    0x08009294   0x08009294   0x00000190   Code   RO          857    i.eth_cmd_length    w5100s_proc.o
    0x08009424   0x08009424   0x0000003c   Code   RO          858    i.eth_cmd_mdi       w5100s_proc.o
    0x08009460   0x08009460   0x00000034   Code   RO          859    i.eth_cmd_mrs       w5100s_proc.o
    0x08009494   0x08009494   0x00000028   Code   RO          860    i.eth_cmd_reset     w5100s_proc.o
    0x080094bc   0x080094bc   0x000000c4   Code   RO          861    i.eth_cmd_rtubaud   w5100s_proc.o
    0x08009580   0x08009580   0x000000ec   Code   RO          862    i.eth_cmd_rtuid     w5100s_proc.o
    0x0800966c   0x0800966c   0x000000a0   Code   RO          863    i.eth_cmd_rtuinfo   w5100s_proc.o
    0x0800970c   0x0800970c   0x000000e8   Code   RO          864    i.eth_cmd_rtutcp    w5100s_proc.o
    0x080097f4   0x080097f4   0x000000c8   Code   RO          865    i.eth_cmd_selnum    w5100s_proc.o
    0x080098bc   0x080098bc   0x00000174   Code   RO          866    i.eth_cmd_sip       w5100s_proc.o
    0x08009a30   0x08009a30   0x000000b8   Code   RO          867    i.eth_cmd_sport     w5100s_proc.o
    0x08009ae8   0x08009ae8   0x00000098   Code   RO          868    i.eth_cmd_spwd      w5100s_proc.o
    0x08009b80   0x08009b80   0x00000098   Code   RO          869    i.eth_cmd_ssid      w5100s_proc.o
    0x08009c18   0x08009c18   0x000000a0   Code   RO          870    i.eth_cmd_tcpinfo   w5100s_proc.o
    0x08009cb8   0x08009cb8   0x0000023c   Code   RO          871    i.eth_cmd_tcpsip    w5100s_proc.o
    0x08009ef4   0x08009ef4   0x00000204   Code   RO          872    i.eth_cmd_wifimac   w5100s_proc.o
    0x0800a0f8   0x0800a0f8   0x0000004c   Code   RO         1890    i.getSn_RX_RSR      w5100s.o
    0x0800a144   0x0800a144   0x00000034   Code   RO         1891    i.getSn_RxBASE      w5100s.o
    0x0800a178   0x0800a178   0x0000004c   Code   RO         1892    i.getSn_TX_FSR      w5100s.o
    0x0800a1c4   0x0800a1c4   0x00000034   Code   RO         1893    i.getSn_TxBASE      w5100s.o
    0x0800a1f8   0x0800a1f8   0x00000042   Code   RO          587    i.get_entry         debug.o
    0x0800a23a   0x0800a23a   0x00000002   PAD
    0x0800a23c   0x0800a23c   0x0000004c   Code   RO         1464    i.init_crc16_tab    modbus.o
    0x0800a288   0x0800a288   0x00000082   Code   RO         1564    i.listen            socket.o
    0x0800a30a   0x0800a30a   0x00000002   PAD
    0x0800a30c   0x0800a30c   0x00000180   Code   RO           27    i.main              main.o
    0x0800a48c   0x0800a48c   0x0000004c   Code   RO          588    i.mprintf           debug.o
    0x0800a4d8   0x0800a4d8   0x0000004c   Code   RO         1248    i.mprintf3          wifi.o
    0x0800a524   0x0800a524   0x00000118   Code   RO          873    i.print_network_information  w5100s_proc.o
    0x0800a63c   0x0800a63c   0x00000118   Code   RO         1565    i.recv              socket.o
    0x0800a754   0x0800a754   0x00000034   Code   RO         1654    i.reg_wizchip_bus_cbfunc  wizchip_conf.o
    0x0800a788   0x0800a788   0x0000015c   Code   RO         1567    i.send              socket.o
    0x0800a8e4   0x0800a8e4   0x00000158   Code   RO         1570    i.socket            socket.o
    0x0800aa3c   0x0800aa3c   0x00000030   Code   RO         1465    i.update_crc_16     modbus.o
    0x0800aa6c   0x0800aa6c   0x00000034   Code   RO         1895    i.wiz_mdio_read     w5100s.o
    0x0800aaa0   0x0800aaa0   0x00000034   Code   RO         1896    i.wiz_mdio_write    w5100s.o
    0x0800aad4   0x0800aad4   0x000000e0   Code   RO         1897    i.wiz_recv_data     w5100s.o
    0x0800abb4   0x0800abb4   0x000000e0   Code   RO         1899    i.wiz_send_data     w5100s.o
    0x0800ac94   0x0800ac94   0x00000006   Code   RO         1659    i.wizchip_bus_readdata  wizchip_conf.o
    0x0800ac9a   0x0800ac9a   0x00000004   Code   RO         1660    i.wizchip_bus_writedata  wizchip_conf.o
    0x0800ac9e   0x0800ac9e   0x0000001e   Code   RO         1661    i.wizchip_clrinterrupt  wizchip_conf.o
    0x0800acbc   0x0800acbc   0x00000002   Code   RO         1662    i.wizchip_cris_enter  wizchip_conf.o
    0x0800acbe   0x0800acbe   0x00000002   Code   RO         1663    i.wizchip_cris_exit  wizchip_conf.o
    0x0800acc0   0x0800acc0   0x00000002   Code   RO         1664    i.wizchip_cs_deselect  wizchip_conf.o
    0x0800acc2   0x0800acc2   0x00000002   Code   RO         1665    i.wizchip_cs_select  wizchip_conf.o
    0x0800acc4   0x0800acc4   0x00000024   Code   RO         1666    i.wizchip_getinterrupt  wizchip_conf.o
    0x0800ace8   0x0800ace8   0x00000022   Code   RO         1667    i.wizchip_getinterruptmask  wizchip_conf.o
    0x0800ad0a   0x0800ad0a   0x00000002   PAD
    0x0800ad0c   0x0800ad0c   0x00000054   Code   RO         1668    i.wizchip_getnetinfo  wizchip_conf.o
    0x0800ad60   0x0800ad60   0x000000ea   Code   RO         1671    i.wizchip_init      wizchip_conf.o
    0x0800ae4a   0x0800ae4a   0x0000001c   Code   RO         1672    i.wizchip_setinterruptmask  wizchip_conf.o
    0x0800ae66   0x0800ae66   0x00000002   PAD
    0x0800ae68   0x0800ae68   0x00000054   Code   RO         1673    i.wizchip_setnetinfo  wizchip_conf.o
    0x0800aebc   0x0800aebc   0x0000007c   Code   RO         1680    i.wizchip_sw_reset  wizchip_conf.o
    0x0800af38   0x0800af38   0x00000044   Code   RO         1681    i.wizphy_getphyconf  wizchip_conf.o
    0x0800af7c   0x0800af7c   0x00000016   Code   RO         1682    i.wizphy_getphylink  wizchip_conf.o
    0x0800af92   0x0800af92   0x00000006   Code   RO         1683    i.wizphy_getphypmode  wizchip_conf.o
    0x0800af98   0x0800af98   0x00000028   Code   RO         1684    i.wizphy_reset      wizchip_conf.o
    0x0800afc0   0x0800afc0   0x00000046   Code   RO         1685    i.wizphy_setphyconf  wizchip_conf.o
    0x0800b006   0x0800b006   0x0000004e   Code   RO         1686    i.wizphy_setphypmode  wizchip_conf.o
    0x0800b054   0x0800b054   0x00000018   Data   RO          494    .constdata          system_stm32f1xx.o
    0x0800b06c   0x0800b06c   0x00000074   Data   RO          533    .constdata          buzzer.o
    0x0800b0e0   0x0800b0e0   0x00000188   Data   RO          590    .constdata          debug.o
    0x0800b268   0x0800b268   0x00000a10   Data   RO          875    .constdata          w5100s_proc.o
    0x0800bc78   0x0800bc78   0x00000008   Data   RO         1124    .constdata          w5100srelfunctions.o
    0x0800bc80   0x0800bc80   0x0000001d   Data   RO         1200    .constdata          segment.o
    0x0800bc9d   0x0800bc9d   0x00000081   Data   RO         5917    .constdata          mc_w.l(ctype_o.o)
    0x0800bd1e   0x0800bd1e   0x00000002   PAD
    0x0800bd20   0x0800bd20   0x00000004   Data   RO         5918    .constdata          mc_w.l(ctype_o.o)
    0x0800bd24   0x0800bd24   0x00000044   Data   RO          876    .conststring        w5100s_proc.o
    0x0800bd68   0x0800bd68   0x00000020   Data   RO         5970    Region$$Table       anon$$obj.o


    Execution Region RW_IRAM1 (Exec base: 0x20000000, Load base: 0x0800bd88, Size: 0x00007940, Max: 0x0000c000, ABSOLUTE, COMPRESSED[0x00000058])

    Exec Addr    Load Addr    Size         Type   Attr      Idx    E Section Name        Object

    0x20000000   COMPRESSED   0x00000008   Data   RW           29    .data               main.o
    0x20000008   COMPRESSED   0x00000008   Data   RW          393    .data               stm32f1xx_hal_msp.o
    0x20000010   COMPRESSED   0x00000004   Data   RW          495    .data               system_stm32f1xx.o
    0x20000014   COMPRESSED   0x00000012   Data   RW          534    .data               buzzer.o
    0x20000026   COMPRESSED   0x0000000d   Data   RW          591    .data               debug.o
    0x20000033   COMPRESSED   0x00000001   PAD
    0x20000034   COMPRESSED   0x00000010   Data   RW          695    .data               flashrom.o
    0x20000044   COMPRESSED   0x00000024   Data   RW          735    .data               mytimer.o
    0x20000068   COMPRESSED   0x0000000e   Data   RW          789    .data               rs485.o
    0x20000076   COMPRESSED   0x0000002b   Data   RW          877    .data               w5100s_proc.o
    0x200000a1   COMPRESSED   0x00000005   Data   RW         1201    .data               segment.o
    0x200000a6   COMPRESSED   0x00000002   PAD
    0x200000a8   COMPRESSED   0x00000020   Data   RW         1250    .data               wifi.o
    0x200000c8   COMPRESSED   0x0000000c   Data   RW         1339    .data               repeater.o
    0x200000d4   COMPRESSED   0x00000010   Data   RW         1404    .data               rs232c.o
    0x200000e4   COMPRESSED   0x00000001   Data   RW         1467    .data               modbus.o
    0x200000e5   COMPRESSED   0x00000003   PAD
    0x200000e8   COMPRESSED   0x0000000c   Data   RW         1504    .data               test.o
    0x200000f4   COMPRESSED   0x00000012   Data   RW         1571    .data               socket.o
    0x20000106   COMPRESSED   0x00000002   PAD
    0x20000108   COMPRESSED   0x00000031   Data   RW         1687    .data               wizchip_conf.o
    0x20000139   COMPRESSED   0x00000003   PAD
    0x2000013c   COMPRESSED   0x00000009   Data   RW         2578    .data               stm32f1xx_hal.o
    0x20000145   COMPRESSED   0x00000003   PAD
    0x20000148   COMPRESSED   0x00000004   Data   RW         3763    .data               stm32f1xx_hal_nor.o
    0x2000014c   COMPRESSED   0x00000004   Data   RW         5599    .data               mc_w.l(strtok.o)
    0x20000150   COMPRESSED   0x00000004   Data   RW         5947    .data               mc_w.l(errno.o)
    0x20000154        -       0x00000288   Zero   RW           28    .bss                main.o
    0x200003dc        -       0x00000620   Zero   RW          589    .bss                debug.o
    0x200009fc        -       0x00000328   Zero   RW          694    .bss                flashrom.o
    0x20000d24        -       0x0000000c   Zero   RW          734    .bss                mytimer.o
    0x20000d30        -       0x00002a48   Zero   RW          788    .bss                rs485.o
    0x20003778        -       0x00002a40   Zero   RW          874    .bss                w5100s_proc.o
    0x200061b8        -       0x00000a64   Zero   RW         1249    .bss                wifi.o
    0x20006c1c        -       0x00000300   Zero   RW         1403    .bss                rs232c.o
    0x20006f1c        -       0x00000200   Zero   RW         1466    .bss                modbus.o
    0x2000711c   COMPRESSED   0x00000004   PAD
    0x20007120        -       0x00000020   Zero   RW         3292    .bss                stm32f1xx_hal_flash.o
    0x20007140        -       0x00000800   Zero   RW            1    STACK               startup_stm32f103xe.o


==============================================================================

Image component sizes


      Code (inc. data)   RO Data    RW Data    ZI Data      Debug   Object Name

       632        114        116         18          0       3581   buzzer.o
      1058        156        392         13       1568       9479   debug.o
       944        178          0         16        808       2272   flashrom.o
      1972        230          0          8        648     546611   main.o
       124         18          0          1        512       1660   modbus.o
       804        144          0         36         12       4187   mytimer.o
       152         24          0         12          0       2891   repeater.o
      1248        140          0         16        768       5531   rs232c.o
       636         96          0         14      10824       3290   rs485.o
       492         32         29          5          0       1694   segment.o
      1678         74          0         18          0       6044   socket.o
        36          8        304          0       2048        776   startup_stm32f103xe.o
       192         36          0          9          0       6269   stm32f1xx_hal.o
      1754         58          0          0          0       9829   stm32f1xx_hal_adc.o
       282          4          0          0          0       1947   stm32f1xx_hal_adc_ex.o
       304         22          0          0          0      29219   stm32f1xx_hal_cortex.o
        72          0          0          0          0       1692   stm32f1xx_hal_crc.o
      1260         18          0          0          0       3639   stm32f1xx_hal_dma.o
       520         48          0          0         32       3974   stm32f1xx_hal_flash.o
       256         26          0          0          0       2443   stm32f1xx_hal_flash_ex.o
       908         44          0          0          0       4387   stm32f1xx_hal_gpio.o
       108          0          0          0          0       1743   stm32f1xx_hal_iwdg.o
      1230        122          0          8          0       6082   stm32f1xx_hal_msp.o
       404          6          0          4          0       4294   stm32f1xx_hal_nor.o
      1784        110          0          0          0       5792   stm32f1xx_hal_rcc.o
       612         46          0          0          0       2345   stm32f1xx_hal_rcc_ex.o
       190          0          0          0          0       1071   stm32f1xx_hal_spi.o
      1882         88          0          0          0      12037   stm32f1xx_hal_tim.o
       156         22          0          0          0       1256   stm32f1xx_hal_tim_ex.o
       366          4          0          0          0       1644   stm32f1xx_hal_uart.o
       110         12          0          0          0       6571   stm32f1xx_it.o
       254         10          0          0          0       3707   stm32f1xx_ll_fsmc.o
        88         18         24          4          0       1079   system_stm32f1xx.o
      1168        160          0         12          0       3648   test.o
      1216         32          0          0          0       7443   w5100s.o
      9448       2996       2644         43      10816      28491   w5100s_proc.o
       154         56          8          0          0       1945   w5100srelfunctions.o
      4548        842          0         32       2660       9240   wifi.o
      1232         50          0         49          0      15175   wizchip_conf.o

    ----------------------------------------------------------------------
     40320       6044       3549        332      30700     764978   Object Totals
         0          0         32          0          0          0   (incl. Generated)
        46          0          0         14          4          0   (incl. Padding)

    ----------------------------------------------------------------------

      Code (inc. data)   RO Data    RW Data    ZI Data      Debug   Library Member Name

        86          0          0          0          0          0   __dczerorl2.o
        28          0          0          0          0         68   _chval.o
       158          0          0          0          0         92   _strtoul.o
        26          0          0          0          0         80   atoi.o
         8          4        133          0          0         68   ctype_o.o
         0          0          0          0          0          0   entry.o
         0          0          0          0          0          0   entry10a.o
         0          0          0          0          0          0   entry11a.o
         4          0          0          0          0          0   entry12b.o
         8          4          0          0          0          0   entry2.o
         4          0          0          0          0          0   entry5.o
         0          0          0          0          0          0   entry7b.o
         0          0          0          0          0          0   entry8b.o
         8          4          0          0          0          0   entry9a.o
         8          4          0          4          0         68   errno.o
        30          0          0          0          0          0   handlers.o
        36          8          0          0          0         68   init.o
         0          0          0          0          0          0   iusefp.o
        30          0          0          0          0         68   llshl.o
        36          0          0          0          0         68   llsshr.o
        32          0          0          0          0         68   llushr.o
        36          0          0          0          0         68   memcpya.o
        36          0          0          0          0        108   memseta.o
      2272         92          0          0          0        612   printfa.o
        28          0          0          0          0         76   strcmp.o
        18          0          0          0          0         68   strcpy.o
        14          0          0          0          0         68   strlen.o
        30          0          0          0          0         80   strncmp.o
        24          0          0          0          0         76   strncpy.o
        36          0          0          0          0         80   strstr.o
        68          6          0          4          0         80   strtok.o
       112          0          0          0          0         88   strtol.o
       114          0          0          0          0         92   strtoul.o
        12          0          0          0          0         68   toupper.o
        44          0          0          0          0         80   uidiv.o
        98          0          0          0          0         92   uldiv.o
        48          0          0          0          0         68   cdrcmple.o
       334          0          0          0          0        148   dadd.o
       222          0          0          0          0        100   ddiv.o
       186          0          0          0          0        176   depilogue.o
        48          0          0          0          0         68   dfixul.o
       228          0          0          0          0         96   dmul.o

    ----------------------------------------------------------------------
      4516        122        135          8          0       3040   Library Totals
         6          0          2          0          0          0   (incl. Padding)

    ----------------------------------------------------------------------

      Code (inc. data)   RO Data    RW Data    ZI Data      Debug   Library Name

      3444        122        133          8          0       2384   mc_w.l
      1066          0          0          0          0        656   mf_w.l

    ----------------------------------------------------------------------
      4516        122        135          8          0       3040   Library Totals

    ----------------------------------------------------------------------

==============================================================================


      Code (inc. data)   RO Data    RW Data    ZI Data      Debug   

     44836       6166       3684        340      30700     753378   Grand Totals
     44836       6166       3684         88      30700     753378   ELF Image Totals (compressed)
     44836       6166       3684         88          0          0   ROM Totals

==============================================================================

    Total RO  Size (Code + RO Data)                48520 (  47.38kB)
    Total RW  Size (RW Data + ZI Data)             31040 (  30.31kB)
    Total ROM Size (Code + RO Data + RW Data)      48608 (  47.47kB)

==============================================================================

